******************************************************************************
                  TI ARM Linker Unix v20.2.7                   
******************************************************************************
>> Linked Thu Aug 22 11:43:15 2024

OUTPUT FILE NAME:   <SUPR_HydroSensor.out>
ENTRY POINT SYMBOL: "_c_int00_noargs"  address: 0000396d


MEMORY CONFIGURATION

         name            origin    length      used     unused   attr    fill
----------------------  --------  ---------  --------  --------  ----  --------
  FLASH                 00000000   00040000  00004000  0003c000  R  X
  SRAM                  20000000   00008000  00000690  00007970  RW X


SEGMENT ALLOCATION MAP

run origin  load origin   length   init length attrs members
----------  ----------- ---------- ----------- ----- -------
00000000    00000000    00004000   00004000    r-x
  00000000    00000000    0000026c   0000026c    r-- .intvecs
  0000026c    0000026c    00003aec   00003aec    r-x .text
  00003d58    00003d58    00000218   00000218    r-- .const
  00003f70    00003f70    00000090   00000090    r-- .cinit
20000000    20000000    00000690   00000000    rw-
  20000000    20000000    000001f8   00000000    rw- .data
  200001f8    200001f8    000001c8   00000000    rw- .bss
  200003c0    200003c0    00000190   00000000    rw- .stack
  20000550    20000550    00000140   00000000    rw- .sysmem


SECTION ALLOCATION MAP

 output                                  attributes/
section   page    origin      length       input sections
--------  ----  ----------  ----------   ----------------
.intvecs   0    00000000    0000026c     
                  00000000    0000026c     startup_ccs.obj (.intvecs)

.text      0    0000026c    00003aec     
                  0000026c    00000a4e     rtsv7M4_T_le_v4SPD16_eabi.lib : _printfi.c.obj (.text:__TI_printfi)
                  00000cba    00000002     startup_ccs.obj (.text:FaultISR)
                  00000cbc    00000270     rtsv7M4_T_le_v4SPD16_eabi.lib : _printfi.c.obj (.text:_pconv_a)
                  00000f2c    000001ee     uartstdio.obj (.text:UARTvprintf)
                  0000111a    00000002     startup_ccs.obj (.text:IntDefaultHandler)
                  0000111c    000001d0     rtsv7M4_T_le_v4SPD16_eabi.lib : _printfi.c.obj (.text:_pconv_g)
                  000012ec    000001b6                                   : fd_add_t2.asm.obj (.text)
                  000014a2    00000002     startup_ccs.obj (.text:NmiSR)
                  000014a4    000001b0     adc_functions.obj (.text:startADC1)
                  00001654    00000140     adc_functions.obj (.text:configureADC1)
                  00001794    0000013c     rtsv7M4_T_le_v4SPD16_eabi.lib : _printfi.c.obj (.text:_pconv_e)
                  000018d0    00000136                                   : fd_div_t2.asm.obj (.text)
                  00001a06    00000132     driverlib.lib : gpio.obj (.text:GPIOPadConfigSet)
                  00001b38    00000124     rtsv7M4_T_le_v4SPD16_eabi.lib : _printfi.c.obj (.text:fcvt)
                  00001c5c    00000114                                   : fputs.c.obj (.text:fputs)
                  00001d70    00000110     driverlib.lib : sysctl.obj (.text:SysCtlClockGet)
                  00001e80    00000110     rtsv7M4_T_le_v4SPD16_eabi.lib : fopen.c.obj (.text:_openfile)
                  00001f90    00000110                                   : s_scalbn.c.obj (.text:scalbn)
                  000020a0    00000100                                   : memory.c.obj (.text:aligned_alloc)
                  000021a0    000000fc                                   : fd_mul_t2.asm.obj (.text)
                  0000229c    000000f4     driverlib.lib : sysctl.obj (.text:SysCtlClockSet)
                  00002390    000000e4     rtsv7M4_T_le_v4SPD16_eabi.lib : memory.c.obj (.text:free)
                  00002474    000000dc                                   : setvbuf.c.obj (.text:setvbuf)
                  00002550    000000bc                                   : open.c.obj (.text:open)
                  0000260c    000000b1                                   : _printfi.c.obj (.text:_ltostr)
                  000026bd    00000001     --HOLE-- [fill = 0]
                  000026be    00000002                                   : _lock.c.obj (.text:_nop)
                  000026c0    0000009c                                   : fopen.c.obj (.text:fopen)
                  0000275c    0000009c                                   : memcpy_t2.asm.obj (.text)
                  000027f8    00000098     uartstdio.obj (.text:UARTgets)
                  00002890    00000096     rtsv7M4_T_le_v4SPD16_eabi.lib : ull_div_t2.asm.obj (.text)
                  00002926    00000002                                   : div0.asm.obj (.text)
                  00002928    0000008c                                   : fputc.c.obj (.text:fputc)
                  000029b4    00000086                                   : fd_cmp_t2.asm.obj (.text:__aeabi_cdcmple)
                  00002a3a    00000086                                   : fd_cmp_t2.asm.obj (.text:__aeabi_cdrcmple)
                  00002ac0    0000007c                                   : fflush.c.obj (.text:fflush)
                  00002b3c    0000007a     driverlib.lib : adc.obj (.text:ADCSequenceStepConfigure)
                  00002bb6    0000007a     rtsv7M4_T_le_v4SPD16_eabi.lib : memset_t2.asm.obj (.text)
                  00002c30    00000074                                   : fclose.c.obj (.text:__TI_closefile)
                  00002ca4    00000070     uart_functions.obj (.text:configureUART)
                  00002d14    00000070     rtsv7M4_T_le_v4SPD16_eabi.lib : memory.c.obj (.text:split)
                  00002d84    0000006e                                   : _printfi.c.obj (.text:_mcpy)
                  00002df2    00000002     --HOLE-- [fill = 0]
                  00002df4    0000006c                                   : hostrename.c.obj (.text:HOSTrename)
                  00002e60    00000068                                   : hostlseek.c.obj (.text:HOSTlseek)
                  00002ec8    00000068                                   : copy_decompress_lzss.c.obj (.text:decompress:lzss:__TI_decompress_lzss)
                  00002f30    00000064                                   : fprintf.c.obj (.text:fprintf)
                  00002f94    00000064                                   : s_frexp.c.obj (.text:frexp)
                  00002ff8    00000064                                   : fseek.c.obj (.text:fseek)
                  0000305c    00000062                                   : _io_perm.c.obj (.text:__TI_wrt_ok)
                  000030be    00000002     --HOLE-- [fill = 0]
                  000030c0    00000060                                   : hostopen.c.obj (.text:HOSTopen)
                  00003120    00000060     driverlib.lib : timer.obj (.text:TimerConfigure)
                  00003180    00000060     uartstdio.obj (.text:UARTStdioConfig)
                  000031e0    0000005c     rtsv7M4_T_le_v4SPD16_eabi.lib : close.c.obj (.text:close)
                  0000323c    00000058                                   : hostread.c.obj (.text:HOSTread)
                  00003294    00000058                                   : hostwrite.c.obj (.text:HOSTwrite)
                  000032ec    00000058     driverlib.lib : timer.obj (.text:TimerControlTrigger)
                  00003344    00000056     rtsv7M4_T_le_v4SPD16_eabi.lib : _printfi.c.obj (.text:_pconv_f)
                  0000339a    00000054                                   : _ltoa.c.obj (.text:__TI_ltoa)
                  000033ee    00000052                                   : _printfi.c.obj (.text:_ecpy)
                  00003440    00000050     driverlib.lib : adc.obj (.text:ADCSequenceConfigure)
                  00003490    0000004c     rtsv7M4_T_le_v4SPD16_eabi.lib : fflush.c.obj (.text:__TI_doflush)
                  000034dc    0000004c                                   : atoi.c.obj (.text:atoi)
                  00003528    00000048     driverlib.lib : gpio.obj (.text:GPIOPinConfigure)
                  00003570    00000048     rtsv7M4_T_le_v4SPD16_eabi.lib : hostclock.c.obj (.text:HOSTclock)
                  000035b8    00000048     uartstdio.obj (.text:UARTwrite)
                  00003600    00000048     rtsv7M4_T_le_v4SPD16_eabi.lib : exit.c.obj (.text:exit)
                  00003648    00000048                                   : fd_toi_t2.asm.obj (.text)
                  00003690    00000044                                   : hostclose.c.obj (.text:HOSTclose)
                  000036d4    00000044                                   : hostunlink.c.obj (.text:HOSTunlink)
                  00003718    00000044                                   : autoinit.c.obj (.text:__TI_auto_init_nobinit_nopinit:__TI_auto_init_nobinit_nopinit)
                  0000375c    00000044                                   : getdevice.c.obj (.text:getdevice)
                  000037a0    00000040                                   : u_divt2.asm.obj (.text)
                  000037e0    0000003e                                   : _printfi.c.obj (.text:_fcpy)
                  0000381e    00000002     --HOLE-- [fill = 0]
                  00003820    0000003e     uart_functions.obj (.text:getUserInput)
                  0000385e    00000002     --HOLE-- [fill = 0]
                  00003860    00000038     rtsv7M4_T_le_v4SPD16_eabi.lib : trgmsg.c.obj (.text:__TI_writemsg)
                  00003898    00000036                                   : strncpy.c.obj (.text:strncpy)
                  000038ce    00000002     --HOLE-- [fill = 0]
                  000038d0    00000034     driverlib.lib : sysctl.obj (.text:SysCtlPeripheralEnable)
                  00003904    00000034     rtsv7M4_T_le_v4SPD16_eabi.lib : fopen.c.obj (.text:__TI_cleanup)
                  00003938    00000034                                   : trgmsg.c.obj (.text:__TI_readmsg)
                  0000396c    00000034                                   : boot_cortex_m.c.obj (.text:_c_int00_noargs:_c_int00_noargs)
                  000039a0    00000030                                   : getdevice.c.obj (.text:finddevice)
                  000039d0    0000002e     driverlib.lib : adc.obj (.text:ADCIntStatus)
                  000039fe    0000002e     rtsv7M4_T_le_v4SPD16_eabi.lib : i_tofd_t2.asm.obj (.text)
                  00003a2c    0000002c                                   : fclose.c.obj (.text:fclose)
                  00003a58    0000002c                                   : unlink.c.obj (.text:unlink)
                  00003a84    0000002a     driverlib.lib : gpio.obj (.text:GPIODirModeSet)
                  00003aae    00000002     --HOLE-- [fill = 0]
                  00003ab0    00000028     rtsv7M4_T_le_v4SPD16_eabi.lib : memory.c.obj (.text:free_list_insert)
                  00003ad8    00000028                                   : lseek.c.obj (.text:lseek)
                  00003b00    00000028                                   : write.c.obj (.text:write)
                  00003b28    00000020                                   : memchr.c.obj (.text:memchr)
                  00003b48    0000001e     driverlib.lib : adc.obj (.text:ADCSequenceDataGet)
                  00003b66    0000001c     rtsv7M4_T_le_v4SPD16_eabi.lib : copy_zero_init.c.obj (.text:decompress:ZI:__TI_zero_init_nomemset:__TI_zero_init_nomemset)
                  00003b82    00000002     --HOLE-- [fill = 0]
                  00003b84    0000001c                                   : memory.c.obj (.text:free_list_remove)
                  00003ba0    0000001c                                   : memccpy.c.obj (.text:memccpy)
                  00003bbc    0000001a     uartstdio.obj (.text:UARTprintf)
                  00003bd6    0000001a     rtsv7M4_T_le_v4SPD16_eabi.lib : s_copysign.c.obj (.text:copysign)
                  00003bf0    00000018     driverlib.lib : adc.obj (.text:ADCProcessorTrigger)
                  00003c08    00000018                   : gpio.obj (.text:GPIOPinTypeGPIOOutput)
                  00003c20    00000018     rtsv7M4_T_le_v4SPD16_eabi.lib : strcmp.c.obj (.text:strcmp)
                  00003c38    00000016                                   : strchr.c.obj (.text:strchr)
                  00003c4e    00000014                                   : strcpy.c.obj (.text:strcpy)
                  00003c62    00000014                                   : strlen.c.obj (.text:strlen)
                  00003c76    00000012     driverlib.lib : gpio.obj (.text:GPIOPinTypeADC)
                  00003c88    00000012                   : gpio.obj (.text:GPIOPinTypeUART)
                  00003c9a    00000012                   : timer.obj (.text:TimerLoadSet)
                  00003cac    00000012     main.obj (.text:main)
                  00003cbe    00000012     rtsv7M4_T_le_v4SPD16_eabi.lib : wcslen.c.obj (.text:wcslen)
                  00003cd0    00000010     driverlib.lib : interrupt.obj (.text:IntMasterEnable)
                  00003ce0    0000000e                   : adc.obj (.text:ADCSequenceEnable)
                  00003cee    0000000e                   : timer.obj (.text:TimerEnable)
                  00003cfc    0000000e     rtsv7M4_T_le_v4SPD16_eabi.lib : copy_decompress_none.c.obj (.text:decompress:none:__TI_decompress_none)
                  00003d0a    0000000c     driverlib.lib : cpu.obj (.text:CPUcpsie)
                  00003d16    0000000a                   : adc.obj (.text:ADCIntClear)
                  00003d20    00000008     rtsv7M4_T_le_v4SPD16_eabi.lib : errno.c.obj (.text:__aeabi_errno_addr)
                  00003d28    00000008                                   : memory.c.obj (.text:malloc)
                  00003d30    00000006     driverlib.lib : gpio.obj (.text:GPIOPinWrite)
                  00003d36    00000006     startup_ccs.obj (.text:ResetISR)
                  00003d3c    00000006     driverlib.lib : sysctl.obj (.text:SysCtlDelay)
                  00003d42    00000006                   : uart.obj (.text:UARTClockSourceSet)
                  00003d48    00000004     rtsv7M4_T_le_v4SPD16_eabi.lib : fprintf.c.obj (.text:_outc)
                  00003d4c    00000004                                   : fprintf.c.obj (.text:_outs)
                  00003d50    00000004                                   : pre_init.c.obj (.text:_system_pre_init)
                  00003d54    00000004                                   : exit.c.obj (.text:abort:abort)

.const     0    00003d58    00000218     
                  00003d58    00000101     rtsv7M4_T_le_v4SPD16_eabi.lib : ctype.c.obj (.const:.string:_ctypes_)
                  00003e59    00000003     --HOLE-- [fill = 0]
                  00003e5c    00000090     driverlib.lib : gpio.obj (.const:g_pui32GPIOBaseAddrs)
                  00003eec    0000006c                   : sysctl.obj (.const:g_pui32Xtals)
                  00003f58    0000000c     uartstdio.obj (.const:g_ui32UARTBase)
                  00003f64    0000000c     uartstdio.obj (.const:g_ui32UARTPeriph)

.cinit     0    00003f70    00000090     
                  00003f70    00000068     (.cinit..data.load) [load image, compression = lzss]
                  00003fd8    0000000c     (__TI_handler_table)
                  00003fe4    00000004     --HOLE-- [fill = 0]
                  00003fe8    00000008     (.cinit..bss.load) [load image, compression = zero_init]
                  00003ff0    00000010     (__TI_cinit_table)

.init_array 
*          0    00000000    00000000     UNINITIALIZED

.data      0    20000000    000001f8     UNINITIALIZED
                  20000000    000000f0     rtsv7M4_T_le_v4SPD16_eabi.lib : defs.c.obj (.data:_ftable)
                  200000f0    00000078                                   : host_device.c.obj (.data:_device)
                  20000168    00000050                                   : host_device.c.obj (.data:_stream)
                  200001b8    00000010                                   : defs.c.obj (.data)
                  200001c8    0000000c                                   : exit.c.obj (.data:$O1$$)
                  200001d4    00000008                                   : _lock.c.obj (.data:$O1$$)
                  200001dc    00000008                                   : memory.c.obj (.data:$O1$$)
                  200001e4    00000005     uartstdio.obj (.data)
                  200001e9    00000003     --HOLE--
                  200001ec    00000004     rtsv7M4_T_le_v4SPD16_eabi.lib : errno.c.obj (.data)
                  200001f0    00000004                                   : fopen.c.obj (.data)
                  200001f4    00000004                                   : open.c.obj (.data)

.bss       0    200001f8    000001c8     UNINITIALIZED
                  200001f8    00000120     rtsv7M4_T_le_v4SPD16_eabi.lib : trgmsg.c.obj (.bss:_CIOBUF_)
                  20000318    000000a0     (.common:__TI_tmpnams)
                  200003b8    00000008     (.common:parmbuf)

.stack     0    200003c0    00000190     UNINITIALIZED
                  200003c0    00000004     rtsv7M4_T_le_v4SPD16_eabi.lib : boot_cortex_m.c.obj (.stack)
                  200003c4    0000018c     --HOLE--

.sysmem    0    20000550    00000140     UNINITIALIZED
                  20000550    00000010     rtsv7M4_T_le_v4SPD16_eabi.lib : memory.c.obj (.sysmem)
                  20000560    00000130     --HOLE--

__llvm_prf_cnts 
*          0    20000000    00000000     UNINITIALIZED

MODULE SUMMARY

       Module                       code    ro data   rw data
       ------                       ----    -------   -------
    ./
       uartstdio.obj                840     24        5      
       adc_functions.obj            752     0         0      
       startup_ccs.obj              12      620       0      
       uart_functions.obj           174     0         0      
       main.obj                     18      0         0      
    +--+----------------------------+-------+---------+---------+
       Total:                       1796    644       5      
                                                             
    /Applications/ti/ccs1240/ccs/tools/compiler/ti-cgt-arm_20.2.7.LTS/lib/rtsv7M4_T_le_v4SPD16_eabi.lib
       _printfi.c.obj               4851    0         0      
       memory.c.obj                 672     0         8      
       fopen.c.obj                  480     0         4      
       fd_add_t2.asm.obj            438     0         0      
       defs.c.obj                   0       0         416    
       trgmsg.c.obj                 108     0         288    
       fd_div_t2.asm.obj            310     0         0      
       fputs.c.obj                  276     0         0      
       s_scalbn.c.obj               272     0         0      
       fd_cmp_t2.asm.obj            268     0         0      
       ctype.c.obj                  0       257       0      
       fd_mul_t2.asm.obj            252     0         0      
       setvbuf.c.obj                220     0         0      
       fflush.c.obj                 200     0         0      
       host_device.c.obj            0       0         200    
       open.c.obj                   188     0         4      
       fclose.c.obj                 160     0         0      
       memcpy_t2.asm.obj            156     0         0      
       ull_div_t2.asm.obj           150     0         0      
       fputc.c.obj                  140     0         0      
       memset_t2.asm.obj            122     0         0      
       getdevice.c.obj              116     0         0      
       fprintf.c.obj                108     0         0      
       hostrename.c.obj             108     0         0      
       copy_decompress_lzss.c.obj   104     0         0      
       hostlseek.c.obj              104     0         0      
       hostopen.c.obj               96      0         8      
       fseek.c.obj                  100     0         0      
       s_frexp.c.obj                100     0         0      
       _io_perm.c.obj               98      0         0      
       close.c.obj                  92      0         0      
       exit.c.obj                   76      0         12     
       hostread.c.obj               88      0         0      
       hostwrite.c.obj              88      0         0      
       _ltoa.c.obj                  84      0         0      
       atoi.c.obj                   76      0         0      
       fd_toi_t2.asm.obj            72      0         0      
       hostclock.c.obj              72      0         0      
       autoinit.c.obj               68      0         0      
       hostclose.c.obj              68      0         0      
       hostunlink.c.obj             68      0         0      
       u_divt2.asm.obj              64      0         0      
       strncpy.c.obj                54      0         0      
       boot_cortex_m.c.obj          52      0         0      
       i_tofd_t2.asm.obj            46      0         0      
       unlink.c.obj                 44      0         0      
       lseek.c.obj                  40      0         0      
       write.c.obj                  40      0         0      
       memchr.c.obj                 32      0         0      
       copy_zero_init.c.obj         28      0         0      
       memccpy.c.obj                28      0         0      
       s_copysign.c.obj             26      0         0      
       strcmp.c.obj                 24      0         0      
       strchr.c.obj                 22      0         0      
       strcpy.c.obj                 20      0         0      
       strlen.c.obj                 20      0         0      
       wcslen.c.obj                 18      0         0      
       copy_decompress_none.c.obj   14      0         0      
       errno.c.obj                  8       0         4      
       _lock.c.obj                  2       0         8      
       pre_init.c.obj               4       0         0      
       div0.asm.obj                 2       0         0      
    +--+----------------------------+-------+---------+---------+
       Total:                       11637   257       952    
                                                             
    /Users/Tyler/ti/tivaware_c_series_2_1_4_178/driverlib/ccs/Debug/driverlib.lib
       sysctl.obj                   574     108       0      
       gpio.obj                     486     144       0      
       adc.obj                      326     0         0      
       timer.obj                    216     0         0      
       interrupt.obj                16      0         0      
       cpu.obj                      12      0         0      
       uart.obj                     6       0         0      
    +--+----------------------------+-------+---------+---------+
       Total:                       1636    252       0      
                                                             
       Heap:                        0       0         320    
       Stack:                       0       0         400    
       Linker Generated:            0       140       0      
    +--+----------------------------+-------+---------+---------+
       Grand Total:                 15069   1293      1677   


LINKER GENERATED COPY TABLES

__TI_cinit_table @ 00003ff0 records: 2, size/record: 8, table size: 16
	.data: load addr=00003f70, load size=00000068 bytes, run addr=20000000, run size=000001f8 bytes, compression=lzss
	.bss: load addr=00003fe8, load size=00000008 bytes, run addr=200001f8, run size=000001c8 bytes, compression=zero_init


LINKER GENERATED HANDLER TABLE

__TI_handler_table @ 00003fd8 records: 3, size/record: 4, table size: 12
	index: 0, handler: __TI_decompress_lzss
	index: 1, handler: __TI_decompress_none
	index: 2, handler: __TI_zero_init


GLOBAL SYMBOLS: SORTED ALPHABETICALLY BY Name 

address   name                           
-------   ----                           
00003d17  ADCIntClear                    
000039d1  ADCIntStatus                   
00003bf1  ADCProcessorTrigger            
00003441  ADCSequenceConfigure           
00003b49  ADCSequenceDataGet             
00003ce1  ADCSequenceEnable              
00002b3d  ADCSequenceStepConfigure       
00003d55  C$$EXIT                        
0000388f  C$$IO$$                        
00003d0b  CPUcpsie                       
00003a85  GPIODirModeSet                 
00001a07  GPIOPadConfigSet               
00003529  GPIOPinConfigure               
00003c77  GPIOPinTypeADC                 
00003c09  GPIOPinTypeGPIOOutput          
00003c89  GPIOPinTypeUART                
00003d31  GPIOPinWrite                   
00003571  HOSTclock                      
00003691  HOSTclose                      
00002e61  HOSTlseek                      
000030c1  HOSTopen                       
0000323d  HOSTread                       
00002df5  HOSTrename                     
000036d5  HOSTunlink                     
00003295  HOSTwrite                      
00003cd1  IntMasterEnable                
00003d37  ResetISR                       
00001d71  SysCtlClockGet                 
0000229d  SysCtlClockSet                 
00003d3d  SysCtlDelay                    
000038d1  SysCtlPeripheralEnable         
00003121  TimerConfigure                 
000032ed  TimerControlTrigger            
00003cef  TimerEnable                    
00003c9b  TimerLoadSet                   
00003d43  UARTClockSourceSet             
00003181  UARTStdioConfig                
000027f9  UARTgets                       
00003bbd  UARTprintf                     
00000f2d  UARTvprintf                    
000035b9  UARTwrite                      
200001f8  __CIOBUF_                      
20000550  __STACK_END                    
00000190  __STACK_SIZE                   
200004c0  __STACK_TOP                    
00000140  __SYSMEM_SIZE                  
00003ff0  __TI_CINIT_Base                
00004000  __TI_CINIT_Limit               
00003fd8  __TI_Handler_Table_Base        
00003fe4  __TI_Handler_Table_Limit       
00003719  __TI_auto_init_nobinit_nopinit 
00003905  __TI_cleanup                   
200001c8  __TI_cleanup_ptr               
00002c31  __TI_closefile                 
00002ec9  __TI_decompress_lzss           
00003cfd  __TI_decompress_none           
00003491  __TI_doflush                   
200001cc  __TI_dtors_ptr                 
200001d0  __TI_enable_exit_profile_output
200001b8  __TI_ft_end                    
0000339b  __TI_ltoa                      
ffffffff  __TI_pprof_out_hndl            
0000026d  __TI_printfi                   
ffffffff  __TI_prof_data_size            
ffffffff  __TI_prof_data_start           
00003939  __TI_readmsg                   
00000000  __TI_static_base__             
20000318  __TI_tmpnams                   
00003861  __TI_writemsg                  
0000305d  __TI_wrt_ok                    
00003b67  __TI_zero_init_nomemset        
000029b5  __aeabi_cdcmpeq                
000029b5  __aeabi_cdcmple                
00002a3b  __aeabi_cdrcmple               
00003649  __aeabi_d2iz                   
000012f7  __aeabi_dadd                   
000018d1  __aeabi_ddiv                   
000021a1  __aeabi_dmul                   
000012ed  __aeabi_dsub                   
00003d21  __aeabi_errno_addr             
000039ff  __aeabi_i2d                    
00002927  __aeabi_idiv0                  
00002927  __aeabi_ldiv0                  
00002bb7  __aeabi_memclr                 
00002bb7  __aeabi_memclr4                
00002bb7  __aeabi_memclr8                
0000275d  __aeabi_memcpy                 
0000275d  __aeabi_memcpy4                
0000275d  __aeabi_memcpy8                
00002bb9  __aeabi_memset                 
00002bb9  __aeabi_memset4                
00002bb9  __aeabi_memset8                
200001c4  __aeabi_stderr                 
200001bc  __aeabi_stdin                  
200001c0  __aeabi_stdout                 
000037a1  __aeabi_uidiv                  
000037a1  __aeabi_uidivmod               
00002891  __aeabi_uldivmod               
ffffffff  __binit__                      
ffffffff  __c_args__                     
UNDEFED   __mpu_init                     
200003c0  __stack                        
20000000  __start___llvm_prf_cnts        
20000000  __stop___llvm_prf_cnts         
0000396d  _c_int00_noargs                
00003d58  _ctypes_                       
200000f0  _device                        
20000000  _ftable                        
200001d4  _lock                          
000026bf  _nop                           
20000168  _stream                        
20000550  _sys_memory                    
UNDEFED   _system_post_cinit             
00003d51  _system_pre_init               
200001d8  _unlock                        
00003d55  abort                          
000020a1  aligned_alloc                  
000034dd  atoi                           
ffffffff  binit                          
00003571  clock                          
000031e1  close                          
00001655  configureADC1                  
00002ca5  configureUART                  
00003bd7  copysign                       
00003bd7  copysignl                      
200001ec  errno                          
00003601  exit                           
00003a2d  fclose                         
00002ac1  fflush                         
000039a1  finddevice                     
000026c1  fopen                          
00002f31  fprintf                        
00002929  fputc                          
00001c5d  fputs                          
00002391  free                           
00002f95  frexp                          
00002f95  frexpl                         
00002ff9  fseek                          
00000000  g_pfnVectors                   
00003821  getUserInput                   
0000375d  getdevice                      
00001f91  ldexp                          
00001f91  ldexpl                         
00003ad9  lseek                          
00003cad  main                           
00003d29  malloc                         
000020a1  memalign                       
00003ba1  memccpy                        
00003b29  memchr                         
0000275d  memcpy                         
00002bbf  memset                         
00002551  open                           
200003b8  parmbuf                        
00002929  putc                           
00003a59  remove                         
00001f91  scalbn                         
00001f91  scalbnl                        
00002475  setvbuf                        
000014a5  startADC1                      
00003c39  strchr                         
00003c21  strcmp                         
00003c4f  strcpy                         
00003c63  strlen                         
00003899  strncpy                        
00003a59  unlink                         
00003cbf  wcslen                         
00003b01  write                          


GLOBAL SYMBOLS: SORTED BY Symbol Address 

address   name                           
-------   ----                           
00000000  __TI_static_base__             
00000000  g_pfnVectors                   
00000140  __SYSMEM_SIZE                  
00000190  __STACK_SIZE                   
0000026d  __TI_printfi                   
00000f2d  UARTvprintf                    
000012ed  __aeabi_dsub                   
000012f7  __aeabi_dadd                   
000014a5  startADC1                      
00001655  configureADC1                  
000018d1  __aeabi_ddiv                   
00001a07  GPIOPadConfigSet               
00001c5d  fputs                          
00001d71  SysCtlClockGet                 
00001f91  ldexp                          
00001f91  ldexpl                         
00001f91  scalbn                         
00001f91  scalbnl                        
000020a1  aligned_alloc                  
000020a1  memalign                       
000021a1  __aeabi_dmul                   
0000229d  SysCtlClockSet                 
00002391  free                           
00002475  setvbuf                        
00002551  open                           
000026bf  _nop                           
000026c1  fopen                          
0000275d  __aeabi_memcpy                 
0000275d  __aeabi_memcpy4                
0000275d  __aeabi_memcpy8                
0000275d  memcpy                         
000027f9  UARTgets                       
00002891  __aeabi_uldivmod               
00002927  __aeabi_idiv0                  
00002927  __aeabi_ldiv0                  
00002929  fputc                          
00002929  putc                           
000029b5  __aeabi_cdcmpeq                
000029b5  __aeabi_cdcmple                
00002a3b  __aeabi_cdrcmple               
00002ac1  fflush                         
00002b3d  ADCSequenceStepConfigure       
00002bb7  __aeabi_memclr                 
00002bb7  __aeabi_memclr4                
00002bb7  __aeabi_memclr8                
00002bb9  __aeabi_memset                 
00002bb9  __aeabi_memset4                
00002bb9  __aeabi_memset8                
00002bbf  memset                         
00002c31  __TI_closefile                 
00002ca5  configureUART                  
00002df5  HOSTrename                     
00002e61  HOSTlseek                      
00002ec9  __TI_decompress_lzss           
00002f31  fprintf                        
00002f95  frexp                          
00002f95  frexpl                         
00002ff9  fseek                          
0000305d  __TI_wrt_ok                    
000030c1  HOSTopen                       
00003121  TimerConfigure                 
00003181  UARTStdioConfig                
000031e1  close                          
0000323d  HOSTread                       
00003295  HOSTwrite                      
000032ed  TimerControlTrigger            
0000339b  __TI_ltoa                      
00003441  ADCSequenceConfigure           
00003491  __TI_doflush                   
000034dd  atoi                           
00003529  GPIOPinConfigure               
00003571  HOSTclock                      
00003571  clock                          
000035b9  UARTwrite                      
00003601  exit                           
00003649  __aeabi_d2iz                   
00003691  HOSTclose                      
000036d5  HOSTunlink                     
00003719  __TI_auto_init_nobinit_nopinit 
0000375d  getdevice                      
000037a1  __aeabi_uidiv                  
000037a1  __aeabi_uidivmod               
00003821  getUserInput                   
00003861  __TI_writemsg                  
0000388f  C$$IO$$                        
00003899  strncpy                        
000038d1  SysCtlPeripheralEnable         
00003905  __TI_cleanup                   
00003939  __TI_readmsg                   
0000396d  _c_int00_noargs                
000039a1  finddevice                     
000039d1  ADCIntStatus                   
000039ff  __aeabi_i2d                    
00003a2d  fclose                         
00003a59  remove                         
00003a59  unlink                         
00003a85  GPIODirModeSet                 
00003ad9  lseek                          
00003b01  write                          
00003b29  memchr                         
00003b49  ADCSequenceDataGet             
00003b67  __TI_zero_init_nomemset        
00003ba1  memccpy                        
00003bbd  UARTprintf                     
00003bd7  copysign                       
00003bd7  copysignl                      
00003bf1  ADCProcessorTrigger            
00003c09  GPIOPinTypeGPIOOutput          
00003c21  strcmp                         
00003c39  strchr                         
00003c4f  strcpy                         
00003c63  strlen                         
00003c77  GPIOPinTypeADC                 
00003c89  GPIOPinTypeUART                
00003c9b  TimerLoadSet                   
00003cad  main                           
00003cbf  wcslen                         
00003cd1  IntMasterEnable                
00003ce1  ADCSequenceEnable              
00003cef  TimerEnable                    
00003cfd  __TI_decompress_none           
00003d0b  CPUcpsie                       
00003d17  ADCIntClear                    
00003d21  __aeabi_errno_addr             
00003d29  malloc                         
00003d31  GPIOPinWrite                   
00003d37  ResetISR                       
00003d3d  SysCtlDelay                    
00003d43  UARTClockSourceSet             
00003d51  _system_pre_init               
00003d55  C$$EXIT                        
00003d55  abort                          
00003d58  _ctypes_                       
00003fd8  __TI_Handler_Table_Base        
00003fe4  __TI_Handler_Table_Limit       
00003ff0  __TI_CINIT_Base                
00004000  __TI_CINIT_Limit               
20000000  __start___llvm_prf_cnts        
20000000  __stop___llvm_prf_cnts         
20000000  _ftable                        
200000f0  _device                        
20000168  _stream                        
200001b8  __TI_ft_end                    
200001bc  __aeabi_stdin                  
200001c0  __aeabi_stdout                 
200001c4  __aeabi_stderr                 
200001c8  __TI_cleanup_ptr               
200001cc  __TI_dtors_ptr                 
200001d0  __TI_enable_exit_profile_output
200001d4  _lock                          
200001d8  _unlock                        
200001ec  errno                          
200001f8  __CIOBUF_                      
20000318  __TI_tmpnams                   
200003b8  parmbuf                        
200003c0  __stack                        
200004c0  __STACK_TOP                    
20000550  __STACK_END                    
20000550  _sys_memory                    
ffffffff  __TI_pprof_out_hndl            
ffffffff  __TI_prof_data_size            
ffffffff  __TI_prof_data_start           
ffffffff  __binit__                      
ffffffff  __c_args__                     
ffffffff  binit                          
UNDEFED   __mpu_init                     
UNDEFED   _system_post_cinit             

[167 symbols]
