******************************************************************************
                  TI ARM Linker Unix v20.2.7                   
******************************************************************************
>> Linked Mon Jan 29 16:45:11 2024

OUTPUT FILE NAME:   <SUPR_HydroSensor.out>
ENTRY POINT SYMBOL: "_c_int00_noargs"  address: 000038e1


MEMORY CONFIGURATION

         name            origin    length      used     unused   attr    fill
----------------------  --------  ---------  --------  --------  ----  --------
  FLASH                 00000000   00040000  00003f6c  0003c094  R  X
  SRAM                  20000000   00008000  00000690  00007970  RW X


SEGMENT ALLOCATION MAP

run origin  load origin   length   init length attrs members
----------  ----------- ---------- ----------- ----- -------
00000000    00000000    00003f70   00003f70    r-x
  00000000    00000000    0000026c   0000026c    r-- .intvecs
  0000026c    0000026c    00003a58   00003a58    r-x .text
  00003cc4    00003cc4    00000218   00000218    r-- .const
  00003ee0    00003ee0    00000090   00000090    r-- .cinit
20000000    20000000    00000690   00000000    rw-
  20000000    20000000    000001f8   00000000    rw- .data
  200001f8    200001f8    000001c8   00000000    rw- .bss
  200003c0    200003c0    00000190   00000000    rw- .stack
  20000550    20000550    00000140   00000000    rw- .sysmem


SECTION ALLOCATION MAP

 output                                  attributes/
section   page    origin      length       input sections
--------  ----  ----------  ----------   ----------------
.intvecs   0    00000000    0000026c     
                  00000000    0000026c     startup_ccs.obj (.intvecs)

.text      0    0000026c    00003a58     
                  0000026c    00000a4e     rtsv7M4_T_le_v4SPD16_eabi.lib : _printfi.c.obj (.text:__TI_printfi)
                  00000cba    00000002     startup_ccs.obj (.text:FaultISR)
                  00000cbc    00000270     rtsv7M4_T_le_v4SPD16_eabi.lib : _printfi.c.obj (.text:_pconv_a)
                  00000f2c    000001ee     uartstdio.obj (.text:UARTvprintf)
                  0000111a    00000002     startup_ccs.obj (.text:IntDefaultHandler)
                  0000111c    000001d0     rtsv7M4_T_le_v4SPD16_eabi.lib : _printfi.c.obj (.text:_pconv_g)
                  000012ec    000001cc     adc_functions.obj (.text:getADC)
                  000014b8    000001b6     rtsv7M4_T_le_v4SPD16_eabi.lib : fd_add_t2.asm.obj (.text)
                  0000166e    00000002     startup_ccs.obj (.text:NmiSR)
                  00001670    00000154     adc_functions.obj (.text:configureADC)
                  000017c4    0000013c     rtsv7M4_T_le_v4SPD16_eabi.lib : _printfi.c.obj (.text:_pconv_e)
                  00001900    00000136                                   : fd_div_t2.asm.obj (.text)
                  00001a36    00000132     driverlib.lib : gpio.obj (.text:GPIOPadConfigSet)
                  00001b68    00000124     rtsv7M4_T_le_v4SPD16_eabi.lib : _printfi.c.obj (.text:fcvt)
                  00001c8c    00000114                                   : fputs.c.obj (.text:fputs)
                  00001da0    00000110     driverlib.lib : sysctl.obj (.text:SysCtlClockGet)
                  00001eb0    00000110     rtsv7M4_T_le_v4SPD16_eabi.lib : fopen.c.obj (.text:_openfile)
                  00001fc0    00000110                                   : s_scalbn.c.obj (.text:scalbn)
                  000020d0    00000100                                   : memory.c.obj (.text:aligned_alloc)
                  000021d0    000000fc                                   : fd_mul_t2.asm.obj (.text)
                  000022cc    000000f4     driverlib.lib : sysctl.obj (.text:SysCtlClockSet)
                  000023c0    000000e4     rtsv7M4_T_le_v4SPD16_eabi.lib : memory.c.obj (.text:free)
                  000024a4    000000dc                                   : setvbuf.c.obj (.text:setvbuf)
                  00002580    000000bc                                   : open.c.obj (.text:open)
                  0000263c    000000b1                                   : _printfi.c.obj (.text:_ltostr)
                  000026ed    00000001     --HOLE-- [fill = 0]
                  000026ee    00000002                                   : _lock.c.obj (.text:_nop)
                  000026f0    0000009c                                   : fopen.c.obj (.text:fopen)
                  0000278c    0000009c                                   : memcpy_t2.asm.obj (.text)
                  00002828    00000098     uartstdio.obj (.text:UARTgets)
                  000028c0    00000096     rtsv7M4_T_le_v4SPD16_eabi.lib : ull_div_t2.asm.obj (.text)
                  00002956    00000002                                   : div0.asm.obj (.text)
                  00002958    0000008c                                   : fputc.c.obj (.text:fputc)
                  000029e4    00000086                                   : fd_cmp_t2.asm.obj (.text:__aeabi_cdcmple)
                  00002a6a    00000086                                   : fd_cmp_t2.asm.obj (.text:__aeabi_cdrcmple)
                  00002af0    0000007c                                   : fflush.c.obj (.text:fflush)
                  00002b6c    0000007a     driverlib.lib : adc.obj (.text:ADCSequenceStepConfigure)
                  00002be6    0000007a     rtsv7M4_T_le_v4SPD16_eabi.lib : memset_t2.asm.obj (.text)
                  00002c60    00000074                                   : fclose.c.obj (.text:__TI_closefile)
                  00002cd4    00000070     uart_functions.obj (.text:initConsole)
                  00002d44    00000070     rtsv7M4_T_le_v4SPD16_eabi.lib : memory.c.obj (.text:split)
                  00002db4    0000006e                                   : _printfi.c.obj (.text:_mcpy)
                  00002e22    00000002     --HOLE-- [fill = 0]
                  00002e24    0000006c                                   : hostrename.c.obj (.text:HOSTrename)
                  00002e90    00000068                                   : hostlseek.c.obj (.text:HOSTlseek)
                  00002ef8    00000068                                   : copy_decompress_lzss.c.obj (.text:decompress:lzss:__TI_decompress_lzss)
                  00002f60    00000064                                   : fprintf.c.obj (.text:fprintf)
                  00002fc4    00000064                                   : s_frexp.c.obj (.text:frexp)
                  00003028    00000064                                   : fseek.c.obj (.text:fseek)
                  0000308c    00000062                                   : _io_perm.c.obj (.text:__TI_wrt_ok)
                  000030ee    00000002     --HOLE-- [fill = 0]
                  000030f0    00000060                                   : hostopen.c.obj (.text:HOSTopen)
                  00003150    00000060     uartstdio.obj (.text:UARTStdioConfig)
                  000031b0    0000005c     rtsv7M4_T_le_v4SPD16_eabi.lib : close.c.obj (.text:close)
                  0000320c    00000058                                   : hostread.c.obj (.text:HOSTread)
                  00003264    00000058                                   : hostwrite.c.obj (.text:HOSTwrite)
                  000032bc    00000056                                   : _printfi.c.obj (.text:_pconv_f)
                  00003312    00000054                                   : _ltoa.c.obj (.text:__TI_ltoa)
                  00003366    00000052                                   : _printfi.c.obj (.text:_ecpy)
                  000033b8    00000050     driverlib.lib : adc.obj (.text:ADCSequenceConfigure)
                  00003408    0000004c     rtsv7M4_T_le_v4SPD16_eabi.lib : fflush.c.obj (.text:__TI_doflush)
                  00003454    0000004c                                   : atoi.c.obj (.text:atoi)
                  000034a0    00000048     driverlib.lib : gpio.obj (.text:GPIOPinConfigure)
                  000034e8    00000048     rtsv7M4_T_le_v4SPD16_eabi.lib : hostclock.c.obj (.text:HOSTclock)
                  00003530    00000048     uartstdio.obj (.text:UARTwrite)
                  00003578    00000048     rtsv7M4_T_le_v4SPD16_eabi.lib : exit.c.obj (.text:exit)
                  000035c0    00000048                                   : fd_toi_t2.asm.obj (.text)
                  00003608    00000044                                   : hostclose.c.obj (.text:HOSTclose)
                  0000364c    00000044                                   : hostunlink.c.obj (.text:HOSTunlink)
                  00003690    00000044                                   : autoinit.c.obj (.text:__TI_auto_init_nobinit_nopinit:__TI_auto_init_nobinit_nopinit)
                  000036d4    00000044                                   : getdevice.c.obj (.text:getdevice)
                  00003718    00000040                                   : u_divt2.asm.obj (.text)
                  00003758    0000003e     uart_functions.obj (.text:GetUserInput)
                  00003796    0000003e     rtsv7M4_T_le_v4SPD16_eabi.lib : _printfi.c.obj (.text:_fcpy)
                  000037d4    00000038                                   : trgmsg.c.obj (.text:__TI_writemsg)
                  0000380c    00000036                                   : strncpy.c.obj (.text:strncpy)
                  00003842    00000002     --HOLE-- [fill = 0]
                  00003844    00000034     driverlib.lib : sysctl.obj (.text:SysCtlPeripheralEnable)
                  00003878    00000034     rtsv7M4_T_le_v4SPD16_eabi.lib : fopen.c.obj (.text:__TI_cleanup)
                  000038ac    00000034                                   : trgmsg.c.obj (.text:__TI_readmsg)
                  000038e0    00000034                                   : boot_cortex_m.c.obj (.text:_c_int00_noargs:_c_int00_noargs)
                  00003914    00000030                                   : getdevice.c.obj (.text:finddevice)
                  00003944    0000002e     driverlib.lib : adc.obj (.text:ADCIntStatus)
                  00003972    0000002e     rtsv7M4_T_le_v4SPD16_eabi.lib : i_tofd_t2.asm.obj (.text)
                  000039a0    0000002c                                   : fclose.c.obj (.text:fclose)
                  000039cc    0000002c                                   : unlink.c.obj (.text:unlink)
                  000039f8    0000002a     driverlib.lib : gpio.obj (.text:GPIODirModeSet)
                  00003a22    00000002     --HOLE-- [fill = 0]
                  00003a24    00000028     rtsv7M4_T_le_v4SPD16_eabi.lib : memory.c.obj (.text:free_list_insert)
                  00003a4c    00000028                                   : lseek.c.obj (.text:lseek)
                  00003a74    00000028                                   : write.c.obj (.text:write)
                  00003a9c    00000020                                   : memchr.c.obj (.text:memchr)
                  00003abc    0000001e     driverlib.lib : adc.obj (.text:ADCClockConfigGet)
                  00003ada    0000001e                   : adc.obj (.text:ADCSequenceDataGet)
                  00003af8    0000001c     rtsv7M4_T_le_v4SPD16_eabi.lib : copy_zero_init.c.obj (.text:decompress:ZI:__TI_zero_init_nomemset:__TI_zero_init_nomemset)
                  00003b14    0000001c                                   : memory.c.obj (.text:free_list_remove)
                  00003b30    0000001c                                   : memccpy.c.obj (.text:memccpy)
                  00003b4c    0000001a     uartstdio.obj (.text:UARTprintf)
                  00003b66    0000001a     rtsv7M4_T_le_v4SPD16_eabi.lib : s_copysign.c.obj (.text:copysign)
                  00003b80    00000018     driverlib.lib : adc.obj (.text:ADCClockConfigSet)
                  00003b98    00000018                   : adc.obj (.text:ADCProcessorTrigger)
                  00003bb0    00000018                   : gpio.obj (.text:GPIOPinTypeGPIOOutput)
                  00003bc8    00000018     rtsv7M4_T_le_v4SPD16_eabi.lib : strcmp.c.obj (.text:strcmp)
                  00003be0    00000016                                   : strchr.c.obj (.text:strchr)
                  00003bf6    00000014                                   : strcpy.c.obj (.text:strcpy)
                  00003c0a    00000014                                   : strlen.c.obj (.text:strlen)
                  00003c1e    00000012     driverlib.lib : gpio.obj (.text:GPIOPinTypeADC)
                  00003c30    00000012                   : gpio.obj (.text:GPIOPinTypeUART)
                  00003c42    00000012     main.obj (.text:main)
                  00003c54    00000012     rtsv7M4_T_le_v4SPD16_eabi.lib : wcslen.c.obj (.text:wcslen)
                  00003c66    0000000e     driverlib.lib : adc.obj (.text:ADCSequenceEnable)
                  00003c74    0000000e     rtsv7M4_T_le_v4SPD16_eabi.lib : copy_decompress_none.c.obj (.text:decompress:none:__TI_decompress_none)
                  00003c82    0000000a     driverlib.lib : adc.obj (.text:ADCIntClear)
                  00003c8c    00000008     rtsv7M4_T_le_v4SPD16_eabi.lib : errno.c.obj (.text:__aeabi_errno_addr)
                  00003c94    00000008                                   : memory.c.obj (.text:malloc)
                  00003c9c    00000006     driverlib.lib : gpio.obj (.text:GPIOPinWrite)
                  00003ca2    00000006     startup_ccs.obj (.text:ResetISR)
                  00003ca8    00000006     driverlib.lib : sysctl.obj (.text:SysCtlDelay)
                  00003cae    00000006                   : uart.obj (.text:UARTClockSourceSet)
                  00003cb4    00000004     rtsv7M4_T_le_v4SPD16_eabi.lib : fprintf.c.obj (.text:_outc)
                  00003cb8    00000004                                   : fprintf.c.obj (.text:_outs)
                  00003cbc    00000004                                   : pre_init.c.obj (.text:_system_pre_init)
                  00003cc0    00000004                                   : exit.c.obj (.text:abort:abort)

.const     0    00003cc4    00000218     
                  00003cc4    00000101     rtsv7M4_T_le_v4SPD16_eabi.lib : ctype.c.obj (.const:.string:_ctypes_)
                  00003dc5    00000003     --HOLE-- [fill = 0]
                  00003dc8    00000090     driverlib.lib : gpio.obj (.const:g_pui32GPIOBaseAddrs)
                  00003e58    0000006c                   : sysctl.obj (.const:g_pui32Xtals)
                  00003ec4    0000000c     uartstdio.obj (.const:g_ui32UARTBase)
                  00003ed0    0000000c     uartstdio.obj (.const:g_ui32UARTPeriph)

.cinit     0    00003ee0    00000090     
                  00003ee0    00000069     (.cinit..data.load) [load image, compression = lzss]
                  00003f49    00000003     --HOLE-- [fill = 0]
                  00003f4c    0000000c     (__TI_handler_table)
                  00003f58    00000008     (.cinit..bss.load) [load image, compression = zero_init]
                  00003f60    00000010     (__TI_cinit_table)

.init_array 
*          0    00000000    00000000     UNINITIALIZED

.data      0    20000000    000001f8     UNINITIALIZED
                  20000000    000000f0     rtsv7M4_T_le_v4SPD16_eabi.lib : defs.c.obj (.data:_ftable)
                  200000f0    00000078                                   : host_device.c.obj (.data:_device)
                  20000168    00000050                                   : host_device.c.obj (.data:_stream)
                  200001b8    00000010                                   : defs.c.obj (.data)
                  200001c8    0000000c                                   : exit.c.obj (.data:$O1$$)
                  200001d4    00000008                                   : _lock.c.obj (.data:$O1$$)
                  200001dc    00000008                                   : memory.c.obj (.data:$O1$$)
                  200001e4    00000005     uartstdio.obj (.data)
                  200001e9    00000003     --HOLE--
                  200001ec    00000004     rtsv7M4_T_le_v4SPD16_eabi.lib : errno.c.obj (.data)
                  200001f0    00000004                                   : fopen.c.obj (.data)
                  200001f4    00000004                                   : open.c.obj (.data)

.bss       0    200001f8    000001c8     UNINITIALIZED
                  200001f8    00000120     rtsv7M4_T_le_v4SPD16_eabi.lib : trgmsg.c.obj (.bss:_CIOBUF_)
                  20000318    000000a0     (.common:__TI_tmpnams)
                  200003b8    00000008     (.common:parmbuf)

.stack     0    200003c0    00000190     UNINITIALIZED
                  200003c0    00000004     rtsv7M4_T_le_v4SPD16_eabi.lib : boot_cortex_m.c.obj (.stack)
                  200003c4    0000018c     --HOLE--

.sysmem    0    20000550    00000140     UNINITIALIZED
                  20000550    00000010     rtsv7M4_T_le_v4SPD16_eabi.lib : memory.c.obj (.sysmem)
                  20000560    00000130     --HOLE--

__llvm_prf_cnts 
*          0    20000000    00000000     UNINITIALIZED

MODULE SUMMARY

       Module                       code    ro data   rw data
       ------                       ----    -------   -------
    ./
       uartstdio.obj                840     24        5      
       adc_functions.obj            800     0         0      
       startup_ccs.obj              12      620       0      
       uart_functions.obj           174     0         0      
       main.obj                     18      0         0      
    +--+----------------------------+-------+---------+---------+
       Total:                       1844    644       5      
                                                             
    /Applications/ti/ccs1240/ccs/tools/compiler/ti-cgt-arm_20.2.7.LTS/lib/rtsv7M4_T_le_v4SPD16_eabi.lib
       _printfi.c.obj               4851    0         0      
       memory.c.obj                 672     0         8      
       fopen.c.obj                  480     0         4      
       fd_add_t2.asm.obj            438     0         0      
       defs.c.obj                   0       0         416    
       trgmsg.c.obj                 108     0         288    
       fd_div_t2.asm.obj            310     0         0      
       fputs.c.obj                  276     0         0      
       s_scalbn.c.obj               272     0         0      
       fd_cmp_t2.asm.obj            268     0         0      
       ctype.c.obj                  0       257       0      
       fd_mul_t2.asm.obj            252     0         0      
       setvbuf.c.obj                220     0         0      
       fflush.c.obj                 200     0         0      
       host_device.c.obj            0       0         200    
       open.c.obj                   188     0         4      
       fclose.c.obj                 160     0         0      
       memcpy_t2.asm.obj            156     0         0      
       ull_div_t2.asm.obj           150     0         0      
       fputc.c.obj                  140     0         0      
       memset_t2.asm.obj            122     0         0      
       getdevice.c.obj              116     0         0      
       fprintf.c.obj                108     0         0      
       hostrename.c.obj             108     0         0      
       copy_decompress_lzss.c.obj   104     0         0      
       hostlseek.c.obj              104     0         0      
       hostopen.c.obj               96      0         8      
       fseek.c.obj                  100     0         0      
       s_frexp.c.obj                100     0         0      
       _io_perm.c.obj               98      0         0      
       close.c.obj                  92      0         0      
       exit.c.obj                   76      0         12     
       hostread.c.obj               88      0         0      
       hostwrite.c.obj              88      0         0      
       _ltoa.c.obj                  84      0         0      
       atoi.c.obj                   76      0         0      
       fd_toi_t2.asm.obj            72      0         0      
       hostclock.c.obj              72      0         0      
       autoinit.c.obj               68      0         0      
       hostclose.c.obj              68      0         0      
       hostunlink.c.obj             68      0         0      
       u_divt2.asm.obj              64      0         0      
       strncpy.c.obj                54      0         0      
       boot_cortex_m.c.obj          52      0         0      
       i_tofd_t2.asm.obj            46      0         0      
       unlink.c.obj                 44      0         0      
       lseek.c.obj                  40      0         0      
       write.c.obj                  40      0         0      
       memchr.c.obj                 32      0         0      
       copy_zero_init.c.obj         28      0         0      
       memccpy.c.obj                28      0         0      
       s_copysign.c.obj             26      0         0      
       strcmp.c.obj                 24      0         0      
       strchr.c.obj                 22      0         0      
       strcpy.c.obj                 20      0         0      
       strlen.c.obj                 20      0         0      
       wcslen.c.obj                 18      0         0      
       copy_decompress_none.c.obj   14      0         0      
       errno.c.obj                  8       0         4      
       _lock.c.obj                  2       0         8      
       pre_init.c.obj               4       0         0      
       div0.asm.obj                 2       0         0      
    +--+----------------------------+-------+---------+---------+
       Total:                       11637   257       952    
                                                             
    /Users/Tyler/ti/tivaware_c_series_2_1_4_178/driverlib/ccs/Debug/driverlib.lib
       sysctl.obj                   574     108       0      
       gpio.obj                     486     144       0      
       adc.obj                      380     0         0      
       uart.obj                     6       0         0      
    +--+----------------------------+-------+---------+---------+
       Total:                       1446    252       0      
                                                             
       Heap:                        0       0         320    
       Stack:                       0       0         400    
       Linker Generated:            0       141       0      
    +--+----------------------------+-------+---------+---------+
       Grand Total:                 14927   1294      1677   


LINKER GENERATED COPY TABLES

__TI_cinit_table @ 00003f60 records: 2, size/record: 8, table size: 16
	.data: load addr=00003ee0, load size=00000069 bytes, run addr=20000000, run size=000001f8 bytes, compression=lzss
	.bss: load addr=00003f58, load size=00000008 bytes, run addr=200001f8, run size=000001c8 bytes, compression=zero_init


LINKER GENERATED HANDLER TABLE

__TI_handler_table @ 00003f4c records: 3, size/record: 4, table size: 12
	index: 0, handler: __TI_decompress_lzss
	index: 1, handler: __TI_decompress_none
	index: 2, handler: __TI_zero_init


GLOBAL SYMBOLS: SORTED ALPHABETICALLY BY Name 

address   name                           
-------   ----                           
00003abd  ADCClockConfigGet              
00003b81  ADCClockConfigSet              
00003c83  ADCIntClear                    
00003945  ADCIntStatus                   
00003b99  ADCProcessorTrigger            
000033b9  ADCSequenceConfigure           
00003adb  ADCSequenceDataGet             
00003c67  ADCSequenceEnable              
00002b6d  ADCSequenceStepConfigure       
00003cc1  C$$EXIT                        
00003803  C$$IO$$                        
000039f9  GPIODirModeSet                 
00001a37  GPIOPadConfigSet               
000034a1  GPIOPinConfigure               
00003c1f  GPIOPinTypeADC                 
00003bb1  GPIOPinTypeGPIOOutput          
00003c31  GPIOPinTypeUART                
00003c9d  GPIOPinWrite                   
00003759  GetUserInput                   
000034e9  HOSTclock                      
00003609  HOSTclose                      
00002e91  HOSTlseek                      
000030f1  HOSTopen                       
0000320d  HOSTread                       
00002e25  HOSTrename                     
0000364d  HOSTunlink                     
00003265  HOSTwrite                      
00003ca3  ResetISR                       
00001da1  SysCtlClockGet                 
000022cd  SysCtlClockSet                 
00003ca9  SysCtlDelay                    
00003845  SysCtlPeripheralEnable         
00003caf  UARTClockSourceSet             
00003151  UARTStdioConfig                
00002829  UARTgets                       
00003b4d  UARTprintf                     
00000f2d  UARTvprintf                    
00003531  UARTwrite                      
200001f8  __CIOBUF_                      
20000550  __STACK_END                    
00000190  __STACK_SIZE                   
200004c0  __STACK_TOP                    
00000140  __SYSMEM_SIZE                  
00003f60  __TI_CINIT_Base                
00003f70  __TI_CINIT_Limit               
00003f4c  __TI_Handler_Table_Base        
00003f58  __TI_Handler_Table_Limit       
00003691  __TI_auto_init_nobinit_nopinit 
00003879  __TI_cleanup                   
200001c8  __TI_cleanup_ptr               
00002c61  __TI_closefile                 
00002ef9  __TI_decompress_lzss           
00003c75  __TI_decompress_none           
00003409  __TI_doflush                   
200001cc  __TI_dtors_ptr                 
200001d0  __TI_enable_exit_profile_output
200001b8  __TI_ft_end                    
00003313  __TI_ltoa                      
ffffffff  __TI_pprof_out_hndl            
0000026d  __TI_printfi                   
ffffffff  __TI_prof_data_size            
ffffffff  __TI_prof_data_start           
000038ad  __TI_readmsg                   
00000000  __TI_static_base__             
20000318  __TI_tmpnams                   
000037d5  __TI_writemsg                  
0000308d  __TI_wrt_ok                    
00003af9  __TI_zero_init_nomemset        
000029e5  __aeabi_cdcmpeq                
000029e5  __aeabi_cdcmple                
00002a6b  __aeabi_cdrcmple               
000035c1  __aeabi_d2iz                   
000014c3  __aeabi_dadd                   
00001901  __aeabi_ddiv                   
000021d1  __aeabi_dmul                   
000014b9  __aeabi_dsub                   
00003c8d  __aeabi_errno_addr             
00003973  __aeabi_i2d                    
00002957  __aeabi_idiv0                  
00002957  __aeabi_ldiv0                  
00002be7  __aeabi_memclr                 
00002be7  __aeabi_memclr4                
00002be7  __aeabi_memclr8                
0000278d  __aeabi_memcpy                 
0000278d  __aeabi_memcpy4                
0000278d  __aeabi_memcpy8                
00002be9  __aeabi_memset                 
00002be9  __aeabi_memset4                
00002be9  __aeabi_memset8                
200001c4  __aeabi_stderr                 
200001bc  __aeabi_stdin                  
200001c0  __aeabi_stdout                 
00003719  __aeabi_uidiv                  
00003719  __aeabi_uidivmod               
000028c1  __aeabi_uldivmod               
ffffffff  __binit__                      
ffffffff  __c_args__                     
UNDEFED   __mpu_init                     
200003c0  __stack                        
20000000  __start___llvm_prf_cnts        
20000000  __stop___llvm_prf_cnts         
000038e1  _c_int00_noargs                
00003cc4  _ctypes_                       
200000f0  _device                        
20000000  _ftable                        
200001d4  _lock                          
000026ef  _nop                           
20000168  _stream                        
20000550  _sys_memory                    
UNDEFED   _system_post_cinit             
00003cbd  _system_pre_init               
200001d8  _unlock                        
00003cc1  abort                          
000020d1  aligned_alloc                  
00003455  atoi                           
ffffffff  binit                          
000034e9  clock                          
000031b1  close                          
00001671  configureADC                   
00003b67  copysign                       
00003b67  copysignl                      
200001ec  errno                          
00003579  exit                           
000039a1  fclose                         
00002af1  fflush                         
00003915  finddevice                     
000026f1  fopen                          
00002f61  fprintf                        
00002959  fputc                          
00001c8d  fputs                          
000023c1  free                           
00002fc5  frexp                          
00002fc5  frexpl                         
00003029  fseek                          
00000000  g_pfnVectors                   
000012ed  getADC                         
000036d5  getdevice                      
00002cd5  initConsole                    
00001fc1  ldexp                          
00001fc1  ldexpl                         
00003a4d  lseek                          
00003c43  main                           
00003c95  malloc                         
000020d1  memalign                       
00003b31  memccpy                        
00003a9d  memchr                         
0000278d  memcpy                         
00002bef  memset                         
00002581  open                           
200003b8  parmbuf                        
00002959  putc                           
000039cd  remove                         
00001fc1  scalbn                         
00001fc1  scalbnl                        
000024a5  setvbuf                        
00003be1  strchr                         
00003bc9  strcmp                         
00003bf7  strcpy                         
00003c0b  strlen                         
0000380d  strncpy                        
000039cd  unlink                         
00003c55  wcslen                         
00003a75  write                          


GLOBAL SYMBOLS: SORTED BY Symbol Address 

address   name                           
-------   ----                           
00000000  __TI_static_base__             
00000000  g_pfnVectors                   
00000140  __SYSMEM_SIZE                  
00000190  __STACK_SIZE                   
0000026d  __TI_printfi                   
00000f2d  UARTvprintf                    
000012ed  getADC                         
000014b9  __aeabi_dsub                   
000014c3  __aeabi_dadd                   
00001671  configureADC                   
00001901  __aeabi_ddiv                   
00001a37  GPIOPadConfigSet               
00001c8d  fputs                          
00001da1  SysCtlClockGet                 
00001fc1  ldexp                          
00001fc1  ldexpl                         
00001fc1  scalbn                         
00001fc1  scalbnl                        
000020d1  aligned_alloc                  
000020d1  memalign                       
000021d1  __aeabi_dmul                   
000022cd  SysCtlClockSet                 
000023c1  free                           
000024a5  setvbuf                        
00002581  open                           
000026ef  _nop                           
000026f1  fopen                          
0000278d  __aeabi_memcpy                 
0000278d  __aeabi_memcpy4                
0000278d  __aeabi_memcpy8                
0000278d  memcpy                         
00002829  UARTgets                       
000028c1  __aeabi_uldivmod               
00002957  __aeabi_idiv0                  
00002957  __aeabi_ldiv0                  
00002959  fputc                          
00002959  putc                           
000029e5  __aeabi_cdcmpeq                
000029e5  __aeabi_cdcmple                
00002a6b  __aeabi_cdrcmple               
00002af1  fflush                         
00002b6d  ADCSequenceStepConfigure       
00002be7  __aeabi_memclr                 
00002be7  __aeabi_memclr4                
00002be7  __aeabi_memclr8                
00002be9  __aeabi_memset                 
00002be9  __aeabi_memset4                
00002be9  __aeabi_memset8                
00002bef  memset                         
00002c61  __TI_closefile                 
00002cd5  initConsole                    
00002e25  HOSTrename                     
00002e91  HOSTlseek                      
00002ef9  __TI_decompress_lzss           
00002f61  fprintf                        
00002fc5  frexp                          
00002fc5  frexpl                         
00003029  fseek                          
0000308d  __TI_wrt_ok                    
000030f1  HOSTopen                       
00003151  UARTStdioConfig                
000031b1  close                          
0000320d  HOSTread                       
00003265  HOSTwrite                      
00003313  __TI_ltoa                      
000033b9  ADCSequenceConfigure           
00003409  __TI_doflush                   
00003455  atoi                           
000034a1  GPIOPinConfigure               
000034e9  HOSTclock                      
000034e9  clock                          
00003531  UARTwrite                      
00003579  exit                           
000035c1  __aeabi_d2iz                   
00003609  HOSTclose                      
0000364d  HOSTunlink                     
00003691  __TI_auto_init_nobinit_nopinit 
000036d5  getdevice                      
00003719  __aeabi_uidiv                  
00003719  __aeabi_uidivmod               
00003759  GetUserInput                   
000037d5  __TI_writemsg                  
00003803  C$$IO$$                        
0000380d  strncpy                        
00003845  SysCtlPeripheralEnable         
00003879  __TI_cleanup                   
000038ad  __TI_readmsg                   
000038e1  _c_int00_noargs                
00003915  finddevice                     
00003945  ADCIntStatus                   
00003973  __aeabi_i2d                    
000039a1  fclose                         
000039cd  remove                         
000039cd  unlink                         
000039f9  GPIODirModeSet                 
00003a4d  lseek                          
00003a75  write                          
00003a9d  memchr                         
00003abd  ADCClockConfigGet              
00003adb  ADCSequenceDataGet             
00003af9  __TI_zero_init_nomemset        
00003b31  memccpy                        
00003b4d  UARTprintf                     
00003b67  copysign                       
00003b67  copysignl                      
00003b81  ADCClockConfigSet              
00003b99  ADCProcessorTrigger            
00003bb1  GPIOPinTypeGPIOOutput          
00003bc9  strcmp                         
00003be1  strchr                         
00003bf7  strcpy                         
00003c0b  strlen                         
00003c1f  GPIOPinTypeADC                 
00003c31  GPIOPinTypeUART                
00003c43  main                           
00003c55  wcslen                         
00003c67  ADCSequenceEnable              
00003c75  __TI_decompress_none           
00003c83  ADCIntClear                    
00003c8d  __aeabi_errno_addr             
00003c95  malloc                         
00003c9d  GPIOPinWrite                   
00003ca3  ResetISR                       
00003ca9  SysCtlDelay                    
00003caf  UARTClockSourceSet             
00003cbd  _system_pre_init               
00003cc1  C$$EXIT                        
00003cc1  abort                          
00003cc4  _ctypes_                       
00003f4c  __TI_Handler_Table_Base        
00003f58  __TI_Handler_Table_Limit       
00003f60  __TI_CINIT_Base                
00003f70  __TI_CINIT_Limit               
20000000  __start___llvm_prf_cnts        
20000000  __stop___llvm_prf_cnts         
20000000  _ftable                        
200000f0  _device                        
20000168  _stream                        
200001b8  __TI_ft_end                    
200001bc  __aeabi_stdin                  
200001c0  __aeabi_stdout                 
200001c4  __aeabi_stderr                 
200001c8  __TI_cleanup_ptr               
200001cc  __TI_dtors_ptr                 
200001d0  __TI_enable_exit_profile_output
200001d4  _lock                          
200001d8  _unlock                        
200001ec  errno                          
200001f8  __CIOBUF_                      
20000318  __TI_tmpnams                   
200003b8  parmbuf                        
200003c0  __stack                        
200004c0  __STACK_TOP                    
20000550  __STACK_END                    
20000550  _sys_memory                    
ffffffff  __TI_pprof_out_hndl            
ffffffff  __TI_prof_data_size            
ffffffff  __TI_prof_data_start           
ffffffff  __binit__                      
ffffffff  __c_args__                     
ffffffff  binit                          
UNDEFED   __mpu_init                     
UNDEFED   _system_post_cinit             

[163 symbols]
