******************************************************************************
                  TI ARM Linker Unix v20.2.7                   
******************************************************************************
>> Linked Tue Sep 12 10:42:50 2023

OUTPUT FILE NAME:   <SUPR_HydroSensor.out>
ENTRY POINT SYMBOL: "_c_int00_noargs"  address: 00001615


MEMORY CONFIGURATION

         name            origin    length      used     unused   attr    fill
----------------------  --------  ---------  --------  --------  ----  --------
  FLASH                 00000000   00040000  00001a90  0003e570  R  X
  SRAM                  20000000   00008000  000004cc  00007b34  RW X


SEGMENT ALLOCATION MAP

run origin  load origin   length   init length attrs members
----------  ----------- ---------- ----------- ----- -------
00000000    00000000    00001a90   00001a90    r-x
  00000000    00000000    0000026c   0000026c    r-- .intvecs
  0000026c    0000026c    00001680   00001680    r-x .text
  000018ec    000018ec    00000114   00000114    r-- .const
  00001a00    00001a00    00000090   00000090    r-- .cinit
20000000    20000000    000004d0   00000000    rw-
  20000000    20000000    000001f4   00000000    rw- .data
  200001f4    200001f4    000001c8   00000000    rw- .bss
  200003c0    200003c0    00000100   00000000    rw- .stack
  200004c0    200004c0    00000010   00000000    rw- .sysmem


SECTION ALLOCATION MAP

 output                                  attributes/
section   page    origin      length       input sections
--------  ----  ----------  ----------   ----------------
.intvecs   0    00000000    0000026c     
                  00000000    0000026c     startup_ccs.obj (.intvecs)

.text      0    0000026c    00001680     
                  0000026c    000001ee     uartstdio.obj (.text:UARTvprintf)
                  0000045a    00000002     startup_ccs.obj (.text:FaultISR)
                  0000045c    000001c4     MCU_Sample_DIFF.obj (.text:main)
                  00000620    00000132     driverlib.lib : gpio.obj (.text:GPIOPadConfigSet)
                  00000752    00000002     startup_ccs.obj (.text:IntDefaultHandler)
                  00000754    00000110     driverlib.lib : sysctl.obj (.text:SysCtlClockGet)
                  00000864    00000110     rtsv7M4_T_le_v4SPD16_eabi.lib : fopen.c.obj (.text:_openfile)
                  00000974    000000f4     driverlib.lib : sysctl.obj (.text:SysCtlClockSet)
                  00000a68    000000e4     rtsv7M4_T_le_v4SPD16_eabi.lib : memory.c.obj (.text:free)
                  00000b4c    000000bc                                   : open.c.obj (.text:open)
                  00000c08    0000009c                                   : fopen.c.obj (.text:fopen)
                  00000ca4    0000009c                                   : memcpy_t2.asm.obj (.text)
                  00000d40    0000007a     driverlib.lib : adc.obj (.text:ADCSequenceStepConfigure)
                  00000dba    0000007a     rtsv7M4_T_le_v4SPD16_eabi.lib : memset_t2.asm.obj (.text)
                  00000e34    00000074                                   : fclose.c.obj (.text:__TI_closefile)
                  00000ea8    0000006c                                   : hostrename.c.obj (.text:HOSTrename)
                  00000f14    00000068                                   : hostlseek.c.obj (.text:HOSTlseek)
                  00000f7c    00000068                                   : copy_decompress_lzss.c.obj (.text:decompress:lzss:__TI_decompress_lzss)
                  00000fe4    00000060                                   : hostopen.c.obj (.text:HOSTopen)
                  00001044    00000060     uartstdio.obj (.text:UARTStdioConfig)
                  000010a4    0000005c     rtsv7M4_T_le_v4SPD16_eabi.lib : close.c.obj (.text:close)
                  00001100    00000058                                   : hostread.c.obj (.text:HOSTread)
                  00001158    00000058                                   : hostwrite.c.obj (.text:HOSTwrite)
                  000011b0    00000050     driverlib.lib : adc.obj (.text:ADCSequenceConfigure)
                  00001200    0000004c     MCU_Sample_DIFF.obj (.text:InitConsole)
                  0000124c    0000004c     rtsv7M4_T_le_v4SPD16_eabi.lib : fflush.c.obj (.text:__TI_doflush)
                  00001298    00000048     driverlib.lib : gpio.obj (.text:GPIOPinConfigure)
                  000012e0    00000048     rtsv7M4_T_le_v4SPD16_eabi.lib : hosttime.c.obj (.text:HOSTtime)
                  00001328    00000048     uartstdio.obj (.text:UARTwrite)
                  00001370    00000048     rtsv7M4_T_le_v4SPD16_eabi.lib : exit.c.obj (.text:exit)
                  000013b8    00000044                                   : hostclose.c.obj (.text:HOSTclose)
                  000013fc    00000044                                   : hostunlink.c.obj (.text:HOSTunlink)
                  00001440    00000044                                   : autoinit.c.obj (.text:__TI_auto_init_nobinit_nopinit:__TI_auto_init_nobinit_nopinit)
                  00001484    00000044                                   : getdevice.c.obj (.text:getdevice)
                  000014c8    00000040                                   : u_divt2.asm.obj (.text)
                  00001508    00000038                                   : trgmsg.c.obj (.text:__TI_writemsg)
                  00001540    00000036                                   : strncpy.c.obj (.text:strncpy)
                  00001576    00000002     startup_ccs.obj (.text:NmiSR)
                  00001578    00000034     driverlib.lib : sysctl.obj (.text:SysCtlPeripheralEnable)
                  000015ac    00000034     rtsv7M4_T_le_v4SPD16_eabi.lib : fopen.c.obj (.text:__TI_cleanup)
                  000015e0    00000034                                   : trgmsg.c.obj (.text:__TI_readmsg)
                  00001614    00000034                                   : boot_cortex_m.c.obj (.text:_c_int00_noargs:_c_int00_noargs)
                  00001648    00000030                                   : getdevice.c.obj (.text:finddevice)
                  00001678    0000002e     driverlib.lib : adc.obj (.text:ADCIntStatus)
                  000016a6    00000002     rtsv7M4_T_le_v4SPD16_eabi.lib : _lock.c.obj (.text:_nop)
                  000016a8    0000002c                                   : fclose.c.obj (.text:fclose)
                  000016d4    0000002c                                   : unlink.c.obj (.text:unlink)
                  00001700    0000002a     driverlib.lib : gpio.obj (.text:GPIODirModeSet)
                  0000172a    00000002     rtsv7M4_T_le_v4SPD16_eabi.lib : div0.asm.obj (.text)
                  0000172c    00000028                                   : memory.c.obj (.text:free_list_insert)
                  00001754    00000028                                   : write.c.obj (.text:write)
                  0000177c    0000001e     driverlib.lib : adc.obj (.text:ADCSequenceDataGet)
                  0000179a    0000001c     rtsv7M4_T_le_v4SPD16_eabi.lib : copy_zero_init.c.obj (.text:decompress:ZI:__TI_zero_init_nomemset:__TI_zero_init_nomemset)
                  000017b6    00000002     --HOLE-- [fill = 0]
                  000017b8    0000001c                                   : memory.c.obj (.text:free_list_remove)
                  000017d4    0000001a     uartstdio.obj (.text:UARTprintf)
                  000017ee    00000018     driverlib.lib : adc.obj (.text:ADCProcessorTrigger)
                  00001806    00000018                   : gpio.obj (.text:GPIOPinTypeGPIOOutput)
                  0000181e    00000018     rtsv7M4_T_le_v4SPD16_eabi.lib : strcmp.c.obj (.text:strcmp)
                  00001836    00000016                                   : strchr.c.obj (.text:strchr)
                  0000184c    00000014                                   : strcpy.c.obj (.text:strcpy)
                  00001860    00000014                                   : strlen.c.obj (.text:strlen)
                  00001874    00000012     driverlib.lib : gpio.obj (.text:GPIOPinTypeADC)
                  00001886    00000012                   : gpio.obj (.text:GPIOPinTypeUART)
                  00001898    0000000e                   : adc.obj (.text:ADCSequenceEnable)
                  000018a6    0000000e     rtsv7M4_T_le_v4SPD16_eabi.lib : time.c.obj (.text:__time32)
                  000018b4    0000000e                                   : copy_decompress_none.c.obj (.text:decompress:none:__TI_decompress_none)
                  000018c2    0000000a     driverlib.lib : adc.obj (.text:ADCIntClear)
                  000018cc    00000006                   : gpio.obj (.text:GPIOPinWrite)
                  000018d2    00000006     startup_ccs.obj (.text:ResetISR)
                  000018d8    00000006     driverlib.lib : sysctl.obj (.text:SysCtlDelay)
                  000018de    00000006                   : uart.obj (.text:UARTClockSourceSet)
                  000018e4    00000004     rtsv7M4_T_le_v4SPD16_eabi.lib : pre_init.c.obj (.text:_system_pre_init)
                  000018e8    00000004                                   : exit.c.obj (.text:abort:abort)

.const     0    000018ec    00000114     
                  000018ec    00000090     driverlib.lib : gpio.obj (.const:g_pui32GPIOBaseAddrs)
                  0000197c    0000006c                   : sysctl.obj (.const:g_pui32Xtals)
                  000019e8    0000000c     uartstdio.obj (.const:g_ui32UARTBase)
                  000019f4    0000000c     uartstdio.obj (.const:g_ui32UARTPeriph)

.cinit     0    00001a00    00000090     
                  00001a00    00000065     (.cinit..data.load) [load image, compression = lzss]
                  00001a65    00000003     --HOLE-- [fill = 0]
                  00001a68    0000000c     (__TI_handler_table)
                  00001a74    00000004     --HOLE-- [fill = 0]
                  00001a78    00000008     (.cinit..bss.load) [load image, compression = zero_init]
                  00001a80    00000010     (__TI_cinit_table)

.init_array 
*          0    00000000    00000000     UNINITIALIZED

.data      0    20000000    000001f4     UNINITIALIZED
                  20000000    000000f0     rtsv7M4_T_le_v4SPD16_eabi.lib : defs.c.obj (.data:_ftable)
                  200000f0    00000078                                   : host_device.c.obj (.data:_device)
                  20000168    00000050                                   : host_device.c.obj (.data:_stream)
                  200001b8    00000010                                   : defs.c.obj (.data)
                  200001c8    0000000c                                   : exit.c.obj (.data:$O1$$)
                  200001d4    00000008                                   : _lock.c.obj (.data:$O1$$)
                  200001dc    00000008                                   : memory.c.obj (.data:$O1$$)
                  200001e4    00000005     uartstdio.obj (.data)
                  200001e9    00000003     --HOLE--
                  200001ec    00000004     rtsv7M4_T_le_v4SPD16_eabi.lib : fopen.c.obj (.data)
                  200001f0    00000004                                   : open.c.obj (.data)

.bss       0    200001f4    000001c8     UNINITIALIZED
                  200001f4    00000120     rtsv7M4_T_le_v4SPD16_eabi.lib : trgmsg.c.obj (.bss:_CIOBUF_)
                  20000314    000000a0     (.common:__TI_tmpnams)
                  200003b4    00000008     (.common:parmbuf)

.stack     0    200003c0    00000100     UNINITIALIZED
                  200003c0    00000004     rtsv7M4_T_le_v4SPD16_eabi.lib : boot_cortex_m.c.obj (.stack)
                  200003c4    000000fc     --HOLE--

.sysmem    0    200004c0    00000010     UNINITIALIZED
                  200004c0    00000010     rtsv7M4_T_le_v4SPD16_eabi.lib : memory.c.obj (.sysmem)

__llvm_prf_cnts 
*          0    20000000    00000000     UNINITIALIZED

MODULE SUMMARY

       Module                       code   ro data   rw data
       ------                       ----   -------   -------
    ./
       uartstdio.obj                688    24        5      
       startup_ccs.obj              12     620       0      
       MCU_Sample_DIFF.obj          528    0         0      
    +--+----------------------------+------+---------+---------+
       Total:                       1228   644       5      
                                                            
    /Applications/ti/ccs1240/ccs/tools/compiler/ti-cgt-arm_20.2.7.LTS/lib/rtsv7M4_T_le_v4SPD16_eabi.lib
       fopen.c.obj                  480    0         4      
       defs.c.obj                   0      0         416    
       trgmsg.c.obj                 108    0         288    
       memory.c.obj                 296    0         8      
       host_device.c.obj            0      0         200    
       open.c.obj                   188    0         4      
       fclose.c.obj                 160    0         0      
       memcpy_t2.asm.obj            156    0         0      
       memset_t2.asm.obj            122    0         0      
       getdevice.c.obj              116    0         0      
       hostrename.c.obj             108    0         0      
       copy_decompress_lzss.c.obj   104    0         0      
       hostlseek.c.obj              104    0         0      
       hostopen.c.obj               96     0         8      
       close.c.obj                  92     0         0      
       exit.c.obj                   76     0         12     
       hostread.c.obj               88     0         0      
       hostwrite.c.obj              88     0         0      
       fflush.c.obj                 76     0         0      
       hosttime.c.obj               72     0         0      
       autoinit.c.obj               68     0         0      
       hostclose.c.obj              68     0         0      
       hostunlink.c.obj             68     0         0      
       u_divt2.asm.obj              64     0         0      
       strncpy.c.obj                54     0         0      
       boot_cortex_m.c.obj          52     0         0      
       unlink.c.obj                 44     0         0      
       write.c.obj                  40     0         0      
       copy_zero_init.c.obj         28     0         0      
       strcmp.c.obj                 24     0         0      
       strchr.c.obj                 22     0         0      
       strcpy.c.obj                 20     0         0      
       strlen.c.obj                 20     0         0      
       copy_decompress_none.c.obj   14     0         0      
       time.c.obj                   14     0         0      
       _lock.c.obj                  2      0         8      
       pre_init.c.obj               4      0         0      
       div0.asm.obj                 2      0         0      
    +--+----------------------------+------+---------+---------+
       Total:                       3138   0         948    
                                                            
    /Users/Tyler/ti/tivaware_c_series_2_1_4_178/driverlib/ccs/Debug/driverlib.lib
       sysctl.obj                   574    108       0      
       gpio.obj                     486    144       0      
       adc.obj                      326    0         0      
       uart.obj                     6      0         0      
    +--+----------------------------+------+---------+---------+
       Total:                       1392   252       0      
                                                            
       Heap:                        0      0         16     
       Stack:                       0      0         256    
       Linker Generated:            0      137       0      
    +--+----------------------------+------+---------+---------+
       Grand Total:                 5758   1033      1225   


LINKER GENERATED COPY TABLES

__TI_cinit_table @ 00001a80 records: 2, size/record: 8, table size: 16
	.data: load addr=00001a00, load size=00000065 bytes, run addr=20000000, run size=000001f4 bytes, compression=lzss
	.bss: load addr=00001a78, load size=00000008 bytes, run addr=200001f4, run size=000001c8 bytes, compression=zero_init


LINKER GENERATED HANDLER TABLE

__TI_handler_table @ 00001a68 records: 3, size/record: 4, table size: 12
	index: 0, handler: __TI_decompress_lzss
	index: 1, handler: __TI_decompress_none
	index: 2, handler: __TI_zero_init


GLOBAL SYMBOLS: SORTED ALPHABETICALLY BY Name 

address   name                           
-------   ----                           
000018c3  ADCIntClear                    
00001679  ADCIntStatus                   
000017ef  ADCProcessorTrigger            
000011b1  ADCSequenceConfigure           
0000177d  ADCSequenceDataGet             
00001899  ADCSequenceEnable              
00000d41  ADCSequenceStepConfigure       
000018e9  C$$EXIT                        
00001537  C$$IO$$                        
00001701  GPIODirModeSet                 
00000621  GPIOPadConfigSet               
00001299  GPIOPinConfigure               
00001875  GPIOPinTypeADC                 
00001807  GPIOPinTypeGPIOOutput          
00001887  GPIOPinTypeUART                
000018cd  GPIOPinWrite                   
000013b9  HOSTclose                      
00000f15  HOSTlseek                      
00000fe5  HOSTopen                       
00001101  HOSTread                       
00000ea9  HOSTrename                     
000012e1  HOSTtime                       
000013fd  HOSTunlink                     
00001159  HOSTwrite                      
00001201  InitConsole                    
000018d3  ResetISR                       
00000755  SysCtlClockGet                 
00000975  SysCtlClockSet                 
000018d9  SysCtlDelay                    
00001579  SysCtlPeripheralEnable         
000018df  UARTClockSourceSet             
00001045  UARTStdioConfig                
000017d5  UARTprintf                     
0000026d  UARTvprintf                    
00001329  UARTwrite                      
200001f4  __CIOBUF_                      
200004c0  __STACK_END                    
00000100  __STACK_SIZE                   
200004c0  __STACK_TOP                    
00000010  __SYSMEM_SIZE                  
00001a80  __TI_CINIT_Base                
00001a90  __TI_CINIT_Limit               
00001a68  __TI_Handler_Table_Base        
00001a74  __TI_Handler_Table_Limit       
00001441  __TI_auto_init_nobinit_nopinit 
000015ad  __TI_cleanup                   
200001c8  __TI_cleanup_ptr               
00000e35  __TI_closefile                 
00000f7d  __TI_decompress_lzss           
000018b5  __TI_decompress_none           
0000124d  __TI_doflush                   
200001cc  __TI_dtors_ptr                 
200001d0  __TI_enable_exit_profile_output
200001b8  __TI_ft_end                    
ffffffff  __TI_pprof_out_hndl            
ffffffff  __TI_prof_data_size            
ffffffff  __TI_prof_data_start           
000015e1  __TI_readmsg                   
00000000  __TI_static_base__             
20000314  __TI_tmpnams                   
00001509  __TI_writemsg                  
0000179b  __TI_zero_init_nomemset        
0000172b  __aeabi_idiv0                  
0000172b  __aeabi_ldiv0                  
00000dbb  __aeabi_memclr                 
00000dbb  __aeabi_memclr4                
00000dbb  __aeabi_memclr8                
00000ca5  __aeabi_memcpy                 
00000ca5  __aeabi_memcpy4                
00000ca5  __aeabi_memcpy8                
00000dbd  __aeabi_memset                 
00000dbd  __aeabi_memset4                
00000dbd  __aeabi_memset8                
200001c4  __aeabi_stderr                 
200001bc  __aeabi_stdin                  
200001c0  __aeabi_stdout                 
000014c9  __aeabi_uidiv                  
000014c9  __aeabi_uidivmod               
ffffffff  __binit__                      
ffffffff  __c_args__                     
UNDEFED   __mpu_init                     
200003c0  __stack                        
20000000  __start___llvm_prf_cnts        
20000000  __stop___llvm_prf_cnts         
000018a7  __time32                       
00001615  _c_int00_noargs                
200000f0  _device                        
20000000  _ftable                        
200001d4  _lock                          
000016a7  _nop                           
20000168  _stream                        
200004c0  _sys_memory                    
UNDEFED   _system_post_cinit             
000018e5  _system_pre_init               
200001d8  _unlock                        
000018e9  abort                          
ffffffff  binit                          
000010a5  close                          
00001371  exit                           
000016a9  fclose                         
00001649  finddevice                     
00000c09  fopen                          
00000a69  free                           
00000000  g_pfnVectors                   
00001485  getdevice                      
0000045d  main                           
00000ca5  memcpy                         
00000dc3  memset                         
00000b4d  open                           
200003b4  parmbuf                        
000016d5  remove                         
00001837  strchr                         
0000181f  strcmp                         
0000184d  strcpy                         
00001861  strlen                         
00001541  strncpy                        
000018a7  time                           
000016d5  unlink                         
00001755  write                          


GLOBAL SYMBOLS: SORTED BY Symbol Address 

address   name                           
-------   ----                           
00000000  __TI_static_base__             
00000000  g_pfnVectors                   
00000010  __SYSMEM_SIZE                  
00000100  __STACK_SIZE                   
0000026d  UARTvprintf                    
0000045d  main                           
00000621  GPIOPadConfigSet               
00000755  SysCtlClockGet                 
00000975  SysCtlClockSet                 
00000a69  free                           
00000b4d  open                           
00000c09  fopen                          
00000ca5  __aeabi_memcpy                 
00000ca5  __aeabi_memcpy4                
00000ca5  __aeabi_memcpy8                
00000ca5  memcpy                         
00000d41  ADCSequenceStepConfigure       
00000dbb  __aeabi_memclr                 
00000dbb  __aeabi_memclr4                
00000dbb  __aeabi_memclr8                
00000dbd  __aeabi_memset                 
00000dbd  __aeabi_memset4                
00000dbd  __aeabi_memset8                
00000dc3  memset                         
00000e35  __TI_closefile                 
00000ea9  HOSTrename                     
00000f15  HOSTlseek                      
00000f7d  __TI_decompress_lzss           
00000fe5  HOSTopen                       
00001045  UARTStdioConfig                
000010a5  close                          
00001101  HOSTread                       
00001159  HOSTwrite                      
000011b1  ADCSequenceConfigure           
00001201  InitConsole                    
0000124d  __TI_doflush                   
00001299  GPIOPinConfigure               
000012e1  HOSTtime                       
00001329  UARTwrite                      
00001371  exit                           
000013b9  HOSTclose                      
000013fd  HOSTunlink                     
00001441  __TI_auto_init_nobinit_nopinit 
00001485  getdevice                      
000014c9  __aeabi_uidiv                  
000014c9  __aeabi_uidivmod               
00001509  __TI_writemsg                  
00001537  C$$IO$$                        
00001541  strncpy                        
00001579  SysCtlPeripheralEnable         
000015ad  __TI_cleanup                   
000015e1  __TI_readmsg                   
00001615  _c_int00_noargs                
00001649  finddevice                     
00001679  ADCIntStatus                   
000016a7  _nop                           
000016a9  fclose                         
000016d5  remove                         
000016d5  unlink                         
00001701  GPIODirModeSet                 
0000172b  __aeabi_idiv0                  
0000172b  __aeabi_ldiv0                  
00001755  write                          
0000177d  ADCSequenceDataGet             
0000179b  __TI_zero_init_nomemset        
000017d5  UARTprintf                     
000017ef  ADCProcessorTrigger            
00001807  GPIOPinTypeGPIOOutput          
0000181f  strcmp                         
00001837  strchr                         
0000184d  strcpy                         
00001861  strlen                         
00001875  GPIOPinTypeADC                 
00001887  GPIOPinTypeUART                
00001899  ADCSequenceEnable              
000018a7  __time32                       
000018a7  time                           
000018b5  __TI_decompress_none           
000018c3  ADCIntClear                    
000018cd  GPIOPinWrite                   
000018d3  ResetISR                       
000018d9  SysCtlDelay                    
000018df  UARTClockSourceSet             
000018e5  _system_pre_init               
000018e9  C$$EXIT                        
000018e9  abort                          
00001a68  __TI_Handler_Table_Base        
00001a74  __TI_Handler_Table_Limit       
00001a80  __TI_CINIT_Base                
00001a90  __TI_CINIT_Limit               
20000000  __start___llvm_prf_cnts        
20000000  __stop___llvm_prf_cnts         
20000000  _ftable                        
200000f0  _device                        
20000168  _stream                        
200001b8  __TI_ft_end                    
200001bc  __aeabi_stdin                  
200001c0  __aeabi_stdout                 
200001c4  __aeabi_stderr                 
200001c8  __TI_cleanup_ptr               
200001cc  __TI_dtors_ptr                 
200001d0  __TI_enable_exit_profile_output
200001d4  _lock                          
200001d8  _unlock                        
200001f4  __CIOBUF_                      
20000314  __TI_tmpnams                   
200003b4  parmbuf                        
200003c0  __stack                        
200004c0  __STACK_END                    
200004c0  __STACK_TOP                    
200004c0  _sys_memory                    
ffffffff  __TI_pprof_out_hndl            
ffffffff  __TI_prof_data_size            
ffffffff  __TI_prof_data_start           
ffffffff  __binit__                      
ffffffff  __c_args__                     
ffffffff  binit                          
UNDEFED   __mpu_init                     
UNDEFED   _system_post_cinit             

[119 symbols]
