<?xml version="1.0" encoding="ISO-8859-1" ?>
<link_info>
   <banner>TI ARM Linker Unix v20.2.7.LTS</banner>
   <copyright>Copyright (c) 1996-2018 Texas Instruments Incorporated</copyright>
   <link_time>0x6500d37d</link_time>
   <link_errors>0x0</link_errors>
   <output_file>SUPR_HydroSensor.out</output_file>
   <entry_point>
      <name>_c_int00_noargs</name>
      <address>0x1615</address>
   </entry_point>
   <input_file_list>
      <input_file id="fl-1">
         <path>./</path>
         <kind>object</kind>
         <file>MCU_Sample_DIFF.obj</file>
         <name>MCU_Sample_DIFF.obj</name>
      </input_file>
      <input_file id="fl-2">
         <path>./</path>
         <kind>object</kind>
         <file>cmdline.obj</file>
         <name>cmdline.obj</name>
      </input_file>
      <input_file id="fl-3">
         <path>./</path>
         <kind>object</kind>
         <file>flash_pb.obj</file>
         <name>flash_pb.obj</name>
      </input_file>
      <input_file id="fl-4">
         <path>./</path>
         <kind>object</kind>
         <file>random.obj</file>
         <name>random.obj</name>
      </input_file>
      <input_file id="fl-5">
         <path>./</path>
         <kind>object</kind>
         <file>softuart.obj</file>
         <name>softuart.obj</name>
      </input_file>
      <input_file id="fl-6">
         <path>./</path>
         <kind>object</kind>
         <file>spi_flash.obj</file>
         <name>spi_flash.obj</name>
      </input_file>
      <input_file id="fl-7">
         <path>./</path>
         <kind>object</kind>
         <file>startup_ccs.obj</file>
         <name>startup_ccs.obj</name>
      </input_file>
      <input_file id="fl-8">
         <path>./</path>
         <kind>object</kind>
         <file>uartstdio.obj</file>
         <name>uartstdio.obj</name>
      </input_file>
      <input_file id="fl-9">
         <path>./</path>
         <kind>object</kind>
         <file>ustdlib.obj</file>
         <name>ustdlib.obj</name>
      </input_file>
      <input_file id="fl-e">
         <kind>object</kind>
         <file>&lt;internal&gt;</file>
         <name>&lt;internal&gt;</name>
      </input_file>
      <input_file id="fl-c4">
         <path>/Applications/ti/ccs1240/ccs/tools/compiler/ti-cgt-arm_20.2.7.LTS/lib/</path>
         <kind>archive</kind>
         <file>rtsv7M4_T_le_v4SPD16_eabi.lib</file>
         <name>fclose.c.obj</name>
      </input_file>
      <input_file id="fl-c5">
         <path>/Applications/ti/ccs1240/ccs/tools/compiler/ti-cgt-arm_20.2.7.LTS/lib/</path>
         <kind>archive</kind>
         <file>rtsv7M4_T_le_v4SPD16_eabi.lib</file>
         <name>fflush.c.obj</name>
      </input_file>
      <input_file id="fl-c6">
         <path>/Applications/ti/ccs1240/ccs/tools/compiler/ti-cgt-arm_20.2.7.LTS/lib/</path>
         <kind>archive</kind>
         <file>rtsv7M4_T_le_v4SPD16_eabi.lib</file>
         <name>fopen.c.obj</name>
      </input_file>
      <input_file id="fl-c7">
         <path>/Applications/ti/ccs1240/ccs/tools/compiler/ti-cgt-arm_20.2.7.LTS/lib/</path>
         <kind>archive</kind>
         <file>rtsv7M4_T_le_v4SPD16_eabi.lib</file>
         <name>memset_t2.asm.obj</name>
      </input_file>
      <input_file id="fl-c8">
         <path>/Applications/ti/ccs1240/ccs/tools/compiler/ti-cgt-arm_20.2.7.LTS/lib/</path>
         <kind>archive</kind>
         <file>rtsv7M4_T_le_v4SPD16_eabi.lib</file>
         <name>u_divt2.asm.obj</name>
      </input_file>
      <input_file id="fl-c9">
         <path>/Applications/ti/ccs1240/ccs/tools/compiler/ti-cgt-arm_20.2.7.LTS/lib/</path>
         <kind>archive</kind>
         <file>rtsv7M4_T_le_v4SPD16_eabi.lib</file>
         <name>copy_zero_init.c.obj</name>
      </input_file>
      <input_file id="fl-ca">
         <path>/Applications/ti/ccs1240/ccs/tools/compiler/ti-cgt-arm_20.2.7.LTS/lib/</path>
         <kind>archive</kind>
         <file>rtsv7M4_T_le_v4SPD16_eabi.lib</file>
         <name>copy_decompress_none.c.obj</name>
      </input_file>
      <input_file id="fl-cb">
         <path>/Applications/ti/ccs1240/ccs/tools/compiler/ti-cgt-arm_20.2.7.LTS/lib/</path>
         <kind>archive</kind>
         <file>rtsv7M4_T_le_v4SPD16_eabi.lib</file>
         <name>copy_decompress_lzss.c.obj</name>
      </input_file>
      <input_file id="fl-cc">
         <path>/Applications/ti/ccs1240/ccs/tools/compiler/ti-cgt-arm_20.2.7.LTS/lib/</path>
         <kind>archive</kind>
         <file>rtsv7M4_T_le_v4SPD16_eabi.lib</file>
         <name>exit.c.obj</name>
      </input_file>
      <input_file id="fl-cd">
         <path>/Applications/ti/ccs1240/ccs/tools/compiler/ti-cgt-arm_20.2.7.LTS/lib/</path>
         <kind>archive</kind>
         <file>rtsv7M4_T_le_v4SPD16_eabi.lib</file>
         <name>_lock.c.obj</name>
      </input_file>
      <input_file id="fl-ce">
         <path>/Applications/ti/ccs1240/ccs/tools/compiler/ti-cgt-arm_20.2.7.LTS/lib/</path>
         <kind>archive</kind>
         <file>rtsv7M4_T_le_v4SPD16_eabi.lib</file>
         <name>defs.c.obj</name>
      </input_file>
      <input_file id="fl-cf">
         <path>/Applications/ti/ccs1240/ccs/tools/compiler/ti-cgt-arm_20.2.7.LTS/lib/</path>
         <kind>archive</kind>
         <file>rtsv7M4_T_le_v4SPD16_eabi.lib</file>
         <name>memory.c.obj</name>
      </input_file>
      <input_file id="fl-d0">
         <path>/Applications/ti/ccs1240/ccs/tools/compiler/ti-cgt-arm_20.2.7.LTS/lib/</path>
         <kind>archive</kind>
         <file>rtsv7M4_T_le_v4SPD16_eabi.lib</file>
         <name>strcmp.c.obj</name>
      </input_file>
      <input_file id="fl-d1">
         <path>/Applications/ti/ccs1240/ccs/tools/compiler/ti-cgt-arm_20.2.7.LTS/lib/</path>
         <kind>archive</kind>
         <file>rtsv7M4_T_le_v4SPD16_eabi.lib</file>
         <name>boot_cortex_m.c.obj</name>
      </input_file>
      <input_file id="fl-d2">
         <path>/Applications/ti/ccs1240/ccs/tools/compiler/ti-cgt-arm_20.2.7.LTS/lib/</path>
         <kind>archive</kind>
         <file>rtsv7M4_T_le_v4SPD16_eabi.lib</file>
         <name>write.c.obj</name>
      </input_file>
      <input_file id="fl-d3">
         <path>/Applications/ti/ccs1240/ccs/tools/compiler/ti-cgt-arm_20.2.7.LTS/lib/</path>
         <kind>archive</kind>
         <file>rtsv7M4_T_le_v4SPD16_eabi.lib</file>
         <name>host_device.c.obj</name>
      </input_file>
      <input_file id="fl-d4">
         <path>/Applications/ti/ccs1240/ccs/tools/compiler/ti-cgt-arm_20.2.7.LTS/lib/</path>
         <kind>archive</kind>
         <file>rtsv7M4_T_le_v4SPD16_eabi.lib</file>
         <name>time.c.obj</name>
      </input_file>
      <input_file id="fl-d5">
         <path>/Applications/ti/ccs1240/ccs/tools/compiler/ti-cgt-arm_20.2.7.LTS/lib/</path>
         <kind>archive</kind>
         <file>rtsv7M4_T_le_v4SPD16_eabi.lib</file>
         <name>remove.c.obj</name>
      </input_file>
      <input_file id="fl-d6">
         <path>/Applications/ti/ccs1240/ccs/tools/compiler/ti-cgt-arm_20.2.7.LTS/lib/</path>
         <kind>archive</kind>
         <file>rtsv7M4_T_le_v4SPD16_eabi.lib</file>
         <name>open.c.obj</name>
      </input_file>
      <input_file id="fl-d7">
         <path>/Applications/ti/ccs1240/ccs/tools/compiler/ti-cgt-arm_20.2.7.LTS/lib/</path>
         <kind>archive</kind>
         <file>rtsv7M4_T_le_v4SPD16_eabi.lib</file>
         <name>close.c.obj</name>
      </input_file>
      <input_file id="fl-d8">
         <path>/Applications/ti/ccs1240/ccs/tools/compiler/ti-cgt-arm_20.2.7.LTS/lib/</path>
         <kind>archive</kind>
         <file>rtsv7M4_T_le_v4SPD16_eabi.lib</file>
         <name>getdevice.c.obj</name>
      </input_file>
      <input_file id="fl-d9">
         <path>/Applications/ti/ccs1240/ccs/tools/compiler/ti-cgt-arm_20.2.7.LTS/lib/</path>
         <kind>archive</kind>
         <file>rtsv7M4_T_le_v4SPD16_eabi.lib</file>
         <name>div0.asm.obj</name>
      </input_file>
      <input_file id="fl-da">
         <path>/Applications/ti/ccs1240/ccs/tools/compiler/ti-cgt-arm_20.2.7.LTS/lib/</path>
         <kind>archive</kind>
         <file>rtsv7M4_T_le_v4SPD16_eabi.lib</file>
         <name>memcpy_t2.asm.obj</name>
      </input_file>
      <input_file id="fl-db">
         <path>/Applications/ti/ccs1240/ccs/tools/compiler/ti-cgt-arm_20.2.7.LTS/lib/</path>
         <kind>archive</kind>
         <file>rtsv7M4_T_le_v4SPD16_eabi.lib</file>
         <name>autoinit.c.obj</name>
      </input_file>
      <input_file id="fl-dc">
         <path>/Applications/ti/ccs1240/ccs/tools/compiler/ti-cgt-arm_20.2.7.LTS/lib/</path>
         <kind>archive</kind>
         <file>rtsv7M4_T_le_v4SPD16_eabi.lib</file>
         <name>pre_init.c.obj</name>
      </input_file>
      <input_file id="fl-dd">
         <path>/Applications/ti/ccs1240/ccs/tools/compiler/ti-cgt-arm_20.2.7.LTS/lib/</path>
         <kind>archive</kind>
         <file>rtsv7M4_T_le_v4SPD16_eabi.lib</file>
         <name>cpy_tbl.c.obj</name>
      </input_file>
      <input_file id="fl-de">
         <path>/Applications/ti/ccs1240/ccs/tools/compiler/ti-cgt-arm_20.2.7.LTS/lib/</path>
         <kind>archive</kind>
         <file>rtsv7M4_T_le_v4SPD16_eabi.lib</file>
         <name>args_main.c.obj</name>
      </input_file>
      <input_file id="fl-df">
         <path>/Applications/ti/ccs1240/ccs/tools/compiler/ti-cgt-arm_20.2.7.LTS/lib/</path>
         <kind>archive</kind>
         <file>rtsv7M4_T_le_v4SPD16_eabi.lib</file>
         <name>strchr.c.obj</name>
      </input_file>
      <input_file id="fl-e0">
         <path>/Applications/ti/ccs1240/ccs/tools/compiler/ti-cgt-arm_20.2.7.LTS/lib/</path>
         <kind>archive</kind>
         <file>rtsv7M4_T_le_v4SPD16_eabi.lib</file>
         <name>strncpy.c.obj</name>
      </input_file>
      <input_file id="fl-e1">
         <path>/Applications/ti/ccs1240/ccs/tools/compiler/ti-cgt-arm_20.2.7.LTS/lib/</path>
         <kind>archive</kind>
         <file>rtsv7M4_T_le_v4SPD16_eabi.lib</file>
         <name>unlink.c.obj</name>
      </input_file>
      <input_file id="fl-e2">
         <path>/Applications/ti/ccs1240/ccs/tools/compiler/ti-cgt-arm_20.2.7.LTS/lib/</path>
         <kind>archive</kind>
         <file>rtsv7M4_T_le_v4SPD16_eabi.lib</file>
         <name>hostclose.c.obj</name>
      </input_file>
      <input_file id="fl-e3">
         <path>/Applications/ti/ccs1240/ccs/tools/compiler/ti-cgt-arm_20.2.7.LTS/lib/</path>
         <kind>archive</kind>
         <file>rtsv7M4_T_le_v4SPD16_eabi.lib</file>
         <name>hostlseek.c.obj</name>
      </input_file>
      <input_file id="fl-e4">
         <path>/Applications/ti/ccs1240/ccs/tools/compiler/ti-cgt-arm_20.2.7.LTS/lib/</path>
         <kind>archive</kind>
         <file>rtsv7M4_T_le_v4SPD16_eabi.lib</file>
         <name>hostopen.c.obj</name>
      </input_file>
      <input_file id="fl-e5">
         <path>/Applications/ti/ccs1240/ccs/tools/compiler/ti-cgt-arm_20.2.7.LTS/lib/</path>
         <kind>archive</kind>
         <file>rtsv7M4_T_le_v4SPD16_eabi.lib</file>
         <name>hostread.c.obj</name>
      </input_file>
      <input_file id="fl-e6">
         <path>/Applications/ti/ccs1240/ccs/tools/compiler/ti-cgt-arm_20.2.7.LTS/lib/</path>
         <kind>archive</kind>
         <file>rtsv7M4_T_le_v4SPD16_eabi.lib</file>
         <name>hostrename.c.obj</name>
      </input_file>
      <input_file id="fl-e7">
         <path>/Applications/ti/ccs1240/ccs/tools/compiler/ti-cgt-arm_20.2.7.LTS/lib/</path>
         <kind>archive</kind>
         <file>rtsv7M4_T_le_v4SPD16_eabi.lib</file>
         <name>hosttime.c.obj</name>
      </input_file>
      <input_file id="fl-e8">
         <path>/Applications/ti/ccs1240/ccs/tools/compiler/ti-cgt-arm_20.2.7.LTS/lib/</path>
         <kind>archive</kind>
         <file>rtsv7M4_T_le_v4SPD16_eabi.lib</file>
         <name>hostunlink.c.obj</name>
      </input_file>
      <input_file id="fl-e9">
         <path>/Applications/ti/ccs1240/ccs/tools/compiler/ti-cgt-arm_20.2.7.LTS/lib/</path>
         <kind>archive</kind>
         <file>rtsv7M4_T_le_v4SPD16_eabi.lib</file>
         <name>hostwrite.c.obj</name>
      </input_file>
      <input_file id="fl-ea">
         <path>/Applications/ti/ccs1240/ccs/tools/compiler/ti-cgt-arm_20.2.7.LTS/lib/</path>
         <kind>archive</kind>
         <file>rtsv7M4_T_le_v4SPD16_eabi.lib</file>
         <name>trgmsg.c.obj</name>
      </input_file>
      <input_file id="fl-eb">
         <path>/Applications/ti/ccs1240/ccs/tools/compiler/ti-cgt-arm_20.2.7.LTS/lib/</path>
         <kind>archive</kind>
         <file>rtsv7M4_T_le_v4SPD16_eabi.lib</file>
         <name>strcpy.c.obj</name>
      </input_file>
      <input_file id="fl-ec">
         <path>/Applications/ti/ccs1240/ccs/tools/compiler/ti-cgt-arm_20.2.7.LTS/lib/</path>
         <kind>archive</kind>
         <file>rtsv7M4_T_le_v4SPD16_eabi.lib</file>
         <name>strlen.c.obj</name>
      </input_file>
      <input_file id="fl-ed">
         <path>/Users/Tyler/ti/tivaware_c_series_2_1_4_178/driverlib/ccs/Debug/</path>
         <kind>archive</kind>
         <file>driverlib.lib</file>
         <name>adc.obj</name>
      </input_file>
      <input_file id="fl-ee">
         <path>/Users/Tyler/ti/tivaware_c_series_2_1_4_178/driverlib/ccs/Debug/</path>
         <kind>archive</kind>
         <file>driverlib.lib</file>
         <name>gpio.obj</name>
      </input_file>
      <input_file id="fl-ef">
         <path>/Users/Tyler/ti/tivaware_c_series_2_1_4_178/driverlib/ccs/Debug/</path>
         <kind>archive</kind>
         <file>driverlib.lib</file>
         <name>interrupt.obj</name>
      </input_file>
      <input_file id="fl-f0">
         <path>/Users/Tyler/ti/tivaware_c_series_2_1_4_178/driverlib/ccs/Debug/</path>
         <kind>archive</kind>
         <file>driverlib.lib</file>
         <name>ssi.obj</name>
      </input_file>
      <input_file id="fl-f1">
         <path>/Users/Tyler/ti/tivaware_c_series_2_1_4_178/driverlib/ccs/Debug/</path>
         <kind>archive</kind>
         <file>driverlib.lib</file>
         <name>sysctl.obj</name>
      </input_file>
      <input_file id="fl-f2">
         <path>/Users/Tyler/ti/tivaware_c_series_2_1_4_178/driverlib/ccs/Debug/</path>
         <kind>archive</kind>
         <file>driverlib.lib</file>
         <name>uart.obj</name>
      </input_file>
      <input_file id="fl-f3">
         <path>/Users/Tyler/ti/tivaware_c_series_2_1_4_178/driverlib/ccs/Debug/</path>
         <kind>archive</kind>
         <file>driverlib.lib</file>
         <name>udma.obj</name>
      </input_file>
      <input_file id="fl-f4">
         <path>/Users/Tyler/ti/tivaware_c_series_2_1_4_178/driverlib/ccs/Debug/</path>
         <kind>archive</kind>
         <file>driverlib.lib</file>
         <name>cpu.obj</name>
      </input_file>
   </input_file_list>
   <object_component_list>
      <object_component id="oc-12">
         <name>.intvecs</name>
         <load_address>0x0</load_address>
         <run_address>0x0</run_address>
         <size>0x26c</size>
         <input_file_ref idref="fl-7"/>
      </object_component>
      <object_component id="oc-1df">
         <name>.text:UARTvprintf</name>
         <load_address>0x26c</load_address>
         <run_address>0x26c</run_address>
         <size>0x1ee</size>
         <input_file_ref idref="fl-8"/>
      </object_component>
      <object_component id="oc-36">
         <name>.text:FaultISR</name>
         <load_address>0x45a</load_address>
         <run_address>0x45a</run_address>
         <size>0x2</size>
         <input_file_ref idref="fl-7"/>
      </object_component>
      <object_component id="oc-b7">
         <name>.text:main</name>
         <load_address>0x45c</load_address>
         <run_address>0x45c</run_address>
         <size>0x1c4</size>
         <input_file_ref idref="fl-1"/>
      </object_component>
      <object_component id="oc-1f3">
         <name>.text:GPIOPadConfigSet</name>
         <load_address>0x620</load_address>
         <run_address>0x620</run_address>
         <size>0x132</size>
         <input_file_ref idref="fl-ee"/>
      </object_component>
      <object_component id="oc-3c">
         <name>.text:IntDefaultHandler</name>
         <load_address>0x752</load_address>
         <run_address>0x752</run_address>
         <size>0x2</size>
         <input_file_ref idref="fl-7"/>
      </object_component>
      <object_component id="oc-150">
         <name>.text:SysCtlClockGet</name>
         <load_address>0x754</load_address>
         <run_address>0x754</run_address>
         <size>0x110</size>
         <input_file_ref idref="fl-f1"/>
      </object_component>
      <object_component id="oc-1ad">
         <name>.text:_openfile</name>
         <load_address>0x864</load_address>
         <run_address>0x864</run_address>
         <size>0x110</size>
         <input_file_ref idref="fl-c6"/>
      </object_component>
      <object_component id="oc-f6">
         <name>.text:SysCtlClockSet</name>
         <load_address>0x974</load_address>
         <run_address>0x974</run_address>
         <size>0xf4</size>
         <input_file_ref idref="fl-f1"/>
      </object_component>
      <object_component id="oc-2b3">
         <name>.text:free</name>
         <load_address>0xa68</load_address>
         <run_address>0xa68</run_address>
         <size>0xe4</size>
         <input_file_ref idref="fl-cf"/>
      </object_component>
      <object_component id="oc-23c">
         <name>.text:open</name>
         <load_address>0xb4c</load_address>
         <run_address>0xb4c</run_address>
         <size>0xbc</size>
         <input_file_ref idref="fl-d6"/>
      </object_component>
      <object_component id="oc-f0">
         <name>.text:fopen</name>
         <load_address>0xc08</load_address>
         <run_address>0xc08</run_address>
         <size>0x9c</size>
         <input_file_ref idref="fl-c6"/>
      </object_component>
      <object_component id="oc-50">
         <name>.text</name>
         <load_address>0xca4</load_address>
         <run_address>0xca4</run_address>
         <size>0x9c</size>
         <input_file_ref idref="fl-da"/>
      </object_component>
      <object_component id="oc-11a">
         <name>.text:ADCSequenceStepConfigure</name>
         <load_address>0xd40</load_address>
         <run_address>0xd40</run_address>
         <size>0x7a</size>
         <input_file_ref idref="fl-ed"/>
      </object_component>
      <object_component id="oc-ab">
         <name>.text</name>
         <load_address>0xdba</load_address>
         <run_address>0xdba</run_address>
         <size>0x7a</size>
         <input_file_ref idref="fl-c7"/>
      </object_component>
      <object_component id="oc-217">
         <name>.text:__TI_closefile</name>
         <load_address>0xe34</load_address>
         <run_address>0xe34</run_address>
         <size>0x74</size>
         <input_file_ref idref="fl-c4"/>
      </object_component>
      <object_component id="oc-3a3">
         <name>.text:HOSTrename</name>
         <load_address>0xea8</load_address>
         <run_address>0xea8</run_address>
         <size>0x6c</size>
         <input_file_ref idref="fl-e6"/>
      </object_component>
      <object_component id="oc-397">
         <name>.text:HOSTlseek</name>
         <load_address>0xf14</load_address>
         <run_address>0xf14</run_address>
         <size>0x68</size>
         <input_file_ref idref="fl-e3"/>
      </object_component>
      <object_component id="oc-15">
         <name>.text:decompress:lzss:__TI_decompress_lzss</name>
         <load_address>0xf7c</load_address>
         <run_address>0xf7c</run_address>
         <size>0x68</size>
         <input_file_ref idref="fl-cb"/>
      </object_component>
      <object_component id="oc-37f">
         <name>.text:HOSTopen</name>
         <load_address>0xfe4</load_address>
         <run_address>0xfe4</run_address>
         <size>0x60</size>
         <input_file_ref idref="fl-e4"/>
      </object_component>
      <object_component id="oc-1d8">
         <name>.text:UARTStdioConfig</name>
         <load_address>0x1044</load_address>
         <run_address>0x1044</run_address>
         <size>0x60</size>
         <input_file_ref idref="fl-8"/>
      </object_component>
      <object_component id="oc-2b9">
         <name>.text:close</name>
         <load_address>0x10a4</load_address>
         <run_address>0x10a4</run_address>
         <size>0x5c</size>
         <input_file_ref idref="fl-d7"/>
      </object_component>
      <object_component id="oc-38b">
         <name>.text:HOSTread</name>
         <load_address>0x1100</load_address>
         <run_address>0x1100</run_address>
         <size>0x58</size>
         <input_file_ref idref="fl-e5"/>
      </object_component>
      <object_component id="oc-391">
         <name>.text:HOSTwrite</name>
         <load_address>0x1158</load_address>
         <run_address>0x1158</run_address>
         <size>0x58</size>
         <input_file_ref idref="fl-e9"/>
      </object_component>
      <object_component id="oc-114">
         <name>.text:ADCSequenceConfigure</name>
         <load_address>0x11b0</load_address>
         <run_address>0x11b0</run_address>
         <size>0x50</size>
         <input_file_ref idref="fl-ed"/>
      </object_component>
      <object_component id="oc-fc">
         <name>.text:InitConsole</name>
         <load_address>0x1200</load_address>
         <run_address>0x1200</run_address>
         <size>0x4c</size>
         <input_file_ref idref="fl-1"/>
      </object_component>
      <object_component id="oc-2ad">
         <name>.text:__TI_doflush</name>
         <load_address>0x124c</load_address>
         <run_address>0x124c</run_address>
         <size>0x4c</size>
         <input_file_ref idref="fl-c5"/>
      </object_component>
      <object_component id="oc-1c6">
         <name>.text:GPIOPinConfigure</name>
         <load_address>0x1298</load_address>
         <run_address>0x1298</run_address>
         <size>0x48</size>
         <input_file_ref idref="fl-ee"/>
      </object_component>
      <object_component id="oc-200">
         <name>.text:HOSTtime</name>
         <load_address>0x12e0</load_address>
         <run_address>0x12e0</run_address>
         <size>0x48</size>
         <input_file_ref idref="fl-e7"/>
      </object_component>
      <object_component id="oc-27b">
         <name>.text:UARTwrite</name>
         <load_address>0x1328</load_address>
         <run_address>0x1328</run_address>
         <size>0x48</size>
         <input_file_ref idref="fl-8"/>
      </object_component>
      <object_component id="oc-169">
         <name>.text:exit</name>
         <load_address>0x1370</load_address>
         <run_address>0x1370</run_address>
         <size>0x48</size>
         <input_file_ref idref="fl-cc"/>
      </object_component>
      <object_component id="oc-385">
         <name>.text:HOSTclose</name>
         <load_address>0x13b8</load_address>
         <run_address>0x13b8</run_address>
         <size>0x44</size>
         <input_file_ref idref="fl-e2"/>
      </object_component>
      <object_component id="oc-39d">
         <name>.text:HOSTunlink</name>
         <load_address>0x13fc</load_address>
         <run_address>0x13fc</run_address>
         <size>0x44</size>
         <input_file_ref idref="fl-e8"/>
      </object_component>
      <object_component id="oc-16f">
         <name>.text:__TI_auto_init_nobinit_nopinit:__TI_auto_init_nobinit_nopinit</name>
         <load_address>0x1440</load_address>
         <run_address>0x1440</run_address>
         <size>0x44</size>
         <input_file_ref idref="fl-db"/>
      </object_component>
      <object_component id="oc-2e0">
         <name>.text:getdevice</name>
         <load_address>0x1484</load_address>
         <run_address>0x1484</run_address>
         <size>0x44</size>
         <input_file_ref idref="fl-d8"/>
      </object_component>
      <object_component id="oc-281">
         <name>.text</name>
         <load_address>0x14c8</load_address>
         <run_address>0x14c8</run_address>
         <size>0x40</size>
         <input_file_ref idref="fl-c8"/>
      </object_component>
      <object_component id="oc-28d">
         <name>.text:__TI_writemsg</name>
         <load_address>0x1508</load_address>
         <run_address>0x1508</run_address>
         <size>0x38</size>
         <input_file_ref idref="fl-ea"/>
      </object_component>
      <object_component id="oc-33d">
         <name>.text:strncpy</name>
         <load_address>0x1540</load_address>
         <run_address>0x1540</run_address>
         <size>0x36</size>
         <input_file_ref idref="fl-e0"/>
      </object_component>
      <object_component id="oc-30">
         <name>.text:NmiSR</name>
         <load_address>0x1576</load_address>
         <run_address>0x1576</run_address>
         <size>0x2</size>
         <input_file_ref idref="fl-7"/>
      </object_component>
      <object_component id="oc-108">
         <name>.text:SysCtlPeripheralEnable</name>
         <load_address>0x1578</load_address>
         <run_address>0x1578</run_address>
         <size>0x34</size>
         <input_file_ref idref="fl-f1"/>
      </object_component>
      <object_component id="oc-242">
         <name>.text:__TI_cleanup</name>
         <load_address>0x15ac</load_address>
         <run_address>0x15ac</run_address>
         <size>0x34</size>
         <input_file_ref idref="fl-c6"/>
      </object_component>
      <object_component id="oc-293">
         <name>.text:__TI_readmsg</name>
         <load_address>0x15e0</load_address>
         <run_address>0x15e0</run_address>
         <size>0x34</size>
         <input_file_ref idref="fl-ea"/>
      </object_component>
      <object_component id="oc-6e">
         <name>.text:_c_int00_noargs:_c_int00_noargs</name>
         <load_address>0x1614</load_address>
         <run_address>0x1614</run_address>
         <size>0x34</size>
         <input_file_ref idref="fl-d1"/>
      </object_component>
      <object_component id="oc-343">
         <name>.text:finddevice</name>
         <load_address>0x1648</load_address>
         <run_address>0x1648</run_address>
         <size>0x30</size>
         <input_file_ref idref="fl-d8"/>
      </object_component>
      <object_component id="oc-144">
         <name>.text:ADCIntStatus</name>
         <load_address>0x1678</load_address>
         <run_address>0x1678</run_address>
         <size>0x2e</size>
         <input_file_ref idref="fl-ed"/>
      </object_component>
      <object_component id="oc-24d">
         <name>.text:_nop</name>
         <load_address>0x16a6</load_address>
         <run_address>0x16a6</run_address>
         <size>0x2</size>
         <input_file_ref idref="fl-cd"/>
      </object_component>
      <object_component id="oc-157">
         <name>.text:fclose</name>
         <load_address>0x16a8</load_address>
         <run_address>0x16a8</run_address>
         <size>0x2c</size>
         <input_file_ref idref="fl-c4"/>
      </object_component>
      <object_component id="oc-2bf">
         <name>.text:unlink</name>
         <load_address>0x16d4</load_address>
         <run_address>0x16d4</run_address>
         <size>0x2c</size>
         <input_file_ref idref="fl-e1"/>
      </object_component>
      <object_component id="oc-1ed">
         <name>.text:GPIODirModeSet</name>
         <load_address>0x1700</load_address>
         <run_address>0x1700</run_address>
         <size>0x2a</size>
         <input_file_ref idref="fl-ee"/>
      </object_component>
      <object_component id="oc-2ff">
         <name>.text</name>
         <load_address>0x172a</load_address>
         <run_address>0x172a</run_address>
         <size>0x2</size>
         <input_file_ref idref="fl-d9"/>
      </object_component>
      <object_component id="oc-320">
         <name>.text:free_list_insert</name>
         <load_address>0x172c</load_address>
         <run_address>0x172c</run_address>
         <size>0x28</size>
         <input_file_ref idref="fl-cf"/>
      </object_component>
      <object_component id="oc-312">
         <name>.text:write</name>
         <load_address>0x1754</load_address>
         <run_address>0x1754</run_address>
         <size>0x28</size>
         <input_file_ref idref="fl-d2"/>
      </object_component>
      <object_component id="oc-14a">
         <name>.text:ADCSequenceDataGet</name>
         <load_address>0x177c</load_address>
         <run_address>0x177c</run_address>
         <size>0x1e</size>
         <input_file_ref idref="fl-ed"/>
      </object_component>
      <object_component id="oc-5c">
         <name>.text:decompress:ZI:__TI_zero_init_nomemset:__TI_zero_init_nomemset</name>
         <load_address>0x179a</load_address>
         <run_address>0x179a</run_address>
         <size>0x1c</size>
         <input_file_ref idref="fl-c9"/>
      </object_component>
      <object_component id="oc-31a">
         <name>.text:free_list_remove</name>
         <load_address>0x17b8</load_address>
         <run_address>0x17b8</run_address>
         <size>0x1c</size>
         <input_file_ref idref="fl-cf"/>
      </object_component>
      <object_component id="oc-102">
         <name>.text:UARTprintf</name>
         <load_address>0x17d4</load_address>
         <run_address>0x17d4</run_address>
         <size>0x1a</size>
         <input_file_ref idref="fl-8"/>
      </object_component>
      <object_component id="oc-13e">
         <name>.text:ADCProcessorTrigger</name>
         <load_address>0x17ee</load_address>
         <run_address>0x17ee</run_address>
         <size>0x18</size>
         <input_file_ref idref="fl-ed"/>
      </object_component>
      <object_component id="oc-132">
         <name>.text:GPIOPinTypeGPIOOutput</name>
         <load_address>0x1806</load_address>
         <run_address>0x1806</run_address>
         <size>0x18</size>
         <input_file_ref idref="fl-ee"/>
      </object_component>
      <object_component id="oc-378">
         <name>.text:strcmp</name>
         <load_address>0x181e</load_address>
         <run_address>0x181e</run_address>
         <size>0x18</size>
         <input_file_ref idref="fl-d0"/>
      </object_component>
      <object_component id="oc-337">
         <name>.text:strchr</name>
         <load_address>0x1836</load_address>
         <run_address>0x1836</run_address>
         <size>0x16</size>
         <input_file_ref idref="fl-df"/>
      </object_component>
      <object_component id="oc-3cf">
         <name>.text:strcpy</name>
         <load_address>0x184c</load_address>
         <run_address>0x184c</run_address>
         <size>0x14</size>
         <input_file_ref idref="fl-eb"/>
      </object_component>
      <object_component id="oc-3be">
         <name>.text:strlen</name>
         <load_address>0x1860</load_address>
         <run_address>0x1860</run_address>
         <size>0x14</size>
         <input_file_ref idref="fl-ec"/>
      </object_component>
      <object_component id="oc-10e">
         <name>.text:GPIOPinTypeADC</name>
         <load_address>0x1874</load_address>
         <run_address>0x1874</run_address>
         <size>0x12</size>
         <input_file_ref idref="fl-ee"/>
      </object_component>
      <object_component id="oc-1d2">
         <name>.text:GPIOPinTypeUART</name>
         <load_address>0x1886</load_address>
         <run_address>0x1886</run_address>
         <size>0x12</size>
         <input_file_ref idref="fl-ee"/>
      </object_component>
      <object_component id="oc-120">
         <name>.text:ADCSequenceEnable</name>
         <load_address>0x1898</load_address>
         <run_address>0x1898</run_address>
         <size>0xe</size>
         <input_file_ref idref="fl-ed"/>
      </object_component>
      <object_component id="oc-12c">
         <name>.text:__time32</name>
         <load_address>0x18a6</load_address>
         <run_address>0x18a6</run_address>
         <size>0xe</size>
         <input_file_ref idref="fl-d4"/>
      </object_component>
      <object_component id="oc-1b">
         <name>.text:decompress:none:__TI_decompress_none</name>
         <load_address>0x18b4</load_address>
         <run_address>0x18b4</run_address>
         <size>0xe</size>
         <input_file_ref idref="fl-ca"/>
      </object_component>
      <object_component id="oc-126">
         <name>.text:ADCIntClear</name>
         <load_address>0x18c2</load_address>
         <run_address>0x18c2</run_address>
         <size>0xa</size>
         <input_file_ref idref="fl-ed"/>
      </object_component>
      <object_component id="oc-138">
         <name>.text:GPIOPinWrite</name>
         <load_address>0x18cc</load_address>
         <run_address>0x18cc</run_address>
         <size>0x6</size>
         <input_file_ref idref="fl-ee"/>
      </object_component>
      <object_component id="oc-2a">
         <name>.text:ResetISR</name>
         <load_address>0x18d2</load_address>
         <run_address>0x18d2</run_address>
         <size>0x6</size>
         <input_file_ref idref="fl-7"/>
      </object_component>
      <object_component id="oc-156">
         <name>.text:SysCtlDelay</name>
         <load_address>0x18d8</load_address>
         <run_address>0x18d8</run_address>
         <size>0x6</size>
         <input_file_ref idref="fl-f1"/>
      </object_component>
      <object_component id="oc-1cc">
         <name>.text:UARTClockSourceSet</name>
         <load_address>0x18de</load_address>
         <run_address>0x18de</run_address>
         <size>0x6</size>
         <input_file_ref idref="fl-f2"/>
      </object_component>
      <object_component id="oc-b1">
         <name>.text:_system_pre_init</name>
         <load_address>0x18e4</load_address>
         <run_address>0x18e4</run_address>
         <size>0x4</size>
         <input_file_ref idref="fl-dc"/>
      </object_component>
      <object_component id="oc-163">
         <name>.text:abort:abort</name>
         <load_address>0x18e8</load_address>
         <run_address>0x18e8</run_address>
         <size>0x4</size>
         <input_file_ref idref="fl-cc"/>
      </object_component>
      <object_component id="oc-267">
         <name>.const:g_pui32GPIOBaseAddrs</name>
         <load_address>0x18ec</load_address>
         <run_address>0x18ec</run_address>
         <size>0x90</size>
         <input_file_ref idref="fl-ee"/>
      </object_component>
      <object_component id="oc-213">
         <name>.const:g_pui32Xtals</name>
         <load_address>0x197c</load_address>
         <run_address>0x197c</run_address>
         <size>0x6c</size>
         <input_file_ref idref="fl-f1"/>
      </object_component>
      <object_component id="oc-271">
         <name>.const:g_ui32UARTBase</name>
         <load_address>0x19e8</load_address>
         <run_address>0x19e8</run_address>
         <size>0xc</size>
         <input_file_ref idref="fl-8"/>
      </object_component>
      <object_component id="oc-26e">
         <name>.const:g_ui32UARTPeriph</name>
         <load_address>0x19f4</load_address>
         <run_address>0x19f4</run_address>
         <size>0xc</size>
         <input_file_ref idref="fl-8"/>
      </object_component>
      <object_component id="oc-418">
         <name>.cinit..data.load</name>
         <load_address>0x1a00</load_address>
         <run_address>0x1a00</run_address>
         <size>0x65</size>
      </object_component>
      <object_component id="oc-416">
         <name>__TI_handler_table</name>
         <load_address>0x1a68</load_address>
         <run_address>0x1a68</run_address>
         <size>0xc</size>
      </object_component>
      <object_component id="oc-419">
         <name>.cinit..bss.load</name>
         <load_address>0x1a78</load_address>
         <run_address>0x1a78</run_address>
         <size>0x8</size>
      </object_component>
      <object_component id="oc-417">
         <name>__TI_cinit_table</name>
         <load_address>0x1a80</load_address>
         <run_address>0x1a80</run_address>
         <size>0x10</size>
      </object_component>
      <object_component id="oc-274">
         <name>.data</name>
         <load_address>0x200001e4</load_address>
         <run_address>0x200001e4</run_address>
         <size>0x5</size>
         <input_file_ref idref="fl-8"/>
      </object_component>
      <object_component id="oc-1b3">
         <name>.data</name>
         <load_address>0x200001ec</load_address>
         <run_address>0x200001ec</run_address>
         <size>0x4</size>
         <input_file_ref idref="fl-c6"/>
      </object_component>
      <object_component id="oc-220">
         <name>.data:$O1$$</name>
         <load_address>0x200001c8</load_address>
         <run_address>0x200001c8</run_address>
         <size>0xc</size>
         <input_file_ref idref="fl-cc"/>
      </object_component>
      <object_component id="oc-1b7">
         <name>.data:$O1$$</name>
         <load_address>0x200001d4</load_address>
         <run_address>0x200001d4</run_address>
         <size>0x8</size>
         <input_file_ref idref="fl-cd"/>
      </object_component>
      <object_component id="oc-1b4">
         <name>.data:_ftable</name>
         <load_address>0x20000000</load_address>
         <run_address>0x20000000</run_address>
         <size>0xf0</size>
         <input_file_ref idref="fl-ce"/>
      </object_component>
      <object_component id="oc-1ba">
         <name>.data</name>
         <load_address>0x200001b8</load_address>
         <run_address>0x200001b8</run_address>
         <size>0x10</size>
         <input_file_ref idref="fl-ce"/>
      </object_component>
      <object_component id="oc-366">
         <name>.data:$O1$$</name>
         <load_address>0x200001dc</load_address>
         <run_address>0x200001dc</run_address>
         <size>0x8</size>
         <input_file_ref idref="fl-cf"/>
      </object_component>
      <object_component id="oc-349">
         <name>.data:_device</name>
         <load_address>0x200000f0</load_address>
         <run_address>0x200000f0</run_address>
         <size>0x78</size>
         <input_file_ref idref="fl-d3"/>
      </object_component>
      <object_component id="oc-2e7">
         <name>.data:_stream</name>
         <load_address>0x20000168</load_address>
         <run_address>0x20000168</run_address>
         <size>0x50</size>
         <input_file_ref idref="fl-d3"/>
      </object_component>
      <object_component id="oc-2e6">
         <name>.data</name>
         <load_address>0x200001f0</load_address>
         <run_address>0x200001f0</run_address>
         <size>0x4</size>
         <input_file_ref idref="fl-d6"/>
      </object_component>
      <object_component id="oc-305">
         <name>.bss:_CIOBUF_</name>
         <uninitialized>true</uninitialized>
         <run_address>0x200001f4</run_address>
         <size>0x120</size>
         <input_file_ref idref="fl-ea"/>
      </object_component>
      <object_component id="oc-2c5">
         <name>.common:__TI_tmpnams</name>
         <uninitialized>true</uninitialized>
         <run_address>0x20000314</run_address>
         <size>0xa0</size>
      </object_component>
      <object_component id="oc-299">
         <name>.common:parmbuf</name>
         <uninitialized>true</uninitialized>
         <run_address>0x200003b4</run_address>
         <size>0x8</size>
      </object_component>
      <object_component id="oc-24">
         <name>.sysmem</name>
         <uninitialized>true</uninitialized>
         <run_address>0x200004c0</run_address>
         <size>0x10</size>
         <input_file_ref idref="fl-cf"/>
      </object_component>
      <object_component id="oc-41c">
         <name>.sysmem</name>
         <uninitialized>true</uninitialized>
         <run_address>0x200004c0</run_address>
         <size>0x0</size>
      </object_component>
      <object_component id="oc-27">
         <name>.stack</name>
         <uninitialized>true</uninitialized>
         <run_address>0x200003c0</run_address>
         <size>0x4</size>
         <input_file_ref idref="fl-d1"/>
      </object_component>
      <object_component id="oc-41b">
         <name>.stack</name>
         <uninitialized>true</uninitialized>
         <run_address>0x200003c0</run_address>
         <size>0x0</size>
      </object_component>
      <object_component id="oc-df">
         <name>.debug_info</name>
         <load_address>0x0</load_address>
         <run_address>0x0</run_address>
         <size>0x746</size>
         <input_file_ref idref="fl-1"/>
      </object_component>
      <object_component id="oc-fd">
         <name>.debug_info</name>
         <load_address>0x746</load_address>
         <run_address>0x746</run_address>
         <size>0x1d1</size>
         <input_file_ref idref="fl-1"/>
      </object_component>
      <object_component id="oc-b8">
         <name>.debug_info</name>
         <load_address>0x917</load_address>
         <run_address>0x917</run_address>
         <size>0x42f</size>
         <input_file_ref idref="fl-1"/>
      </object_component>
      <object_component id="oc-8c">
         <name>.debug_info</name>
         <load_address>0xd46</load_address>
         <run_address>0xd46</run_address>
         <size>0x26b</size>
         <input_file_ref idref="fl-1"/>
      </object_component>
      <object_component id="oc-da">
         <name>.debug_info</name>
         <load_address>0xfb1</load_address>
         <run_address>0xfb1</run_address>
         <size>0x8b</size>
         <input_file_ref idref="fl-1"/>
      </object_component>
      <object_component id="oc-d5">
         <name>.debug_info</name>
         <load_address>0x103c</load_address>
         <run_address>0x103c</run_address>
         <size>0x2a4</size>
         <input_file_ref idref="fl-1"/>
      </object_component>
      <object_component id="oc-91">
         <name>.debug_info</name>
         <load_address>0x12e0</load_address>
         <run_address>0x12e0</run_address>
         <size>0xbb</size>
         <input_file_ref idref="fl-1"/>
      </object_component>
      <object_component id="oc-15e">
         <name>.debug_info</name>
         <load_address>0x139b</load_address>
         <run_address>0x139b</run_address>
         <size>0x6f</size>
         <input_file_ref idref="fl-1"/>
      </object_component>
      <object_component id="oc-1a3">
         <name>.debug_info</name>
         <load_address>0x140a</load_address>
         <run_address>0x140a</run_address>
         <size>0xcc</size>
         <input_file_ref idref="fl-1"/>
      </object_component>
      <object_component id="oc-1e7">
         <name>.debug_info</name>
         <load_address>0x14d6</load_address>
         <run_address>0x14d6</run_address>
         <size>0x2c</size>
         <input_file_ref idref="fl-1"/>
      </object_component>
      <object_component id="oc-1a8">
         <name>.debug_info</name>
         <load_address>0x1502</load_address>
         <run_address>0x1502</run_address>
         <size>0x35</size>
         <input_file_ref idref="fl-1"/>
      </object_component>
      <object_component id="oc-4b">
         <name>.debug_info</name>
         <load_address>0x1537</load_address>
         <run_address>0x1537</run_address>
         <size>0x84</size>
         <input_file_ref idref="fl-2"/>
      </object_component>
      <object_component id="oc-e7">
         <name>.debug_info</name>
         <load_address>0x15bb</load_address>
         <run_address>0x15bb</run_address>
         <size>0x2c</size>
         <input_file_ref idref="fl-2"/>
      </object_component>
      <object_component id="oc-44">
         <name>.debug_info</name>
         <load_address>0x15e7</load_address>
         <run_address>0x15e7</run_address>
         <size>0x2a3</size>
         <input_file_ref idref="fl-7"/>
      </object_component>
      <object_component id="oc-13">
         <name>.debug_info</name>
         <load_address>0x188a</load_address>
         <run_address>0x188a</run_address>
         <size>0xe2</size>
         <input_file_ref idref="fl-7"/>
      </object_component>
      <object_component id="oc-2b">
         <name>.debug_info</name>
         <load_address>0x196c</load_address>
         <run_address>0x196c</run_address>
         <size>0x113</size>
         <input_file_ref idref="fl-7"/>
      </object_component>
      <object_component id="oc-31">
         <name>.debug_info</name>
         <load_address>0x1a7f</load_address>
         <run_address>0x1a7f</run_address>
         <size>0x103</size>
         <input_file_ref idref="fl-7"/>
      </object_component>
      <object_component id="oc-3d">
         <name>.debug_info</name>
         <load_address>0x1b82</load_address>
         <run_address>0x1b82</run_address>
         <size>0x11b</size>
         <input_file_ref idref="fl-7"/>
      </object_component>
      <object_component id="oc-37">
         <name>.debug_info</name>
         <load_address>0x1c9d</load_address>
         <run_address>0x1c9d</run_address>
         <size>0x109</size>
         <input_file_ref idref="fl-7"/>
      </object_component>
      <object_component id="oc-1e6">
         <name>.debug_info</name>
         <load_address>0x1da6</load_address>
         <run_address>0x1da6</run_address>
         <size>0x29a</size>
         <input_file_ref idref="fl-8"/>
      </object_component>
      <object_component id="oc-275">
         <name>.debug_info</name>
         <load_address>0x2040</load_address>
         <run_address>0x2040</run_address>
         <size>0xdb</size>
         <input_file_ref idref="fl-8"/>
      </object_component>
      <object_component id="oc-272">
         <name>.debug_info</name>
         <load_address>0x211b</load_address>
         <run_address>0x211b</run_address>
         <size>0xe3</size>
         <input_file_ref idref="fl-8"/>
      </object_component>
      <object_component id="oc-26f">
         <name>.debug_info</name>
         <load_address>0x21fe</load_address>
         <run_address>0x21fe</run_address>
         <size>0xe7</size>
         <input_file_ref idref="fl-8"/>
      </object_component>
      <object_component id="oc-27c">
         <name>.debug_info</name>
         <load_address>0x22e5</load_address>
         <run_address>0x22e5</run_address>
         <size>0x188</size>
         <input_file_ref idref="fl-8"/>
      </object_component>
      <object_component id="oc-1e0">
         <name>.debug_info</name>
         <load_address>0x246d</load_address>
         <run_address>0x246d</run_address>
         <size>0x2ba</size>
         <input_file_ref idref="fl-8"/>
      </object_component>
      <object_component id="oc-103">
         <name>.debug_info</name>
         <load_address>0x2727</load_address>
         <run_address>0x2727</run_address>
         <size>0x155</size>
         <input_file_ref idref="fl-8"/>
      </object_component>
      <object_component id="oc-277">
         <name>.debug_info</name>
         <load_address>0x287c</load_address>
         <run_address>0x287c</run_address>
         <size>0x1d3</size>
         <input_file_ref idref="fl-8"/>
      </object_component>
      <object_component id="oc-1d9">
         <name>.debug_info</name>
         <load_address>0x2a4f</load_address>
         <run_address>0x2a4f</run_address>
         <size>0x1eb</size>
         <input_file_ref idref="fl-8"/>
      </object_component>
      <object_component id="oc-21e">
         <name>.debug_info</name>
         <load_address>0x2c3a</load_address>
         <run_address>0x2c3a</run_address>
         <size>0x3a5</size>
         <input_file_ref idref="fl-c4"/>
      </object_component>
      <object_component id="oc-218">
         <name>.debug_info</name>
         <load_address>0x2fdf</load_address>
         <run_address>0x2fdf</run_address>
         <size>0x1f3</size>
         <input_file_ref idref="fl-c4"/>
      </object_component>
      <object_component id="oc-158">
         <name>.debug_info</name>
         <load_address>0x31d2</load_address>
         <run_address>0x31d2</run_address>
         <size>0x19d</size>
         <input_file_ref idref="fl-c4"/>
      </object_component>
      <object_component id="oc-25b">
         <name>.debug_info</name>
         <load_address>0x336f</load_address>
         <run_address>0x336f</run_address>
         <size>0xb2</size>
         <input_file_ref idref="fl-c4"/>
      </object_component>
      <object_component id="oc-319">
         <name>.debug_info</name>
         <load_address>0x3421</load_address>
         <run_address>0x3421</run_address>
         <size>0x347</size>
         <input_file_ref idref="fl-c5"/>
      </object_component>
      <object_component id="oc-2af">
         <name>.debug_info</name>
         <load_address>0x3768</load_address>
         <run_address>0x3768</run_address>
         <size>0x18a</size>
         <input_file_ref idref="fl-c5"/>
      </object_component>
      <object_component id="oc-1be">
         <name>.debug_info</name>
         <load_address>0x38f2</load_address>
         <run_address>0x38f2</run_address>
         <size>0x3f5</size>
         <input_file_ref idref="fl-c6"/>
      </object_component>
      <object_component id="oc-1b1">
         <name>.debug_info</name>
         <load_address>0x3ce7</load_address>
         <run_address>0x3ce7</run_address>
         <size>0x20e</size>
         <input_file_ref idref="fl-c6"/>
      </object_component>
      <object_component id="oc-246">
         <name>.debug_info</name>
         <load_address>0x3ef5</load_address>
         <run_address>0x3ef5</run_address>
         <size>0x176</size>
         <input_file_ref idref="fl-c6"/>
      </object_component>
      <object_component id="oc-f4">
         <name>.debug_info</name>
         <load_address>0x406b</load_address>
         <run_address>0x406b</run_address>
         <size>0x1cd</size>
         <input_file_ref idref="fl-c6"/>
      </object_component>
      <object_component id="oc-cb">
         <name>.debug_info</name>
         <load_address>0x4238</load_address>
         <run_address>0x4238</run_address>
         <size>0x2c</size>
         <input_file_ref idref="fl-c6"/>
      </object_component>
      <object_component id="oc-ae">
         <name>.debug_info</name>
         <load_address>0x4264</load_address>
         <run_address>0x4264</run_address>
         <size>0x147</size>
         <input_file_ref idref="fl-c7"/>
      </object_component>
      <object_component id="oc-284">
         <name>.debug_info</name>
         <load_address>0x43ab</load_address>
         <run_address>0x43ab</run_address>
         <size>0x142</size>
         <input_file_ref idref="fl-c8"/>
      </object_component>
      <object_component id="oc-aa">
         <name>.debug_info</name>
         <load_address>0x44ed</load_address>
         <run_address>0x44ed</run_address>
         <size>0x2d4</size>
         <input_file_ref idref="fl-c9"/>
      </object_component>
      <object_component id="oc-60">
         <name>.debug_info</name>
         <load_address>0x47c1</load_address>
         <run_address>0x47c1</run_address>
         <size>0x1d2</size>
         <input_file_ref idref="fl-c9"/>
      </object_component>
      <object_component id="oc-a5">
         <name>.debug_info</name>
         <load_address>0x4993</load_address>
         <run_address>0x4993</run_address>
         <size>0x46</size>
         <input_file_ref idref="fl-c9"/>
      </object_component>
      <object_component id="oc-5b">
         <name>.debug_info</name>
         <load_address>0x49d9</load_address>
         <run_address>0x49d9</run_address>
         <size>0x2a8</size>
         <input_file_ref idref="fl-ca"/>
      </object_component>
      <object_component id="oc-1e">
         <name>.debug_info</name>
         <load_address>0x4c81</load_address>
         <run_address>0x4c81</run_address>
         <size>0x1ea</size>
         <input_file_ref idref="fl-ca"/>
      </object_component>
      <object_component id="oc-56">
         <name>.debug_info</name>
         <load_address>0x4e6b</load_address>
         <run_address>0x4e6b</run_address>
         <size>0x46</size>
         <input_file_ref idref="fl-ca"/>
      </object_component>
      <object_component id="oc-9d">
         <name>.debug_info</name>
         <load_address>0x4eb1</load_address>
         <run_address>0x4eb1</run_address>
         <size>0x2c</size>
         <input_file_ref idref="fl-ca"/>
      </object_component>
      <object_component id="oc-9b">
         <name>.debug_info</name>
         <load_address>0x4edd</load_address>
         <run_address>0x4edd</run_address>
         <size>0x29e</size>
         <input_file_ref idref="fl-cb"/>
      </object_component>
      <object_component id="oc-17">
         <name>.debug_info</name>
         <load_address>0x517b</load_address>
         <run_address>0x517b</run_address>
         <size>0x250</size>
         <input_file_ref idref="fl-cb"/>
      </object_component>
      <object_component id="oc-46">
         <name>.debug_info</name>
         <load_address>0x53cb</load_address>
         <run_address>0x53cb</run_address>
         <size>0x60</size>
         <input_file_ref idref="fl-cb"/>
      </object_component>
      <object_component id="oc-e0">
         <name>.debug_info</name>
         <load_address>0x542b</load_address>
         <run_address>0x542b</run_address>
         <size>0x46</size>
         <input_file_ref idref="fl-cb"/>
      </object_component>
      <object_component id="oc-96">
         <name>.debug_info</name>
         <load_address>0x5471</load_address>
         <run_address>0x5471</run_address>
         <size>0x39</size>
         <input_file_ref idref="fl-cb"/>
      </object_component>
      <object_component id="oc-224">
         <name>.debug_info</name>
         <load_address>0x54aa</load_address>
         <run_address>0x54aa</run_address>
         <size>0x3ad</size>
         <input_file_ref idref="fl-cc"/>
      </object_component>
      <object_component id="oc-221">
         <name>.debug_info</name>
         <load_address>0x5857</load_address>
         <run_address>0x5857</run_address>
         <size>0x190</size>
         <input_file_ref idref="fl-cc"/>
      </object_component>
      <object_component id="oc-164">
         <name>.debug_info</name>
         <load_address>0x59e7</load_address>
         <run_address>0x59e7</run_address>
         <size>0x122</size>
         <input_file_ref idref="fl-cc"/>
      </object_component>
      <object_component id="oc-16a">
         <name>.debug_info</name>
         <load_address>0x5b09</load_address>
         <run_address>0x5b09</run_address>
         <size>0x184</size>
         <input_file_ref idref="fl-cc"/>
      </object_component>
      <object_component id="oc-255">
         <name>.debug_info</name>
         <load_address>0x5c8d</load_address>
         <run_address>0x5c8d</run_address>
         <size>0x2c9</size>
         <input_file_ref idref="fl-cd"/>
      </object_component>
      <object_component id="oc-1b8">
         <name>.debug_info</name>
         <load_address>0x5f56</load_address>
         <run_address>0x5f56</run_address>
         <size>0x11e</size>
         <input_file_ref idref="fl-cd"/>
      </object_component>
      <object_component id="oc-250">
         <name>.debug_info</name>
         <load_address>0x6074</load_address>
         <run_address>0x6074</run_address>
         <size>0x12e</size>
         <input_file_ref idref="fl-cd"/>
      </object_component>
      <object_component id="oc-24b">
         <name>.debug_info</name>
         <load_address>0x61a2</load_address>
         <run_address>0x61a2</run_address>
         <size>0x144</size>
         <input_file_ref idref="fl-ce"/>
      </object_component>
      <object_component id="oc-1b5">
         <name>.debug_info</name>
         <load_address>0x62e6</load_address>
         <run_address>0x62e6</run_address>
         <size>0x102</size>
         <input_file_ref idref="fl-ce"/>
      </object_component>
      <object_component id="oc-1bb">
         <name>.debug_info</name>
         <load_address>0x63e8</load_address>
         <run_address>0x63e8</run_address>
         <size>0x18f</size>
         <input_file_ref idref="fl-ce"/>
      </object_component>
      <object_component id="oc-82">
         <name>.debug_info</name>
         <load_address>0x6577</load_address>
         <run_address>0x6577</run_address>
         <size>0x3b2</size>
         <input_file_ref idref="fl-cf"/>
      </object_component>
      <object_component id="oc-25">
         <name>.debug_info</name>
         <load_address>0x6929</load_address>
         <run_address>0x6929</run_address>
         <size>0x10c</size>
         <input_file_ref idref="fl-cf"/>
      </object_component>
      <object_component id="oc-367">
         <name>.debug_info</name>
         <load_address>0x6a35</load_address>
         <run_address>0x6a35</run_address>
         <size>0x13f</size>
         <input_file_ref idref="fl-cf"/>
      </object_component>
      <object_component id="oc-31b">
         <name>.debug_info</name>
         <load_address>0x6b74</load_address>
         <run_address>0x6b74</run_address>
         <size>0x18e</size>
         <input_file_ref idref="fl-cf"/>
      </object_component>
      <object_component id="oc-321">
         <name>.debug_info</name>
         <load_address>0x6d02</load_address>
         <run_address>0x6d02</run_address>
         <size>0x19f</size>
         <input_file_ref idref="fl-cf"/>
      </object_component>
      <object_component id="oc-2b4">
         <name>.debug_info</name>
         <load_address>0x6ea1</load_address>
         <run_address>0x6ea1</run_address>
         <size>0x203</size>
         <input_file_ref idref="fl-cf"/>
      </object_component>
      <object_component id="oc-d0">
         <name>.debug_info</name>
         <load_address>0x70a4</load_address>
         <run_address>0x70a4</run_address>
         <size>0xb2</size>
         <input_file_ref idref="fl-cf"/>
      </object_component>
      <object_component id="oc-3bd">
         <name>.debug_info</name>
         <load_address>0x7156</load_address>
         <run_address>0x7156</run_address>
         <size>0x28a</size>
         <input_file_ref idref="fl-d0"/>
      </object_component>
      <object_component id="oc-379">
         <name>.debug_info</name>
         <load_address>0x73e0</load_address>
         <run_address>0x73e0</run_address>
         <size>0x273</size>
         <input_file_ref idref="fl-d0"/>
      </object_component>
      <object_component id="oc-28">
         <name>.debug_info</name>
         <load_address>0x7653</load_address>
         <run_address>0x7653</run_address>
         <size>0x10b</size>
         <input_file_ref idref="fl-d1"/>
      </object_component>
      <object_component id="oc-6f">
         <name>.debug_info</name>
         <load_address>0x775e</load_address>
         <run_address>0x775e</run_address>
         <size>0x1a9</size>
         <input_file_ref idref="fl-d1"/>
      </object_component>
      <object_component id="oc-363">
         <name>.debug_info</name>
         <load_address>0x7907</load_address>
         <run_address>0x7907</run_address>
         <size>0x397</size>
         <input_file_ref idref="fl-d2"/>
      </object_component>
      <object_component id="oc-313">
         <name>.debug_info</name>
         <load_address>0x7c9e</load_address>
         <run_address>0x7c9e</run_address>
         <size>0x18f</size>
         <input_file_ref idref="fl-d2"/>
      </object_component>
      <object_component id="oc-353">
         <name>.debug_info</name>
         <load_address>0x7e2d</load_address>
         <run_address>0x7e2d</run_address>
         <size>0x120</size>
         <input_file_ref idref="fl-d2"/>
      </object_component>
      <object_component id="oc-358">
         <name>.debug_info</name>
         <load_address>0x7f4d</load_address>
         <run_address>0x7f4d</run_address>
         <size>0x2c</size>
         <input_file_ref idref="fl-d2"/>
      </object_component>
      <object_component id="oc-350">
         <name>.debug_info</name>
         <load_address>0x7f79</load_address>
         <run_address>0x7f79</run_address>
         <size>0x337</size>
         <input_file_ref idref="fl-d3"/>
      </object_component>
      <object_component id="oc-34a">
         <name>.debug_info</name>
         <load_address>0x82b0</load_address>
         <run_address>0x82b0</run_address>
         <size>0x109</size>
         <input_file_ref idref="fl-d3"/>
      </object_component>
      <object_component id="oc-2e8">
         <name>.debug_info</name>
         <load_address>0x83b9</load_address>
         <run_address>0x83b9</run_address>
         <size>0x109</size>
         <input_file_ref idref="fl-d3"/>
      </object_component>
      <object_component id="oc-20c">
         <name>.debug_info</name>
         <load_address>0x84c2</load_address>
         <run_address>0x84c2</run_address>
         <size>0x2a4</size>
         <input_file_ref idref="fl-d4"/>
      </object_component>
      <object_component id="oc-12e">
         <name>.debug_info</name>
         <load_address>0x8766</load_address>
         <run_address>0x8766</run_address>
         <size>0x181</size>
         <input_file_ref idref="fl-d4"/>
      </object_component>
      <object_component id="oc-2a2">
         <name>.debug_info</name>
         <load_address>0x88e7</load_address>
         <run_address>0x88e7</run_address>
         <size>0x39</size>
         <input_file_ref idref="fl-d4"/>
      </object_component>
      <object_component id="oc-207">
         <name>.debug_info</name>
         <load_address>0x8920</load_address>
         <run_address>0x8920</run_address>
         <size>0x39</size>
         <input_file_ref idref="fl-d4"/>
      </object_component>
      <object_component id="oc-2eb">
         <name>.debug_info</name>
         <load_address>0x8959</load_address>
         <run_address>0x8959</run_address>
         <size>0x402</size>
         <input_file_ref idref="fl-d6"/>
      </object_component>
      <object_component id="oc-23d">
         <name>.debug_info</name>
         <load_address>0x8d5b</load_address>
         <run_address>0x8d5b</run_address>
         <size>0x245</size>
         <input_file_ref idref="fl-d6"/>
      </object_component>
      <object_component id="oc-328">
         <name>.debug_info</name>
         <load_address>0x8fa0</load_address>
         <run_address>0x8fa0</run_address>
         <size>0x3cf</size>
         <input_file_ref idref="fl-d7"/>
      </object_component>
      <object_component id="oc-2ba">
         <name>.debug_info</name>
         <load_address>0x936f</load_address>
         <run_address>0x936f</run_address>
         <size>0x195</size>
         <input_file_ref idref="fl-d7"/>
      </object_component>
      <object_component id="oc-34d">
         <name>.debug_info</name>
         <load_address>0x9504</load_address>
         <run_address>0x9504</run_address>
         <size>0x42c</size>
         <input_file_ref idref="fl-d8"/>
      </object_component>
      <object_component id="oc-345">
         <name>.debug_info</name>
         <load_address>0x9930</load_address>
         <run_address>0x9930</run_address>
         <size>0x192</size>
         <input_file_ref idref="fl-d8"/>
      </object_component>
      <object_component id="oc-2e1">
         <name>.debug_info</name>
         <load_address>0x9ac2</load_address>
         <run_address>0x9ac2</run_address>
         <size>0x1eb</size>
         <input_file_ref idref="fl-d8"/>
      </object_component>
      <object_component id="oc-36f">
         <name>.debug_info</name>
         <load_address>0x9cad</load_address>
         <run_address>0x9cad</run_address>
         <size>0xea</size>
         <input_file_ref idref="fl-d8"/>
      </object_component>
      <object_component id="oc-3ad">
         <name>.debug_info</name>
         <load_address>0x9d97</load_address>
         <run_address>0x9d97</run_address>
         <size>0x2c</size>
         <input_file_ref idref="fl-d8"/>
      </object_component>
      <object_component id="oc-300">
         <name>.debug_info</name>
         <load_address>0x9dc3</load_address>
         <run_address>0x9dc3</run_address>
         <size>0x115</size>
         <input_file_ref idref="fl-d9"/>
      </object_component>
      <object_component id="oc-51">
         <name>.debug_info</name>
         <load_address>0x9ed8</load_address>
         <run_address>0x9ed8</run_address>
         <size>0x119</size>
         <input_file_ref idref="fl-da"/>
      </object_component>
      <object_component id="oc-227">
         <name>.debug_info</name>
         <load_address>0x9ff1</load_address>
         <run_address>0x9ff1</run_address>
         <size>0x4b3</size>
         <input_file_ref idref="fl-db"/>
      </object_component>
      <object_component id="oc-171">
         <name>.debug_info</name>
         <load_address>0xa4a4</load_address>
         <run_address>0xa4a4</run_address>
         <size>0x1a6</size>
         <input_file_ref idref="fl-db"/>
      </object_component>
      <object_component id="oc-2cf">
         <name>.debug_info</name>
         <load_address>0xa64a</load_address>
         <run_address>0xa64a</run_address>
         <size>0x39</size>
         <input_file_ref idref="fl-db"/>
      </object_component>
      <object_component id="oc-32b">
         <name>.debug_info</name>
         <load_address>0xa683</load_address>
         <run_address>0xa683</run_address>
         <size>0x39</size>
         <input_file_ref idref="fl-db"/>
      </object_component>
      <object_component id="oc-2d4">
         <name>.debug_info</name>
         <load_address>0xa6bc</load_address>
         <run_address>0xa6bc</run_address>
         <size>0x39</size>
         <input_file_ref idref="fl-db"/>
      </object_component>
      <object_component id="oc-2d9">
         <name>.debug_info</name>
         <load_address>0xa6f5</load_address>
         <run_address>0xa6f5</run_address>
         <size>0xcd</size>
         <input_file_ref idref="fl-db"/>
      </object_component>
      <object_component id="oc-b2">
         <name>.debug_info</name>
         <load_address>0xa7c2</load_address>
         <run_address>0xa7c2</run_address>
         <size>0x153</size>
         <input_file_ref idref="fl-dc"/>
      </object_component>
      <object_component id="oc-375">
         <name>.debug_info</name>
         <load_address>0xa915</load_address>
         <run_address>0xa915</run_address>
         <size>0x29a</size>
         <input_file_ref idref="fl-df"/>
      </object_component>
      <object_component id="oc-339">
         <name>.debug_info</name>
         <load_address>0xabaf</load_address>
         <run_address>0xabaf</run_address>
         <size>0x262</size>
         <input_file_ref idref="fl-df"/>
      </object_component>
      <object_component id="oc-377">
         <name>.debug_info</name>
         <load_address>0xae11</load_address>
         <run_address>0xae11</run_address>
         <size>0x2af</size>
         <input_file_ref idref="fl-e0"/>
      </object_component>
      <object_component id="oc-33e">
         <name>.debug_info</name>
         <load_address>0xb0c0</load_address>
         <run_address>0xb0c0</run_address>
         <size>0x277</size>
         <input_file_ref idref="fl-e0"/>
      </object_component>
      <object_component id="oc-32a">
         <name>.debug_info</name>
         <load_address>0xb337</load_address>
         <run_address>0xb337</run_address>
         <size>0x3d1</size>
         <input_file_ref idref="fl-e1"/>
      </object_component>
      <object_component id="oc-2c1">
         <name>.debug_info</name>
         <load_address>0xb708</load_address>
         <run_address>0xb708</run_address>
         <size>0x1a5</size>
         <input_file_ref idref="fl-e1"/>
      </object_component>
      <object_component id="oc-3c6">
         <name>.debug_info</name>
         <load_address>0xb8ad</load_address>
         <run_address>0xb8ad</run_address>
         <size>0x373</size>
         <input_file_ref idref="fl-e2"/>
      </object_component>
      <object_component id="oc-386">
         <name>.debug_info</name>
         <load_address>0xbc20</load_address>
         <run_address>0xbc20</run_address>
         <size>0x1bc</size>
         <input_file_ref idref="fl-e2"/>
      </object_component>
      <object_component id="oc-3cc">
         <name>.debug_info</name>
         <load_address>0xbddc</load_address>
         <run_address>0xbddc</run_address>
         <size>0x378</size>
         <input_file_ref idref="fl-e3"/>
      </object_component>
      <object_component id="oc-398">
         <name>.debug_info</name>
         <load_address>0xc154</load_address>
         <run_address>0xc154</run_address>
         <size>0x210</size>
         <input_file_ref idref="fl-e3"/>
      </object_component>
      <object_component id="oc-29a">
         <name>.debug_info</name>
         <load_address>0xc364</load_address>
         <run_address>0xc364</run_address>
         <size>0x3a3</size>
         <input_file_ref idref="fl-e4"/>
      </object_component>
      <object_component id="oc-380">
         <name>.debug_info</name>
         <load_address>0xc707</load_address>
         <run_address>0xc707</run_address>
         <size>0x20c</size>
         <input_file_ref idref="fl-e4"/>
      </object_component>
      <object_component id="oc-3c8">
         <name>.debug_info</name>
         <load_address>0xc913</load_address>
         <run_address>0xc913</run_address>
         <size>0x377</size>
         <input_file_ref idref="fl-e5"/>
      </object_component>
      <object_component id="oc-38d">
         <name>.debug_info</name>
         <load_address>0xcc8a</load_address>
         <run_address>0xcc8a</run_address>
         <size>0x1fb</size>
         <input_file_ref idref="fl-e5"/>
      </object_component>
      <object_component id="oc-3d6">
         <name>.debug_info</name>
         <load_address>0xce85</load_address>
         <run_address>0xce85</run_address>
         <size>0x3d5</size>
         <input_file_ref idref="fl-e6"/>
      </object_component>
      <object_component id="oc-3a4">
         <name>.debug_info</name>
         <load_address>0xd25a</load_address>
         <run_address>0xd25a</run_address>
         <size>0x236</size>
         <input_file_ref idref="fl-e6"/>
      </object_component>
      <object_component id="oc-201">
         <name>.debug_info</name>
         <load_address>0xd490</load_address>
         <run_address>0xd490</run_address>
         <size>0x18d</size>
         <input_file_ref idref="fl-e7"/>
      </object_component>
      <object_component id="oc-30d">
         <name>.debug_info</name>
         <load_address>0xd61d</load_address>
         <run_address>0xd61d</run_address>
         <size>0x39</size>
         <input_file_ref idref="fl-e7"/>
      </object_component>
      <object_component id="oc-29d">
         <name>.debug_info</name>
         <load_address>0xd656</load_address>
         <run_address>0xd656</run_address>
         <size>0x39</size>
         <input_file_ref idref="fl-e7"/>
      </object_component>
      <object_component id="oc-3ce">
         <name>.debug_info</name>
         <load_address>0xd68f</load_address>
         <run_address>0xd68f</run_address>
         <size>0x396</size>
         <input_file_ref idref="fl-e8"/>
      </object_component>
      <object_component id="oc-39e">
         <name>.debug_info</name>
         <load_address>0xda25</load_address>
         <run_address>0xda25</run_address>
         <size>0x1c6</size>
         <input_file_ref idref="fl-e8"/>
      </object_component>
      <object_component id="oc-3ca">
         <name>.debug_info</name>
         <load_address>0xdbeb</load_address>
         <run_address>0xdbeb</run_address>
         <size>0x378</size>
         <input_file_ref idref="fl-e9"/>
      </object_component>
      <object_component id="oc-392">
         <name>.debug_info</name>
         <load_address>0xdf63</load_address>
         <run_address>0xdf63</run_address>
         <size>0x200</size>
         <input_file_ref idref="fl-e9"/>
      </object_component>
      <object_component id="oc-309">
         <name>.debug_info</name>
         <load_address>0xe163</load_address>
         <run_address>0xe163</run_address>
         <size>0x2bb</size>
         <input_file_ref idref="fl-ea"/>
      </object_component>
      <object_component id="oc-306">
         <name>.debug_info</name>
         <load_address>0xe41e</load_address>
         <run_address>0xe41e</run_address>
         <size>0x108</size>
         <input_file_ref idref="fl-ea"/>
      </object_component>
      <object_component id="oc-290">
         <name>.debug_info</name>
         <load_address>0xe526</load_address>
         <run_address>0xe526</run_address>
         <size>0x1df</size>
         <input_file_ref idref="fl-ea"/>
      </object_component>
      <object_component id="oc-296">
         <name>.debug_info</name>
         <load_address>0xe705</load_address>
         <run_address>0xe705</run_address>
         <size>0x19a</size>
         <input_file_ref idref="fl-ea"/>
      </object_component>
      <object_component id="oc-3e6">
         <name>.debug_info</name>
         <load_address>0xe89f</load_address>
         <run_address>0xe89f</run_address>
         <size>0x2a4</size>
         <input_file_ref idref="fl-eb"/>
      </object_component>
      <object_component id="oc-3d3">
         <name>.debug_info</name>
         <load_address>0xeb43</load_address>
         <run_address>0xeb43</run_address>
         <size>0x24d</size>
         <input_file_ref idref="fl-eb"/>
      </object_component>
      <object_component id="oc-3da">
         <name>.debug_info</name>
         <load_address>0xed90</load_address>
         <run_address>0xed90</run_address>
         <size>0x28f</size>
         <input_file_ref idref="fl-ec"/>
      </object_component>
      <object_component id="oc-3bf">
         <name>.debug_info</name>
         <load_address>0xf01f</load_address>
         <run_address>0xf01f</run_address>
         <size>0x245</size>
         <input_file_ref idref="fl-ec"/>
      </object_component>
      <object_component id="oc-1fb">
         <name>.debug_info</name>
         <load_address>0xf264</load_address>
         <run_address>0xf264</run_address>
         <size>0x24d</size>
         <input_file_ref idref="fl-ed"/>
      </object_component>
      <object_component id="oc-11b">
         <name>.debug_info</name>
         <load_address>0xf4b1</load_address>
         <run_address>0xf4b1</run_address>
         <size>0x333</size>
         <input_file_ref idref="fl-ed"/>
      </object_component>
      <object_component id="oc-121">
         <name>.debug_info</name>
         <load_address>0xf7e4</load_address>
         <run_address>0xf7e4</run_address>
         <size>0x2a0</size>
         <input_file_ref idref="fl-ed"/>
      </object_component>
      <object_component id="oc-14b">
         <name>.debug_info</name>
         <load_address>0xfa84</load_address>
         <run_address>0xfa84</run_address>
         <size>0x2ff</size>
         <input_file_ref idref="fl-ed"/>
      </object_component>
      <object_component id="oc-115">
         <name>.debug_info</name>
         <load_address>0xfd83</load_address>
         <run_address>0xfd83</run_address>
         <size>0x326</size>
         <input_file_ref idref="fl-ed"/>
      </object_component>
      <object_component id="oc-13f">
         <name>.debug_info</name>
         <load_address>0x100a9</load_address>
         <run_address>0x100a9</run_address>
         <size>0x2a4</size>
         <input_file_ref idref="fl-ed"/>
      </object_component>
      <object_component id="oc-145">
         <name>.debug_info</name>
         <load_address>0x1034d</load_address>
         <run_address>0x1034d</run_address>
         <size>0x2e7</size>
         <input_file_ref idref="fl-ed"/>
      </object_component>
      <object_component id="oc-128">
         <name>.debug_info</name>
         <load_address>0x10634</load_address>
         <run_address>0x10634</run_address>
         <size>0x294</size>
         <input_file_ref idref="fl-ed"/>
      </object_component>
      <object_component id="oc-1c0">
         <name>.debug_info</name>
         <load_address>0x108c8</load_address>
         <run_address>0x108c8</run_address>
         <size>0x18b</size>
         <input_file_ref idref="fl-ed"/>
      </object_component>
      <object_component id="oc-20e">
         <name>.debug_info</name>
         <load_address>0x10a53</load_address>
         <run_address>0x10a53</run_address>
         <size>0x240</size>
         <input_file_ref idref="fl-ee"/>
      </object_component>
      <object_component id="oc-268">
         <name>.debug_info</name>
         <load_address>0x10c93</load_address>
         <run_address>0x10c93</run_address>
         <size>0x15b</size>
         <input_file_ref idref="fl-ee"/>
      </object_component>
      <object_component id="oc-13b">
         <name>.debug_info</name>
         <load_address>0x10dee</load_address>
         <run_address>0x10dee</run_address>
         <size>0x2a3</size>
         <input_file_ref idref="fl-ee"/>
      </object_component>
      <object_component id="oc-1ee">
         <name>.debug_info</name>
         <load_address>0x11091</load_address>
         <run_address>0x11091</run_address>
         <size>0x2b3</size>
         <input_file_ref idref="fl-ee"/>
      </object_component>
      <object_component id="oc-1f4">
         <name>.debug_info</name>
         <load_address>0x11344</load_address>
         <run_address>0x11344</run_address>
         <size>0x316</size>
         <input_file_ref idref="fl-ee"/>
      </object_component>
      <object_component id="oc-1d3">
         <name>.debug_info</name>
         <load_address>0x1165a</load_address>
         <run_address>0x1165a</run_address>
         <size>0x27b</size>
         <input_file_ref idref="fl-ee"/>
      </object_component>
      <object_component id="oc-133">
         <name>.debug_info</name>
         <load_address>0x118d5</load_address>
         <run_address>0x118d5</run_address>
         <size>0x2b7</size>
         <input_file_ref idref="fl-ee"/>
      </object_component>
      <object_component id="oc-10f">
         <name>.debug_info</name>
         <load_address>0x11b8c</load_address>
         <run_address>0x11b8c</run_address>
         <size>0x279</size>
         <input_file_ref idref="fl-ee"/>
      </object_component>
      <object_component id="oc-1c7">
         <name>.debug_info</name>
         <load_address>0x11e05</load_address>
         <run_address>0x11e05</run_address>
         <size>0x280</size>
         <input_file_ref idref="fl-ee"/>
      </object_component>
      <object_component id="oc-1c5">
         <name>.debug_info</name>
         <load_address>0x12085</load_address>
         <run_address>0x12085</run_address>
         <size>0x298</size>
         <input_file_ref idref="fl-f1"/>
      </object_component>
      <object_component id="oc-214">
         <name>.debug_info</name>
         <load_address>0x1231d</load_address>
         <run_address>0x1231d</run_address>
         <size>0x14d</size>
         <input_file_ref idref="fl-f1"/>
      </object_component>
      <object_component id="oc-109">
         <name>.debug_info</name>
         <load_address>0x1246a</load_address>
         <run_address>0x1246a</run_address>
         <size>0x27d</size>
         <input_file_ref idref="fl-f1"/>
      </object_component>
      <object_component id="oc-f8">
         <name>.debug_info</name>
         <load_address>0x126e7</load_address>
         <run_address>0x126e7</run_address>
         <size>0x2db</size>
         <input_file_ref idref="fl-f1"/>
      </object_component>
      <object_component id="oc-153">
         <name>.debug_info</name>
         <load_address>0x129c2</load_address>
         <run_address>0x129c2</run_address>
         <size>0x2b5</size>
         <input_file_ref idref="fl-f1"/>
      </object_component>
[...]
               <start_address>0x20000000</start_address>
               <size>0x1f4</size>
               <logical_group_ref idref="lg-a"/>
            </allocated_space>
            <allocated_space>
               <start_address>0x200001f4</start_address>
               <size>0x1c8</size>
               <logical_group_ref idref="lg-b"/>
            </allocated_space>
            <available_space>
               <start_address>0x200003bc</start_address>
               <size>0x4</size>
            </available_space>
            <allocated_space>
               <start_address>0x200003c0</start_address>
               <size>0x100</size>
               <logical_group_ref idref="lg-d"/>
            </allocated_space>
            <allocated_space>
               <start_address>0x200004c0</start_address>
               <size>0x10</size>
               <logical_group_ref idref="lg-c"/>
            </allocated_space>
            <available_space>
               <start_address>0x200004d0</start_address>
               <size>0x7b30</size>
            </available_space>
         </usage_details>
      </memory_area>
   </placement_map>
   <cptbl_list>
      <cptbl>
         <name>__TI_cinit_table</name>
         <cprec>
            <name>.data</name>
            <load_address>0x1a00</load_address>
            <load_size>0x65</load_size>
            <run_address>0x20000000</run_address>
            <run_size>0x1f4</run_size>
            <compression>lzss</compression>
         </cprec>
         <cprec>
            <name>.bss</name>
            <load_address>0x1a78</load_address>
            <load_size>0x8</load_size>
            <run_address>0x200001f4</run_address>
            <run_size>0x1c8</run_size>
            <compression>zero_init</compression>
         </cprec>
      </cptbl>
   </cptbl_list>
   <handler_table>
      <handler_table_name>__TI_handler_table</handler_table_name>
      <handler>
         <index>0x0</index>
         <name>__TI_decompress_lzss</name>
      </handler>
      <handler>
         <index>0x1</index>
         <name>__TI_decompress_none</name>
      </handler>
      <handler>
         <index>0x2</index>
         <name>__TI_zero_init</name>
      </handler>
   </handler_table>
   <symbol_table>
      <symbol id="sm-1">
         <name>__STACK_TOP</name>
         <value>0x200004c0</value>
      </symbol>
      <symbol id="sm-2">
         <name>__start___llvm_prf_cnts</name>
         <value>0x20000000</value>
      </symbol>
      <symbol id="sm-3">
         <name>__stop___llvm_prf_cnts</name>
         <value>0x20000000</value>
      </symbol>
      <symbol id="sm-4">
         <name>__TI_CINIT_Base</name>
         <value>0x1a80</value>
      </symbol>
      <symbol id="sm-5">
         <name>__TI_CINIT_Limit</name>
         <value>0x1a90</value>
      </symbol>
      <symbol id="sm-6">
         <name>__TI_Handler_Table_Base</name>
         <value>0x1a68</value>
      </symbol>
      <symbol id="sm-7">
         <name>__TI_Handler_Table_Limit</name>
         <value>0x1a74</value>
      </symbol>
      <symbol id="sm-8">
         <name>binit</name>
         <value>0xffffffff</value>
      </symbol>
      <symbol id="sm-9">
         <name>__binit__</name>
         <value>0xffffffff</value>
      </symbol>
      <symbol id="sm-a">
         <name>__STACK_SIZE</name>
         <value>0x100</value>
      </symbol>
      <symbol id="sm-b">
         <name>__STACK_END</name>
         <value>0x200004c0</value>
      </symbol>
      <symbol id="sm-c">
         <name>__SYSMEM_SIZE</name>
         <value>0x10</value>
      </symbol>
      <symbol id="sm-d">
         <name>__c_args__</name>
         <value>0xffffffff</value>
      </symbol>
      <symbol id="sm-e">
         <name>__TI_pprof_out_hndl</name>
         <value>0xffffffff</value>
      </symbol>
      <symbol id="sm-f">
         <name>__TI_prof_data_start</name>
         <value>0xffffffff</value>
      </symbol>
      <symbol id="sm-10">
         <name>__TI_prof_data_size</name>
         <value>0xffffffff</value>
      </symbol>
      <symbol id="sm-7b">
         <name>main</name>
         <value>0x45d</value>
         <object_component_ref idref="oc-b7"/>
      </symbol>
      <symbol id="sm-7c">
         <name>InitConsole</name>
         <value>0x1201</value>
         <object_component_ref idref="oc-fc"/>
      </symbol>
      <symbol id="sm-bc">
         <name>ResetISR</name>
         <value>0x18d3</value>
         <object_component_ref idref="oc-2a"/>
      </symbol>
      <symbol id="sm-bd">
         <name>g_pfnVectors</name>
         <value>0x0</value>
         <object_component_ref idref="oc-12"/>
      </symbol>
      <symbol id="sm-12b">
         <name>UARTStdioConfig</name>
         <value>0x1045</value>
         <object_component_ref idref="oc-1d8"/>
      </symbol>
      <symbol id="sm-12c">
         <name>UARTwrite</name>
         <value>0x1329</value>
         <object_component_ref idref="oc-27b"/>
      </symbol>
      <symbol id="sm-12d">
         <name>UARTprintf</name>
         <value>0x17d5</value>
         <object_component_ref idref="oc-102"/>
      </symbol>
      <symbol id="sm-12e">
         <name>UARTvprintf</name>
         <value>0x26d</value>
         <object_component_ref idref="oc-1df"/>
      </symbol>
      <symbol id="sm-154">
         <name>__TI_closefile</name>
         <value>0xe35</value>
         <object_component_ref idref="oc-217"/>
      </symbol>
      <symbol id="sm-155">
         <name>fclose</name>
         <value>0x16a9</value>
         <object_component_ref idref="oc-157"/>
      </symbol>
      <symbol id="sm-165">
         <name>__TI_doflush</name>
         <value>0x124d</value>
         <object_component_ref idref="oc-2ad"/>
      </symbol>
      <symbol id="sm-1b1">
         <name>__TI_cleanup</name>
         <value>0x15ad</value>
         <object_component_ref idref="oc-242"/>
      </symbol>
      <symbol id="sm-1b2">
         <name>fopen</name>
         <value>0xc09</value>
         <object_component_ref idref="oc-f0"/>
      </symbol>
      <symbol id="sm-1c1">
         <name>__aeabi_memset</name>
         <value>0xdbd</value>
         <object_component_ref idref="oc-ab"/>
      </symbol>
      <symbol id="sm-1c2">
         <name>memset</name>
         <value>0xdc3</value>
         <object_component_ref idref="oc-ab"/>
      </symbol>
      <symbol id="sm-1c3">
         <name>__aeabi_memset8</name>
         <value>0xdbd</value>
         <object_component_ref idref="oc-ab"/>
      </symbol>
      <symbol id="sm-1c4">
         <name>__aeabi_memset4</name>
         <value>0xdbd</value>
         <object_component_ref idref="oc-ab"/>
      </symbol>
      <symbol id="sm-1c5">
         <name>__aeabi_memclr8</name>
         <value>0xdbb</value>
         <object_component_ref idref="oc-ab"/>
      </symbol>
      <symbol id="sm-1c6">
         <name>__aeabi_memclr4</name>
         <value>0xdbb</value>
         <object_component_ref idref="oc-ab"/>
      </symbol>
      <symbol id="sm-1c7">
         <name>__aeabi_memclr</name>
         <value>0xdbb</value>
         <object_component_ref idref="oc-ab"/>
      </symbol>
      <symbol id="sm-1d6">
         <name>__aeabi_uidivmod</name>
         <value>0x14c9</value>
         <object_component_ref idref="oc-281"/>
      </symbol>
      <symbol id="sm-1d7">
         <name>__aeabi_uidiv</name>
         <value>0x14c9</value>
         <object_component_ref idref="oc-281"/>
      </symbol>
      <symbol id="sm-1eb">
         <name>__TI_zero_init_nomemset</name>
         <value>0x179b</value>
         <object_component_ref idref="oc-5c"/>
      </symbol>
      <symbol id="sm-202">
         <name>__TI_decompress_none</name>
         <value>0x18b5</value>
         <object_component_ref idref="oc-1b"/>
      </symbol>
      <symbol id="sm-225">
         <name>__TI_decompress_lzss</name>
         <value>0xf7d</value>
         <object_component_ref idref="oc-15"/>
      </symbol>
      <symbol id="sm-24b">
         <name>C$$EXIT</name>
         <value>0x18e9</value>
         <object_component_ref idref="oc-163"/>
      </symbol>
      <symbol id="sm-24c">
         <name>abort</name>
         <value>0x18e9</value>
         <object_component_ref idref="oc-163"/>
      </symbol>
      <symbol id="sm-24d">
         <name>__TI_dtors_ptr</name>
         <value>0x200001cc</value>
         <object_component_ref idref="oc-220"/>
      </symbol>
      <symbol id="sm-24e">
         <name>__TI_cleanup_ptr</name>
         <value>0x200001c8</value>
         <object_component_ref idref="oc-220"/>
      </symbol>
      <symbol id="sm-24f">
         <name>__TI_enable_exit_profile_output</name>
         <value>0x200001d0</value>
         <object_component_ref idref="oc-220"/>
      </symbol>
      <symbol id="sm-250">
         <name>exit</name>
         <value>0x1371</value>
         <object_component_ref idref="oc-169"/>
      </symbol>
      <symbol id="sm-265">
         <name>_nop</name>
         <value>0x16a7</value>
         <object_component_ref idref="oc-24d"/>
      </symbol>
      <symbol id="sm-266">
         <name>_lock</name>
         <value>0x200001d4</value>
         <object_component_ref idref="oc-1b7"/>
      </symbol>
      <symbol id="sm-267">
         <name>_unlock</name>
         <value>0x200001d8</value>
         <object_component_ref idref="oc-1b7"/>
      </symbol>
      <symbol id="sm-27c">
         <name>__TI_tmpnams</name>
         <value>0x20000314</value>
      </symbol>
      <symbol id="sm-27d">
         <name>__aeabi_stdout</name>
         <value>0x200001c0</value>
         <object_component_ref idref="oc-1ba"/>
      </symbol>
      <symbol id="sm-27e">
         <name>__aeabi_stderr</name>
         <value>0x200001c4</value>
         <object_component_ref idref="oc-1ba"/>
      </symbol>
      <symbol id="sm-27f">
         <name>__aeabi_stdin</name>
         <value>0x200001bc</value>
         <object_component_ref idref="oc-1ba"/>
      </symbol>
      <symbol id="sm-280">
         <name>_ftable</name>
         <value>0x20000000</value>
         <object_component_ref idref="oc-1b4"/>
      </symbol>
      <symbol id="sm-281">
         <name>__TI_ft_end</name>
         <value>0x200001b8</value>
         <object_component_ref idref="oc-1ba"/>
      </symbol>
      <symbol id="sm-2d1">
         <name>_sys_memory</name>
         <value>0x200004c0</value>
         <object_component_ref idref="oc-24"/>
      </symbol>
      <symbol id="sm-2d2">
         <name>free</name>
         <value>0xa69</value>
         <object_component_ref idref="oc-2b3"/>
      </symbol>
      <symbol id="sm-2e1">
         <name>strcmp</name>
         <value>0x181f</value>
         <object_component_ref idref="oc-378"/>
      </symbol>
      <symbol id="sm-2f4">
         <name>__stack</name>
         <value>0x200003c0</value>
         <object_component_ref idref="oc-27"/>
      </symbol>
      <symbol id="sm-2f5">
         <name>_c_int00_noargs</name>
         <value>0x1615</value>
         <object_component_ref idref="oc-6e"/>
      </symbol>
      <symbol id="sm-30f">
         <name>write</name>
         <value>0x1755</value>
         <object_component_ref idref="oc-312"/>
      </symbol>
      <symbol id="sm-320">
         <name>_stream</name>
         <value>0x20000168</value>
         <object_component_ref idref="oc-2e7"/>
      </symbol>
      <symbol id="sm-321">
         <name>_device</name>
         <value>0x200000f0</value>
         <object_component_ref idref="oc-349"/>
      </symbol>
      <symbol id="sm-339">
         <name>__time32</name>
         <value>0x18a7</value>
         <object_component_ref idref="oc-12c"/>
      </symbol>
      <symbol id="sm-33a">
         <name>time</name>
         <value>0x18a7</value>
         <object_component_ref idref="oc-12c"/>
      </symbol>
      <symbol id="sm-358">
         <name>open</name>
         <value>0xb4d</value>
         <object_component_ref idref="oc-23c"/>
      </symbol>
      <symbol id="sm-36c">
         <name>close</name>
         <value>0x10a5</value>
         <object_component_ref idref="oc-2b9"/>
      </symbol>
      <symbol id="sm-394">
         <name>finddevice</name>
         <value>0x1649</value>
         <object_component_ref idref="oc-343"/>
      </symbol>
      <symbol id="sm-395">
         <name>getdevice</name>
         <value>0x1485</value>
         <object_component_ref idref="oc-2e0"/>
      </symbol>
      <symbol id="sm-39f">
         <name>__aeabi_idiv0</name>
         <value>0x172b</value>
         <object_component_ref idref="oc-2ff"/>
      </symbol>
      <symbol id="sm-3a0">
         <name>__aeabi_ldiv0</name>
         <value>0x172b</value>
         <object_component_ref idref="oc-2ff"/>
      </symbol>
      <symbol id="sm-3bb">
         <name>memcpy</name>
         <value>0xca5</value>
         <object_component_ref idref="oc-50"/>
      </symbol>
      <symbol id="sm-3bc">
         <name>__aeabi_memcpy</name>
         <value>0xca5</value>
         <object_component_ref idref="oc-50"/>
      </symbol>
      <symbol id="sm-3bd">
         <name>__aeabi_memcpy8</name>
         <value>0xca5</value>
         <object_component_ref idref="oc-50"/>
      </symbol>
      <symbol id="sm-3be">
         <name>__aeabi_memcpy4</name>
         <value>0xca5</value>
         <object_component_ref idref="oc-50"/>
      </symbol>
      <symbol id="sm-3e6">
         <name>__TI_auto_init_nobinit_nopinit</name>
         <value>0x1441</value>
         <object_component_ref idref="oc-16f"/>
      </symbol>
      <symbol id="sm-3f0">
         <name>_system_pre_init</name>
         <value>0x18e5</value>
         <object_component_ref idref="oc-b1"/>
      </symbol>
      <symbol id="sm-402">
         <name>strchr</name>
         <value>0x1837</value>
         <object_component_ref idref="oc-337"/>
      </symbol>
      <symbol id="sm-412">
         <name>strncpy</name>
         <value>0x1541</value>
         <object_component_ref idref="oc-33d"/>
      </symbol>
      <symbol id="sm-422">
         <name>unlink</name>
         <value>0x16d5</value>
         <object_component_ref idref="oc-2bf"/>
      </symbol>
      <symbol id="sm-433">
         <name>HOSTclose</name>
         <value>0x13b9</value>
         <object_component_ref idref="oc-385"/>
      </symbol>
      <symbol id="sm-444">
         <name>HOSTlseek</name>
         <value>0xf15</value>
         <object_component_ref idref="oc-397"/>
      </symbol>
      <symbol id="sm-456">
         <name>parmbuf</name>
         <value>0x200003b4</value>
      </symbol>
      <symbol id="sm-457">
         <name>HOSTopen</name>
         <value>0xfe5</value>
         <object_component_ref idref="oc-37f"/>
      </symbol>
      <symbol id="sm-468">
         <name>HOSTread</name>
         <value>0x1101</value>
         <object_component_ref idref="oc-38b"/>
      </symbol>
      <symbol id="sm-479">
         <name>HOSTrename</name>
         <value>0xea9</value>
         <object_component_ref idref="oc-3a3"/>
      </symbol>
      <symbol id="sm-491">
         <name>HOSTtime</name>
         <value>0x12e1</value>
         <object_component_ref idref="oc-200"/>
      </symbol>
      <symbol id="sm-4a2">
         <name>HOSTunlink</name>
         <value>0x13fd</value>
         <object_component_ref idref="oc-39d"/>
      </symbol>
      <symbol id="sm-4b3">
         <name>HOSTwrite</name>
         <value>0x1159</value>
         <object_component_ref idref="oc-391"/>
      </symbol>
      <symbol id="sm-4d7">
         <name>__TI_readmsg</name>
         <value>0x15e1</value>
         <object_component_ref idref="oc-293"/>
      </symbol>
      <symbol id="sm-4d8">
         <name>C$$IO$$</name>
         <value>0x1537</value>
         <object_component_ref idref="oc-28d"/>
      </symbol>
      <symbol id="sm-4d9">
         <name>__CIOBUF_</name>
         <value>0x200001f4</value>
         <object_component_ref idref="oc-305"/>
      </symbol>
      <symbol id="sm-4da">
         <name>__TI_writemsg</name>
         <value>0x1509</value>
         <object_component_ref idref="oc-28d"/>
      </symbol>
      <symbol id="sm-4e8">
         <name>strcpy</name>
         <value>0x184d</value>
         <object_component_ref idref="oc-3cf"/>
      </symbol>
      <symbol id="sm-4f6">
         <name>strlen</name>
         <value>0x1861</value>
         <object_component_ref idref="oc-3be"/>
      </symbol>
      <symbol id="sm-541">
         <name>ADCProcessorTrigger</name>
         <value>0x17ef</value>
         <object_component_ref idref="oc-13e"/>
      </symbol>
      <symbol id="sm-542">
         <name>ADCSequenceEnable</name>
         <value>0x1899</value>
         <object_component_ref idref="oc-120"/>
      </symbol>
      <symbol id="sm-543">
         <name>ADCSequenceConfigure</name>
         <value>0x11b1</value>
         <object_component_ref idref="oc-114"/>
      </symbol>
      <symbol id="sm-544">
         <name>ADCSequenceStepConfigure</name>
         <value>0xd41</value>
         <object_component_ref idref="oc-11a"/>
      </symbol>
      <symbol id="sm-545">
         <name>ADCIntClear</name>
         <value>0x18c3</value>
         <object_component_ref idref="oc-126"/>
      </symbol>
      <symbol id="sm-546">
         <name>ADCIntStatus</name>
         <value>0x1679</value>
         <object_component_ref idref="oc-144"/>
      </symbol>
      <symbol id="sm-547">
         <name>ADCSequenceDataGet</name>
         <value>0x177d</value>
         <object_component_ref idref="oc-14a"/>
      </symbol>
      <symbol id="sm-591">
         <name>GPIOPinConfigure</name>
         <value>0x1299</value>
         <object_component_ref idref="oc-1c6"/>
      </symbol>
      <symbol id="sm-592">
         <name>GPIOPinTypeADC</name>
         <value>0x1875</value>
         <object_component_ref idref="oc-10e"/>
      </symbol>
      <symbol id="sm-593">
         <name>GPIOPinTypeUART</name>
         <value>0x1887</value>
         <object_component_ref idref="oc-1d2"/>
      </symbol>
      <symbol id="sm-594">
         <name>GPIOPinTypeGPIOOutput</name>
         <value>0x1807</value>
         <object_component_ref idref="oc-132"/>
      </symbol>
      <symbol id="sm-595">
         <name>GPIODirModeSet</name>
         <value>0x1701</value>
         <object_component_ref idref="oc-1ed"/>
      </symbol>
      <symbol id="sm-596">
         <name>GPIOPinWrite</name>
         <value>0x18cd</value>
         <object_component_ref idref="oc-138"/>
      </symbol>
      <symbol id="sm-597">
         <name>GPIOPadConfigSet</name>
         <value>0x621</value>
         <object_component_ref idref="oc-1f3"/>
      </symbol>
      <symbol id="sm-5eb">
         <name>SysCtlClockSet</name>
         <value>0x975</value>
         <object_component_ref idref="oc-f6"/>
      </symbol>
      <symbol id="sm-5ec">
         <name>SysCtlDelay</name>
         <value>0x18d9</value>
         <object_component_ref idref="oc-156"/>
      </symbol>
      <symbol id="sm-5ed">
         <name>SysCtlPeripheralEnable</name>
         <value>0x1579</value>
         <object_component_ref idref="oc-108"/>
      </symbol>
      <symbol id="sm-5ee">
         <name>SysCtlClockGet</name>
         <value>0x755</value>
         <object_component_ref idref="oc-150"/>
      </symbol>
      <symbol id="sm-5fb">
         <name>UARTClockSourceSet</name>
         <value>0x18df</value>
         <object_component_ref idref="oc-1cc"/>
      </symbol>
      <symbol id="sm-5fe">
         <name>__TI_static_base__</name>
         <value>0x0</value>
      </symbol>
      <symbol id="sm-601">
         <name>__mpu_init</name>
         <value>0x0</value>
      </symbol>
      <symbol id="sm-602">
         <name>_system_post_cinit</name>
         <value>0x0</value>
      </symbol>
      <symbol id="sm-603">
         <name>remove</name>
         <value>0x16d5</value>
      </symbol>
   </symbol_table>
   <title>Link successful</title>
</link_info>
