<?xml version="1.0" encoding="ISO-8859-1" ?>
<link_info>
   <banner>TI ARM Linker Unix v20.2.7.LTS</banner>
   <copyright>Copyright (c) 1996-2018 Texas Instruments Incorporated</copyright>
   <link_time>0x65b862b7</link_time>
   <link_errors>0x0</link_errors>
   <output_file>SUPR_HydroSensor.out</output_file>
   <entry_point>
      <name>_c_int00_noargs</name>
      <address>0x38e1</address>
   </entry_point>
   <input_file_list>
      <input_file id="fl-1">
         <path>./</path>
         <kind>object</kind>
         <file>adc_functions.obj</file>
         <name>adc_functions.obj</name>
      </input_file>
      <input_file id="fl-2">
         <path>./</path>
         <kind>object</kind>
         <file>cmdline.obj</file>
         <name>cmdline.obj</name>
      </input_file>
      <input_file id="fl-3">
         <path>./</path>
         <kind>object</kind>
         <file>flash_pb.obj</file>
         <name>flash_pb.obj</name>
      </input_file>
      <input_file id="fl-4">
         <path>./</path>
         <kind>object</kind>
         <file>main.obj</file>
         <name>main.obj</name>
      </input_file>
      <input_file id="fl-5">
         <path>./</path>
         <kind>object</kind>
         <file>random.obj</file>
         <name>random.obj</name>
      </input_file>
      <input_file id="fl-6">
         <path>./</path>
         <kind>object</kind>
         <file>softuart.obj</file>
         <name>softuart.obj</name>
      </input_file>
      <input_file id="fl-7">
         <path>./</path>
         <kind>object</kind>
         <file>spi_flash.obj</file>
         <name>spi_flash.obj</name>
      </input_file>
      <input_file id="fl-8">
         <path>./</path>
         <kind>object</kind>
         <file>startup_ccs.obj</file>
         <name>startup_ccs.obj</name>
      </input_file>
      <input_file id="fl-9">
         <path>./</path>
         <kind>object</kind>
         <file>storage_functions.obj</file>
         <name>storage_functions.obj</name>
      </input_file>
      <input_file id="fl-a">
         <path>./</path>
         <kind>object</kind>
         <file>uart_functions.obj</file>
         <name>uart_functions.obj</name>
      </input_file>
      <input_file id="fl-b">
         <path>./</path>
         <kind>object</kind>
         <file>uartstdio.obj</file>
         <name>uartstdio.obj</name>
      </input_file>
      <input_file id="fl-c">
         <path>./</path>
         <kind>object</kind>
         <file>ustdlib.obj</file>
         <name>ustdlib.obj</name>
      </input_file>
      <input_file id="fl-11">
         <kind>object</kind>
         <file>&lt;internal&gt;</file>
         <name>&lt;internal&gt;</name>
      </input_file>
      <input_file id="fl-c7">
         <path>/Applications/ti/ccs1240/ccs/tools/compiler/ti-cgt-arm_20.2.7.LTS/lib/</path>
         <kind>archive</kind>
         <file>rtsv7M4_T_le_v4SPD16_eabi.lib</file>
         <name>fprintf.c.obj</name>
      </input_file>
      <input_file id="fl-c8">
         <path>/Applications/ti/ccs1240/ccs/tools/compiler/ti-cgt-arm_20.2.7.LTS/lib/</path>
         <kind>archive</kind>
         <file>rtsv7M4_T_le_v4SPD16_eabi.lib</file>
         <name>_printfi.c.obj</name>
      </input_file>
      <input_file id="fl-c9">
         <path>/Applications/ti/ccs1240/ccs/tools/compiler/ti-cgt-arm_20.2.7.LTS/lib/</path>
         <kind>archive</kind>
         <file>rtsv7M4_T_le_v4SPD16_eabi.lib</file>
         <name>fclose.c.obj</name>
      </input_file>
      <input_file id="fl-ca">
         <path>/Applications/ti/ccs1240/ccs/tools/compiler/ti-cgt-arm_20.2.7.LTS/lib/</path>
         <kind>archive</kind>
         <file>rtsv7M4_T_le_v4SPD16_eabi.lib</file>
         <name>fflush.c.obj</name>
      </input_file>
      <input_file id="fl-cb">
         <path>/Applications/ti/ccs1240/ccs/tools/compiler/ti-cgt-arm_20.2.7.LTS/lib/</path>
         <kind>archive</kind>
         <file>rtsv7M4_T_le_v4SPD16_eabi.lib</file>
         <name>fopen.c.obj</name>
      </input_file>
      <input_file id="fl-cc">
         <path>/Applications/ti/ccs1240/ccs/tools/compiler/ti-cgt-arm_20.2.7.LTS/lib/</path>
         <kind>archive</kind>
         <file>rtsv7M4_T_le_v4SPD16_eabi.lib</file>
         <name>fputc.c.obj</name>
      </input_file>
      <input_file id="fl-cd">
         <path>/Applications/ti/ccs1240/ccs/tools/compiler/ti-cgt-arm_20.2.7.LTS/lib/</path>
         <kind>archive</kind>
         <file>rtsv7M4_T_le_v4SPD16_eabi.lib</file>
         <name>fputs.c.obj</name>
      </input_file>
      <input_file id="fl-ce">
         <path>/Applications/ti/ccs1240/ccs/tools/compiler/ti-cgt-arm_20.2.7.LTS/lib/</path>
         <kind>archive</kind>
         <file>rtsv7M4_T_le_v4SPD16_eabi.lib</file>
         <name>_io_perm.c.obj</name>
      </input_file>
      <input_file id="fl-cf">
         <path>/Applications/ti/ccs1240/ccs/tools/compiler/ti-cgt-arm_20.2.7.LTS/lib/</path>
         <kind>archive</kind>
         <file>rtsv7M4_T_le_v4SPD16_eabi.lib</file>
         <name>setvbuf.c.obj</name>
      </input_file>
      <input_file id="fl-d0">
         <path>/Applications/ti/ccs1240/ccs/tools/compiler/ti-cgt-arm_20.2.7.LTS/lib/</path>
         <kind>archive</kind>
         <file>rtsv7M4_T_le_v4SPD16_eabi.lib</file>
         <name>fd_add_t2.asm.obj</name>
      </input_file>
      <input_file id="fl-d1">
         <path>/Applications/ti/ccs1240/ccs/tools/compiler/ti-cgt-arm_20.2.7.LTS/lib/</path>
         <kind>archive</kind>
         <file>rtsv7M4_T_le_v4SPD16_eabi.lib</file>
         <name>fd_cmp_t2.asm.obj</name>
      </input_file>
      <input_file id="fl-d2">
         <path>/Applications/ti/ccs1240/ccs/tools/compiler/ti-cgt-arm_20.2.7.LTS/lib/</path>
         <kind>archive</kind>
         <file>rtsv7M4_T_le_v4SPD16_eabi.lib</file>
         <name>fd_div_t2.asm.obj</name>
      </input_file>
      <input_file id="fl-d3">
         <path>/Applications/ti/ccs1240/ccs/tools/compiler/ti-cgt-arm_20.2.7.LTS/lib/</path>
         <kind>archive</kind>
         <file>rtsv7M4_T_le_v4SPD16_eabi.lib</file>
         <name>fd_mul_t2.asm.obj</name>
      </input_file>
      <input_file id="fl-d4">
         <path>/Applications/ti/ccs1240/ccs/tools/compiler/ti-cgt-arm_20.2.7.LTS/lib/</path>
         <kind>archive</kind>
         <file>rtsv7M4_T_le_v4SPD16_eabi.lib</file>
         <name>fd_toi_t2.asm.obj</name>
      </input_file>
      <input_file id="fl-d5">
         <path>/Applications/ti/ccs1240/ccs/tools/compiler/ti-cgt-arm_20.2.7.LTS/lib/</path>
         <kind>archive</kind>
         <file>rtsv7M4_T_le_v4SPD16_eabi.lib</file>
         <name>i_tofd_t2.asm.obj</name>
      </input_file>
      <input_file id="fl-d6">
         <path>/Applications/ti/ccs1240/ccs/tools/compiler/ti-cgt-arm_20.2.7.LTS/lib/</path>
         <kind>archive</kind>
         <file>rtsv7M4_T_le_v4SPD16_eabi.lib</file>
         <name>memcpy_t2.asm.obj</name>
      </input_file>
      <input_file id="fl-d7">
         <path>/Applications/ti/ccs1240/ccs/tools/compiler/ti-cgt-arm_20.2.7.LTS/lib/</path>
         <kind>archive</kind>
         <file>rtsv7M4_T_le_v4SPD16_eabi.lib</file>
         <name>memset_t2.asm.obj</name>
      </input_file>
      <input_file id="fl-d8">
         <path>/Applications/ti/ccs1240/ccs/tools/compiler/ti-cgt-arm_20.2.7.LTS/lib/</path>
         <kind>archive</kind>
         <file>rtsv7M4_T_le_v4SPD16_eabi.lib</file>
         <name>u_divt2.asm.obj</name>
      </input_file>
      <input_file id="fl-d9">
         <path>/Applications/ti/ccs1240/ccs/tools/compiler/ti-cgt-arm_20.2.7.LTS/lib/</path>
         <kind>archive</kind>
         <file>rtsv7M4_T_le_v4SPD16_eabi.lib</file>
         <name>ull_div_t2.asm.obj</name>
      </input_file>
      <input_file id="fl-da">
         <path>/Applications/ti/ccs1240/ccs/tools/compiler/ti-cgt-arm_20.2.7.LTS/lib/</path>
         <kind>archive</kind>
         <file>rtsv7M4_T_le_v4SPD16_eabi.lib</file>
         <name>copy_zero_init.c.obj</name>
      </input_file>
      <input_file id="fl-db">
         <path>/Applications/ti/ccs1240/ccs/tools/compiler/ti-cgt-arm_20.2.7.LTS/lib/</path>
         <kind>archive</kind>
         <file>rtsv7M4_T_le_v4SPD16_eabi.lib</file>
         <name>copy_decompress_none.c.obj</name>
      </input_file>
      <input_file id="fl-dc">
         <path>/Applications/ti/ccs1240/ccs/tools/compiler/ti-cgt-arm_20.2.7.LTS/lib/</path>
         <kind>archive</kind>
         <file>rtsv7M4_T_le_v4SPD16_eabi.lib</file>
         <name>copy_decompress_lzss.c.obj</name>
      </input_file>
      <input_file id="fl-dd">
         <path>/Applications/ti/ccs1240/ccs/tools/compiler/ti-cgt-arm_20.2.7.LTS/lib/</path>
         <kind>archive</kind>
         <file>rtsv7M4_T_le_v4SPD16_eabi.lib</file>
         <name>exit.c.obj</name>
      </input_file>
      <input_file id="fl-de">
         <path>/Applications/ti/ccs1240/ccs/tools/compiler/ti-cgt-arm_20.2.7.LTS/lib/</path>
         <kind>archive</kind>
         <file>rtsv7M4_T_le_v4SPD16_eabi.lib</file>
         <name>_lock.c.obj</name>
      </input_file>
      <input_file id="fl-df">
         <path>/Applications/ti/ccs1240/ccs/tools/compiler/ti-cgt-arm_20.2.7.LTS/lib/</path>
         <kind>archive</kind>
         <file>rtsv7M4_T_le_v4SPD16_eabi.lib</file>
         <name>_ltoa.c.obj</name>
      </input_file>
      <input_file id="fl-e0">
         <path>/Applications/ti/ccs1240/ccs/tools/compiler/ti-cgt-arm_20.2.7.LTS/lib/</path>
         <kind>archive</kind>
         <file>rtsv7M4_T_le_v4SPD16_eabi.lib</file>
         <name>atoi.c.obj</name>
      </input_file>
      <input_file id="fl-e1">
         <path>/Applications/ti/ccs1240/ccs/tools/compiler/ti-cgt-arm_20.2.7.LTS/lib/</path>
         <kind>archive</kind>
         <file>rtsv7M4_T_le_v4SPD16_eabi.lib</file>
         <name>ctype.c.obj</name>
      </input_file>
      <input_file id="fl-e2">
         <path>/Applications/ti/ccs1240/ccs/tools/compiler/ti-cgt-arm_20.2.7.LTS/lib/</path>
         <kind>archive</kind>
         <file>rtsv7M4_T_le_v4SPD16_eabi.lib</file>
         <name>defs.c.obj</name>
      </input_file>
      <input_file id="fl-e3">
         <path>/Applications/ti/ccs1240/ccs/tools/compiler/ti-cgt-arm_20.2.7.LTS/lib/</path>
         <kind>archive</kind>
         <file>rtsv7M4_T_le_v4SPD16_eabi.lib</file>
         <name>memccpy.c.obj</name>
      </input_file>
      <input_file id="fl-e4">
         <path>/Applications/ti/ccs1240/ccs/tools/compiler/ti-cgt-arm_20.2.7.LTS/lib/</path>
         <kind>archive</kind>
         <file>rtsv7M4_T_le_v4SPD16_eabi.lib</file>
         <name>memchr.c.obj</name>
      </input_file>
      <input_file id="fl-e5">
         <path>/Applications/ti/ccs1240/ccs/tools/compiler/ti-cgt-arm_20.2.7.LTS/lib/</path>
         <kind>archive</kind>
         <file>rtsv7M4_T_le_v4SPD16_eabi.lib</file>
         <name>memory.c.obj</name>
      </input_file>
      <input_file id="fl-e6">
         <path>/Applications/ti/ccs1240/ccs/tools/compiler/ti-cgt-arm_20.2.7.LTS/lib/</path>
         <kind>archive</kind>
         <file>rtsv7M4_T_le_v4SPD16_eabi.lib</file>
         <name>strchr.c.obj</name>
      </input_file>
      <input_file id="fl-e7">
         <path>/Applications/ti/ccs1240/ccs/tools/compiler/ti-cgt-arm_20.2.7.LTS/lib/</path>
         <kind>archive</kind>
         <file>rtsv7M4_T_le_v4SPD16_eabi.lib</file>
         <name>strcmp.c.obj</name>
      </input_file>
      <input_file id="fl-e8">
         <path>/Applications/ti/ccs1240/ccs/tools/compiler/ti-cgt-arm_20.2.7.LTS/lib/</path>
         <kind>archive</kind>
         <file>rtsv7M4_T_le_v4SPD16_eabi.lib</file>
         <name>strlen.c.obj</name>
      </input_file>
      <input_file id="fl-e9">
         <path>/Applications/ti/ccs1240/ccs/tools/compiler/ti-cgt-arm_20.2.7.LTS/lib/</path>
         <kind>archive</kind>
         <file>rtsv7M4_T_le_v4SPD16_eabi.lib</file>
         <name>boot_cortex_m.c.obj</name>
      </input_file>
      <input_file id="fl-ea">
         <path>/Applications/ti/ccs1240/ccs/tools/compiler/ti-cgt-arm_20.2.7.LTS/lib/</path>
         <kind>archive</kind>
         <file>rtsv7M4_T_le_v4SPD16_eabi.lib</file>
         <name>write.c.obj</name>
      </input_file>
      <input_file id="fl-eb">
         <path>/Applications/ti/ccs1240/ccs/tools/compiler/ti-cgt-arm_20.2.7.LTS/lib/</path>
         <kind>archive</kind>
         <file>rtsv7M4_T_le_v4SPD16_eabi.lib</file>
         <name>host_device.c.obj</name>
      </input_file>
      <input_file id="fl-ec">
         <path>/Applications/ti/ccs1240/ccs/tools/compiler/ti-cgt-arm_20.2.7.LTS/lib/</path>
         <kind>archive</kind>
         <file>rtsv7M4_T_le_v4SPD16_eabi.lib</file>
         <name>remove.c.obj</name>
      </input_file>
      <input_file id="fl-ed">
         <path>/Applications/ti/ccs1240/ccs/tools/compiler/ti-cgt-arm_20.2.7.LTS/lib/</path>
         <kind>archive</kind>
         <file>rtsv7M4_T_le_v4SPD16_eabi.lib</file>
         <name>open.c.obj</name>
      </input_file>
      <input_file id="fl-ee">
         <path>/Applications/ti/ccs1240/ccs/tools/compiler/ti-cgt-arm_20.2.7.LTS/lib/</path>
         <kind>archive</kind>
         <file>rtsv7M4_T_le_v4SPD16_eabi.lib</file>
         <name>close.c.obj</name>
      </input_file>
      <input_file id="fl-ef">
         <path>/Applications/ti/ccs1240/ccs/tools/compiler/ti-cgt-arm_20.2.7.LTS/lib/</path>
         <kind>archive</kind>
         <file>rtsv7M4_T_le_v4SPD16_eabi.lib</file>
         <name>clock.c.obj</name>
      </input_file>
      <input_file id="fl-f0">
         <path>/Applications/ti/ccs1240/ccs/tools/compiler/ti-cgt-arm_20.2.7.LTS/lib/</path>
         <kind>archive</kind>
         <file>rtsv7M4_T_le_v4SPD16_eabi.lib</file>
         <name>errno.c.obj</name>
      </input_file>
      <input_file id="fl-f1">
         <path>/Applications/ti/ccs1240/ccs/tools/compiler/ti-cgt-arm_20.2.7.LTS/lib/</path>
         <kind>archive</kind>
         <file>rtsv7M4_T_le_v4SPD16_eabi.lib</file>
         <name>wcslen.c.obj</name>
      </input_file>
      <input_file id="fl-f2">
         <path>/Applications/ti/ccs1240/ccs/tools/compiler/ti-cgt-arm_20.2.7.LTS/lib/</path>
         <kind>archive</kind>
         <file>rtsv7M4_T_le_v4SPD16_eabi.lib</file>
         <name>s_frexp.c.obj</name>
      </input_file>
      <input_file id="fl-f3">
         <path>/Applications/ti/ccs1240/ccs/tools/compiler/ti-cgt-arm_20.2.7.LTS/lib/</path>
         <kind>archive</kind>
         <file>rtsv7M4_T_le_v4SPD16_eabi.lib</file>
         <name>s_scalbn.c.obj</name>
      </input_file>
      <input_file id="fl-f4">
         <path>/Applications/ti/ccs1240/ccs/tools/compiler/ti-cgt-arm_20.2.7.LTS/lib/</path>
         <kind>archive</kind>
         <file>rtsv7M4_T_le_v4SPD16_eabi.lib</file>
         <name>fseek.c.obj</name>
      </input_file>
      <input_file id="fl-f5">
         <path>/Applications/ti/ccs1240/ccs/tools/compiler/ti-cgt-arm_20.2.7.LTS/lib/</path>
         <kind>archive</kind>
         <file>rtsv7M4_T_le_v4SPD16_eabi.lib</file>
         <name>getdevice.c.obj</name>
      </input_file>
      <input_file id="fl-f6">
         <path>/Applications/ti/ccs1240/ccs/tools/compiler/ti-cgt-arm_20.2.7.LTS/lib/</path>
         <kind>archive</kind>
         <file>rtsv7M4_T_le_v4SPD16_eabi.lib</file>
         <name>div0.asm.obj</name>
      </input_file>
      <input_file id="fl-f7">
         <path>/Applications/ti/ccs1240/ccs/tools/compiler/ti-cgt-arm_20.2.7.LTS/lib/</path>
         <kind>archive</kind>
         <file>rtsv7M4_T_le_v4SPD16_eabi.lib</file>
         <name>autoinit.c.obj</name>
      </input_file>
      <input_file id="fl-f8">
         <path>/Applications/ti/ccs1240/ccs/tools/compiler/ti-cgt-arm_20.2.7.LTS/lib/</path>
         <kind>archive</kind>
         <file>rtsv7M4_T_le_v4SPD16_eabi.lib</file>
         <name>pre_init.c.obj</name>
      </input_file>
      <input_file id="fl-f9">
         <path>/Applications/ti/ccs1240/ccs/tools/compiler/ti-cgt-arm_20.2.7.LTS/lib/</path>
         <kind>archive</kind>
         <file>rtsv7M4_T_le_v4SPD16_eabi.lib</file>
         <name>cpy_tbl.c.obj</name>
      </input_file>
      <input_file id="fl-fa">
         <path>/Applications/ti/ccs1240/ccs/tools/compiler/ti-cgt-arm_20.2.7.LTS/lib/</path>
         <kind>archive</kind>
         <file>rtsv7M4_T_le_v4SPD16_eabi.lib</file>
         <name>args_main.c.obj</name>
      </input_file>
      <input_file id="fl-fb">
         <path>/Applications/ti/ccs1240/ccs/tools/compiler/ti-cgt-arm_20.2.7.LTS/lib/</path>
         <kind>archive</kind>
         <file>rtsv7M4_T_le_v4SPD16_eabi.lib</file>
         <name>strncpy.c.obj</name>
      </input_file>
      <input_file id="fl-fc">
         <path>/Applications/ti/ccs1240/ccs/tools/compiler/ti-cgt-arm_20.2.7.LTS/lib/</path>
         <kind>archive</kind>
         <file>rtsv7M4_T_le_v4SPD16_eabi.lib</file>
         <name>unlink.c.obj</name>
      </input_file>
      <input_file id="fl-fd">
         <path>/Applications/ti/ccs1240/ccs/tools/compiler/ti-cgt-arm_20.2.7.LTS/lib/</path>
         <kind>archive</kind>
         <file>rtsv7M4_T_le_v4SPD16_eabi.lib</file>
         <name>hostclock.c.obj</name>
      </input_file>
      <input_file id="fl-fe">
         <path>/Applications/ti/ccs1240/ccs/tools/compiler/ti-cgt-arm_20.2.7.LTS/lib/</path>
         <kind>archive</kind>
         <file>rtsv7M4_T_le_v4SPD16_eabi.lib</file>
         <name>hostclose.c.obj</name>
      </input_file>
      <input_file id="fl-ff">
         <path>/Applications/ti/ccs1240/ccs/tools/compiler/ti-cgt-arm_20.2.7.LTS/lib/</path>
         <kind>archive</kind>
         <file>rtsv7M4_T_le_v4SPD16_eabi.lib</file>
         <name>hostlseek.c.obj</name>
      </input_file>
      <input_file id="fl-100">
         <path>/Applications/ti/ccs1240/ccs/tools/compiler/ti-cgt-arm_20.2.7.LTS/lib/</path>
         <kind>archive</kind>
         <file>rtsv7M4_T_le_v4SPD16_eabi.lib</file>
         <name>hostopen.c.obj</name>
      </input_file>
      <input_file id="fl-101">
         <path>/Applications/ti/ccs1240/ccs/tools/compiler/ti-cgt-arm_20.2.7.LTS/lib/</path>
         <kind>archive</kind>
         <file>rtsv7M4_T_le_v4SPD16_eabi.lib</file>
         <name>hostread.c.obj</name>
      </input_file>
      <input_file id="fl-102">
         <path>/Applications/ti/ccs1240/ccs/tools/compiler/ti-cgt-arm_20.2.7.LTS/lib/</path>
         <kind>archive</kind>
         <file>rtsv7M4_T_le_v4SPD16_eabi.lib</file>
         <name>hostrename.c.obj</name>
      </input_file>
      <input_file id="fl-103">
         <path>/Applications/ti/ccs1240/ccs/tools/compiler/ti-cgt-arm_20.2.7.LTS/lib/</path>
         <kind>archive</kind>
         <file>rtsv7M4_T_le_v4SPD16_eabi.lib</file>
         <name>hostunlink.c.obj</name>
      </input_file>
      <input_file id="fl-104">
         <path>/Applications/ti/ccs1240/ccs/tools/compiler/ti-cgt-arm_20.2.7.LTS/lib/</path>
         <kind>archive</kind>
         <file>rtsv7M4_T_le_v4SPD16_eabi.lib</file>
         <name>hostwrite.c.obj</name>
      </input_file>
      <input_file id="fl-105">
         <path>/Applications/ti/ccs1240/ccs/tools/compiler/ti-cgt-arm_20.2.7.LTS/lib/</path>
         <kind>archive</kind>
         <file>rtsv7M4_T_le_v4SPD16_eabi.lib</file>
         <name>trgmsg.c.obj</name>
      </input_file>
      <input_file id="fl-106">
         <path>/Applications/ti/ccs1240/ccs/tools/compiler/ti-cgt-arm_20.2.7.LTS/lib/</path>
         <kind>archive</kind>
         <file>rtsv7M4_T_le_v4SPD16_eabi.lib</file>
         <name>lseek.c.obj</name>
      </input_file>
      <input_file id="fl-107">
         <path>/Applications/ti/ccs1240/ccs/tools/compiler/ti-cgt-arm_20.2.7.LTS/lib/</path>
         <kind>archive</kind>
         <file>rtsv7M4_T_le_v4SPD16_eabi.lib</file>
         <name>s_copysign.c.obj</name>
      </input_file>
      <input_file id="fl-108">
         <path>/Applications/ti/ccs1240/ccs/tools/compiler/ti-cgt-arm_20.2.7.LTS/lib/</path>
         <kind>archive</kind>
         <file>rtsv7M4_T_le_v4SPD16_eabi.lib</file>
         <name>strcpy.c.obj</name>
      </input_file>
      <input_file id="fl-109">
         <path>/Users/Tyler/ti/tivaware_c_series_2_1_4_178/driverlib/ccs/Debug/</path>
         <kind>archive</kind>
         <file>driverlib.lib</file>
         <name>adc.obj</name>
      </input_file>
      <input_file id="fl-10a">
         <path>/Users/Tyler/ti/tivaware_c_series_2_1_4_178/driverlib/ccs/Debug/</path>
         <kind>archive</kind>
         <file>driverlib.lib</file>
         <name>flash.obj</name>
      </input_file>
      <input_file id="fl-10b">
         <path>/Users/Tyler/ti/tivaware_c_series_2_1_4_178/driverlib/ccs/Debug/</path>
         <kind>archive</kind>
         <file>driverlib.lib</file>
         <name>gpio.obj</name>
      </input_file>
      <input_file id="fl-10c">
         <path>/Users/Tyler/ti/tivaware_c_series_2_1_4_178/driverlib/ccs/Debug/</path>
         <kind>archive</kind>
         <file>driverlib.lib</file>
         <name>interrupt.obj</name>
      </input_file>
      <input_file id="fl-10d">
         <path>/Users/Tyler/ti/tivaware_c_series_2_1_4_178/driverlib/ccs/Debug/</path>
         <kind>archive</kind>
         <file>driverlib.lib</file>
         <name>ssi.obj</name>
      </input_file>
      <input_file id="fl-10e">
         <path>/Users/Tyler/ti/tivaware_c_series_2_1_4_178/driverlib/ccs/Debug/</path>
         <kind>archive</kind>
         <file>driverlib.lib</file>
         <name>sysctl.obj</name>
      </input_file>
      <input_file id="fl-10f">
         <path>/Users/Tyler/ti/tivaware_c_series_2_1_4_178/driverlib/ccs/Debug/</path>
         <kind>archive</kind>
         <file>driverlib.lib</file>
         <name>uart.obj</name>
      </input_file>
      <input_file id="fl-110">
         <path>/Users/Tyler/ti/tivaware_c_series_2_1_4_178/driverlib/ccs/Debug/</path>
         <kind>archive</kind>
         <file>driverlib.lib</file>
         <name>udma.obj</name>
      </input_file>
      <input_file id="fl-111">
         <path>/Users/Tyler/ti/tivaware_c_series_2_1_4_178/driverlib/ccs/Debug/</path>
         <kind>archive</kind>
         <file>driverlib.lib</file>
         <name>cpu.obj</name>
      </input_file>
   </input_file_list>
   <object_component_list>
      <object_component id="oc-12">
         <name>.intvecs</name>
         <load_address>0x0</load_address>
         <run_address>0x0</run_address>
         <size>0x26c</size>
         <input_file_ref idref="fl-8"/>
      </object_component>
      <object_component id="oc-289">
         <name>.text:__TI_printfi</name>
         <load_address>0x26c</load_address>
         <run_address>0x26c</run_address>
         <size>0xa4e</size>
         <input_file_ref idref="fl-c8"/>
      </object_component>
      <object_component id="oc-36">
         <name>.text:FaultISR</name>
         <load_address>0xcba</load_address>
         <run_address>0xcba</run_address>
         <size>0x2</size>
         <input_file_ref idref="fl-8"/>
      </object_component>
      <object_component id="oc-347">
         <name>.text:_pconv_a</name>
         <load_address>0xcbc</load_address>
         <run_address>0xcbc</run_address>
         <size>0x270</size>
         <input_file_ref idref="fl-c8"/>
      </object_component>
      <object_component id="oc-246">
         <name>.text:UARTvprintf</name>
         <load_address>0xf2c</load_address>
         <run_address>0xf2c</run_address>
         <size>0x1ee</size>
         <input_file_ref idref="fl-b"/>
      </object_component>
      <object_component id="oc-3c">
         <name>.text:IntDefaultHandler</name>
         <load_address>0x111a</load_address>
         <run_address>0x111a</run_address>
         <size>0x2</size>
         <input_file_ref idref="fl-8"/>
      </object_component>
      <object_component id="oc-335">
         <name>.text:_pconv_g</name>
         <load_address>0x111c</load_address>
         <run_address>0x111c</run_address>
         <size>0x1d0</size>
         <input_file_ref idref="fl-c8"/>
      </object_component>
      <object_component id="oc-fc">
         <name>.text:getADC</name>
         <load_address>0x12ec</load_address>
         <run_address>0x12ec</run_address>
         <size>0x1cc</size>
         <input_file_ref idref="fl-1"/>
      </object_component>
      <object_component id="oc-3f0">
         <name>.text</name>
         <load_address>0x14b8</load_address>
         <run_address>0x14b8</run_address>
         <size>0x1b6</size>
         <input_file_ref idref="fl-d0"/>
      </object_component>
      <object_component id="oc-30">
         <name>.text:NmiSR</name>
         <load_address>0x166e</load_address>
         <run_address>0x166e</run_address>
         <size>0x2</size>
         <input_file_ref idref="fl-8"/>
      </object_component>
      <object_component id="oc-f6">
         <name>.text:configureADC</name>
         <load_address>0x1670</load_address>
         <run_address>0x1670</run_address>
         <size>0x154</size>
         <input_file_ref idref="fl-1"/>
      </object_component>
      <object_component id="oc-341">
         <name>.text:_pconv_e</name>
         <load_address>0x17c4</load_address>
         <run_address>0x17c4</run_address>
         <size>0x13c</size>
         <input_file_ref idref="fl-c8"/>
      </object_component>
      <object_component id="oc-3d6">
         <name>.text</name>
         <load_address>0x1900</load_address>
         <run_address>0x1900</run_address>
         <size>0x136</size>
         <input_file_ref idref="fl-d2"/>
      </object_component>
      <object_component id="oc-226">
         <name>.text:GPIOPadConfigSet</name>
         <load_address>0x1a36</load_address>
         <run_address>0x1a36</run_address>
         <size>0x132</size>
         <input_file_ref idref="fl-10b"/>
      </object_component>
      <object_component id="oc-402">
         <name>.text:fcvt</name>
         <load_address>0x1b68</load_address>
         <run_address>0x1b68</run_address>
         <size>0x124</size>
         <input_file_ref idref="fl-c8"/>
      </object_component>
      <object_component id="oc-36b">
         <name>.text:fputs</name>
         <load_address>0x1c8c</load_address>
         <run_address>0x1c8c</run_address>
         <size>0x114</size>
         <input_file_ref idref="fl-cd"/>
      </object_component>
      <object_component id="oc-1ad">
         <name>.text:SysCtlClockGet</name>
         <load_address>0x1da0</load_address>
         <run_address>0x1da0</run_address>
         <size>0x110</size>
         <input_file_ref idref="fl-10e"/>
      </object_component>
      <object_component id="oc-262">
         <name>.text:_openfile</name>
         <load_address>0x1eb0</load_address>
         <run_address>0x1eb0</run_address>
         <size>0x110</size>
         <input_file_ref idref="fl-cb"/>
      </object_component>
      <object_component id="oc-416">
         <name>.text:scalbn</name>
         <load_address>0x1fc0</load_address>
         <run_address>0x1fc0</run_address>
         <size>0x110</size>
         <input_file_ref idref="fl-f3"/>
      </object_component>
      <object_component id="oc-55b">
         <name>.text:aligned_alloc</name>
         <load_address>0x20d0</load_address>
         <run_address>0x20d0</run_address>
         <size>0x100</size>
         <input_file_ref idref="fl-e5"/>
      </object_component>
      <object_component id="oc-3d1">
         <name>.text</name>
         <load_address>0x21d0</load_address>
         <run_address>0x21d0</run_address>
         <size>0xfc</size>
         <input_file_ref idref="fl-d3"/>
      </object_component>
      <object_component id="oc-17d">
         <name>.text:SysCtlClockSet</name>
         <load_address>0x22cc</load_address>
         <run_address>0x22cc</run_address>
         <size>0xf4</size>
         <input_file_ref idref="fl-10e"/>
      </object_component>
      <object_component id="oc-384">
         <name>.text:free</name>
         <load_address>0x23c0</load_address>
         <run_address>0x23c0</run_address>
         <size>0xe4</size>
         <input_file_ref idref="fl-e5"/>
      </object_component>
      <object_component id="oc-4c0">
         <name>.text:setvbuf</name>
         <load_address>0x24a4</load_address>
         <run_address>0x24a4</run_address>
         <size>0xdc</size>
         <input_file_ref idref="fl-cf"/>
      </object_component>
      <object_component id="oc-2fd">
         <name>.text:open</name>
         <load_address>0x2580</load_address>
         <run_address>0x2580</run_address>
         <size>0xbc</size>
         <input_file_ref idref="fl-ed"/>
      </object_component>
      <object_component id="oc-32a">
         <name>.text:_ltostr</name>
         <load_address>0x263c</load_address>
         <run_address>0x263c</run_address>
         <size>0xb1</size>
         <input_file_ref idref="fl-c8"/>
      </object_component>
      <object_component id="oc-2af">
         <name>.text:_nop</name>
         <load_address>0x26ee</load_address>
         <run_address>0x26ee</run_address>
         <size>0x2</size>
         <input_file_ref idref="fl-de"/>
      </object_component>
      <object_component id="oc-1c0">
         <name>.text:fopen</name>
         <load_address>0x26f0</load_address>
         <run_address>0x26f0</run_address>
         <size>0x9c</size>
         <input_file_ref idref="fl-cb"/>
      </object_component>
      <object_component id="oc-50">
         <name>.text</name>
         <load_address>0x278c</load_address>
         <run_address>0x278c</run_address>
         <size>0x9c</size>
         <input_file_ref idref="fl-d6"/>
      </object_component>
      <object_component id="oc-257">
         <name>.text:UARTgets</name>
         <load_address>0x2828</load_address>
         <run_address>0x2828</run_address>
         <size>0x98</size>
         <input_file_ref idref="fl-b"/>
      </object_component>
      <object_component id="oc-3ca">
         <name>.text</name>
         <load_address>0x28c0</load_address>
         <run_address>0x28c0</run_address>
         <size>0x96</size>
         <input_file_ref idref="fl-d9"/>
      </object_component>
      <object_component id="oc-3aa">
         <name>.text</name>
         <load_address>0x2956</load_address>
         <run_address>0x2956</run_address>
         <size>0x2</size>
         <input_file_ref idref="fl-f6"/>
      </object_component>
      <object_component id="oc-372">
         <name>.text:fputc</name>
         <load_address>0x2958</load_address>
         <run_address>0x2958</run_address>
         <size>0x8c</size>
         <input_file_ref idref="fl-cc"/>
      </object_component>
      <object_component id="oc-330">
         <name>.text:__aeabi_cdcmple</name>
         <load_address>0x29e4</load_address>
         <run_address>0x29e4</run_address>
         <size>0x86</size>
         <input_file_ref idref="fl-d1"/>
      </object_component>
      <object_component id="oc-3db">
         <name>.text:__aeabi_cdrcmple</name>
         <load_address>0x2a6a</load_address>
         <run_address>0x2a6a</run_address>
         <size>0x86</size>
         <input_file_ref idref="fl-d1"/>
      </object_component>
      <object_component id="oc-1e5">
         <name>.text:fflush</name>
         <load_address>0x2af0</load_address>
         <run_address>0x2af0</run_address>
         <size>0x7c</size>
         <input_file_ref idref="fl-ca"/>
      </object_component>
      <object_component id="oc-18f">
         <name>.text:ADCSequenceStepConfigure</name>
         <load_address>0x2b6c</load_address>
         <run_address>0x2b6c</run_address>
         <size>0x7a</size>
         <input_file_ref idref="fl-109"/>
      </object_component>
      <object_component id="oc-ab">
         <name>.text</name>
         <load_address>0x2be6</load_address>
         <run_address>0x2be6</run_address>
         <size>0x7a</size>
         <input_file_ref idref="fl-d7"/>
      </object_component>
      <object_component id="oc-2a5">
         <name>.text:__TI_closefile</name>
         <load_address>0x2c60</load_address>
         <run_address>0x2c60</run_address>
         <size>0x74</size>
         <input_file_ref idref="fl-c9"/>
      </object_component>
      <object_component id="oc-f0">
         <name>.text:initConsole</name>
         <load_address>0x2cd4</load_address>
         <run_address>0x2cd4</run_address>
         <size>0x70</size>
         <input_file_ref idref="fl-a"/>
      </object_component>
      <object_component id="oc-576">
         <name>.text:split</name>
         <load_address>0x2d44</load_address>
         <run_address>0x2d44</run_address>
         <size>0x70</size>
         <input_file_ref idref="fl-e5"/>
      </object_component>
      <object_component id="oc-3fb">
         <name>.text:_mcpy</name>
         <load_address>0x2db4</load_address>
         <run_address>0x2db4</run_address>
         <size>0x6e</size>
         <input_file_ref idref="fl-c8"/>
      </object_component>
      <object_component id="oc-50b">
         <name>.text:HOSTrename</name>
         <load_address>0x2e24</load_address>
         <run_address>0x2e24</run_address>
         <size>0x6c</size>
         <input_file_ref idref="fl-102"/>
      </object_component>
      <object_component id="oc-4ff">
         <name>.text:HOSTlseek</name>
         <load_address>0x2e90</load_address>
         <run_address>0x2e90</run_address>
         <size>0x68</size>
         <input_file_ref idref="fl-ff"/>
      </object_component>
      <object_component id="oc-15">
         <name>.text:decompress:lzss:__TI_decompress_lzss</name>
         <load_address>0x2ef8</load_address>
         <run_address>0x2ef8</run_address>
         <size>0x68</size>
         <input_file_ref idref="fl-dc"/>
      </object_component>
      <object_component id="oc-1df">
         <name>.text:fprintf</name>
         <load_address>0x2f60</load_address>
         <run_address>0x2f60</run_address>
         <size>0x64</size>
         <input_file_ref idref="fl-c7"/>
      </object_component>
      <object_component id="oc-410">
         <name>.text:frexp</name>
         <load_address>0x2fc4</load_address>
         <run_address>0x2fc4</run_address>
         <size>0x64</size>
         <input_file_ref idref="fl-f2"/>
      </object_component>
      <object_component id="oc-4ba">
         <name>.text:fseek</name>
         <load_address>0x3028</load_address>
         <run_address>0x3028</run_address>
         <size>0x64</size>
         <input_file_ref idref="fl-f4"/>
      </object_component>
      <object_component id="oc-442">
         <name>.text:__TI_wrt_ok</name>
         <load_address>0x308c</load_address>
         <run_address>0x308c</run_address>
         <size>0x62</size>
         <input_file_ref idref="fl-ce"/>
      </object_component>
      <object_component id="oc-4e7">
         <name>.text:HOSTopen</name>
         <load_address>0x30f0</load_address>
         <run_address>0x30f0</run_address>
         <size>0x60</size>
         <input_file_ref idref="fl-100"/>
      </object_component>
      <object_component id="oc-16a">
         <name>.text:UARTStdioConfig</name>
         <load_address>0x3150</load_address>
         <run_address>0x3150</run_address>
         <size>0x60</size>
         <input_file_ref idref="fl-b"/>
      </object_component>
      <object_component id="oc-38a">
         <name>.text:close</name>
         <load_address>0x31b0</load_address>
         <run_address>0x31b0</run_address>
         <size>0x5c</size>
         <input_file_ref idref="fl-ee"/>
      </object_component>
      <object_component id="oc-4f3">
         <name>.text:HOSTread</name>
         <load_address>0x320c</load_address>
         <run_address>0x320c</run_address>
         <size>0x58</size>
         <input_file_ref idref="fl-101"/>
      </object_component>
      <object_component id="oc-4f9">
         <name>.text:HOSTwrite</name>
         <load_address>0x3264</load_address>
         <run_address>0x3264</run_address>
         <size>0x58</size>
         <input_file_ref idref="fl-104"/>
      </object_component>
      <object_component id="oc-33b">
         <name>.text:_pconv_f</name>
         <load_address>0x32bc</load_address>
         <run_address>0x32bc</run_address>
         <size>0x56</size>
         <input_file_ref idref="fl-c8"/>
      </object_component>
      <object_component id="oc-3e5">
         <name>.text:__TI_ltoa</name>
         <load_address>0x3312</load_address>
         <run_address>0x3312</run_address>
         <size>0x54</size>
         <input_file_ref idref="fl-df"/>
      </object_component>
      <object_component id="oc-3f5">
         <name>.text:_ecpy</name>
         <load_address>0x3366</load_address>
         <run_address>0x3366</run_address>
         <size>0x52</size>
         <input_file_ref idref="fl-c8"/>
      </object_component>
      <object_component id="oc-189">
         <name>.text:ADCSequenceConfigure</name>
         <load_address>0x33b8</load_address>
         <run_address>0x33b8</run_address>
         <size>0x50</size>
         <input_file_ref idref="fl-109"/>
      </object_component>
      <object_component id="oc-29d">
         <name>.text:__TI_doflush</name>
         <load_address>0x3408</load_address>
         <run_address>0x3408</run_address>
         <size>0x4c</size>
         <input_file_ref idref="fl-ca"/>
      </object_component>
      <object_component id="oc-25a">
         <name>.text:atoi</name>
         <load_address>0x3454</load_address>
         <run_address>0x3454</run_address>
         <size>0x4c</size>
         <input_file_ref idref="fl-e0"/>
      </object_component>
      <object_component id="oc-158">
         <name>.text:GPIOPinConfigure</name>
         <load_address>0x34a0</load_address>
         <run_address>0x34a0</run_address>
         <size>0x48</size>
         <input_file_ref idref="fl-10b"/>
      </object_component>
      <object_component id="oc-1d8">
         <name>.text:HOSTclock</name>
         <load_address>0x34e8</load_address>
         <run_address>0x34e8</run_address>
         <size>0x48</size>
         <input_file_ref idref="fl-fd"/>
      </object_component>
      <object_component id="oc-2e8">
         <name>.text:UARTwrite</name>
         <load_address>0x3530</load_address>
         <run_address>0x3530</run_address>
         <size>0x48</size>
         <input_file_ref idref="fl-b"/>
      </object_component>
      <object_component id="oc-109">
         <name>.text:exit</name>
         <load_address>0x3578</load_address>
         <run_address>0x3578</run_address>
         <size>0x48</size>
         <input_file_ref idref="fl-dd"/>
      </object_component>
      <object_component id="oc-3e0">
         <name>.text</name>
         <load_address>0x35c0</load_address>
         <run_address>0x35c0</run_address>
         <size>0x48</size>
         <input_file_ref idref="fl-d4"/>
      </object_component>
      <object_component id="oc-4ed">
         <name>.text:HOSTclose</name>
         <load_address>0x3608</load_address>
         <run_address>0x3608</run_address>
         <size>0x44</size>
         <input_file_ref idref="fl-fe"/>
      </object_component>
      <object_component id="oc-505">
         <name>.text:HOSTunlink</name>
         <load_address>0x364c</load_address>
         <run_address>0x364c</run_address>
         <size>0x44</size>
         <input_file_ref idref="fl-103"/>
      </object_component>
      <object_component id="oc-10f">
         <name>.text:__TI_auto_init_nobinit_nopinit:__TI_auto_init_nobinit_nopinit</name>
         <load_address>0x3690</load_address>
         <run_address>0x3690</run_address>
         <size>0x44</size>
         <input_file_ref idref="fl-f7"/>
      </object_component>
      <object_component id="oc-3b5">
         <name>.text:getdevice</name>
         <load_address>0x36d4</load_address>
         <run_address>0x36d4</run_address>
         <size>0x44</size>
         <input_file_ref idref="fl-f5"/>
      </object_component>
      <object_component id="oc-2ee">
         <name>.text</name>
         <load_address>0x3718</load_address>
         <run_address>0x3718</run_address>
         <size>0x40</size>
         <input_file_ref idref="fl-d8"/>
      </object_component>
      <object_component id="oc-1ba">
         <name>.text:GetUserInput</name>
         <load_address>0x3758</load_address>
         <run_address>0x3758</run_address>
         <size>0x3e</size>
         <input_file_ref idref="fl-a"/>
      </object_component>
      <object_component id="oc-408">
         <name>.text:_fcpy</name>
         <load_address>0x3796</load_address>
         <run_address>0x3796</run_address>
         <size>0x3e</size>
         <input_file_ref idref="fl-c8"/>
      </object_component>
      <object_component id="oc-274">
         <name>.text:__TI_writemsg</name>
         <load_address>0x37d4</load_address>
         <run_address>0x37d4</run_address>
         <size>0x38</size>
         <input_file_ref idref="fl-105"/>
      </object_component>
      <object_component id="oc-468">
         <name>.text:strncpy</name>
         <load_address>0x380c</load_address>
         <run_address>0x380c</run_address>
         <size>0x36</size>
         <input_file_ref idref="fl-fb"/>
      </object_component>
      <object_component id="oc-152">
         <name>.text:SysCtlPeripheralEnable</name>
         <load_address>0x3844</load_address>
         <run_address>0x3844</run_address>
         <size>0x34</size>
         <input_file_ref idref="fl-10e"/>
      </object_component>
      <object_component id="oc-303">
         <name>.text:__TI_cleanup</name>
         <load_address>0x3878</load_address>
         <run_address>0x3878</run_address>
         <size>0x34</size>
         <input_file_ref idref="fl-cb"/>
      </object_component>
      <object_component id="oc-27a">
         <name>.text:__TI_readmsg</name>
         <load_address>0x38ac</load_address>
         <run_address>0x38ac</run_address>
         <size>0x34</size>
         <input_file_ref idref="fl-105"/>
      </object_component>
      <object_component id="oc-6e">
         <name>.text:_c_int00_noargs:_c_int00_noargs</name>
         <load_address>0x38e0</load_address>
         <run_address>0x38e0</run_address>
         <size>0x34</size>
         <input_file_ref idref="fl-e9"/>
      </object_component>
      <object_component id="oc-46e">
         <name>.text:finddevice</name>
         <load_address>0x3914</load_address>
         <run_address>0x3914</run_address>
         <size>0x30</size>
         <input_file_ref idref="fl-f5"/>
      </object_component>
      <object_component id="oc-1cc">
         <name>.text:ADCIntStatus</name>
         <load_address>0x3944</load_address>
         <run_address>0x3944</run_address>
         <size>0x2e</size>
         <input_file_ref idref="fl-109"/>
      </object_component>
      <object_component id="oc-3eb">
         <name>.text</name>
         <load_address>0x3972</load_address>
         <run_address>0x3972</run_address>
         <size>0x2e</size>
         <input_file_ref idref="fl-d5"/>
      </object_component>
      <object_component id="oc-1eb">
         <name>.text:fclose</name>
         <load_address>0x39a0</load_address>
         <run_address>0x39a0</run_address>
         <size>0x2c</size>
         <input_file_ref idref="fl-c9"/>
      </object_component>
      <object_component id="oc-390">
         <name>.text:unlink</name>
         <load_address>0x39cc</load_address>
         <run_address>0x39cc</run_address>
         <size>0x2c</size>
         <input_file_ref idref="fl-fc"/>
      </object_component>
      <object_component id="oc-220">
         <name>.text:GPIODirModeSet</name>
         <load_address>0x39f8</load_address>
         <run_address>0x39f8</run_address>
         <size>0x2a</size>
         <input_file_ref idref="fl-10b"/>
      </object_component>
      <object_component id="oc-45a">
         <name>.text:free_list_insert</name>
         <load_address>0x3a24</load_address>
         <run_address>0x3a24</run_address>
         <size>0x28</size>
         <input_file_ref idref="fl-e5"/>
      </object_component>
      <object_component id="oc-525">
         <name>.text:lseek</name>
         <load_address>0x3a4c</load_address>
         <run_address>0x3a4c</run_address>
         <size>0x28</size>
         <input_file_ref idref="fl-106"/>
      </object_component>
      <object_component id="oc-37b">
         <name>.text:write</name>
         <load_address>0x3a74</load_address>
         <run_address>0x3a74</run_address>
         <size>0x28</size>
         <input_file_ref idref="fl-ea"/>
      </object_component>
      <object_component id="oc-448">
         <name>.text:memchr</name>
         <load_address>0x3a9c</load_address>
         <run_address>0x3a9c</run_address>
         <size>0x20</size>
         <input_file_ref idref="fl-e4"/>
      </object_component>
      <object_component id="oc-1b3">
         <name>.text:ADCClockConfigGet</name>
         <load_address>0x3abc</load_address>
         <run_address>0x3abc</run_address>
         <size>0x1e</size>
         <input_file_ref idref="fl-109"/>
      </object_component>
      <object_component id="oc-1d2">
         <name>.text:ADCSequenceDataGet</name>
         <load_address>0x3ada</load_address>
         <run_address>0x3ada</run_address>
         <size>0x1e</size>
         <input_file_ref idref="fl-109"/>
      </object_component>
      <object_component id="oc-5c">
         <name>.text:decompress:ZI:__TI_zero_init_nomemset:__TI_zero_init_nomemset</name>
         <load_address>0x3af8</load_address>
         <run_address>0x3af8</run_address>
         <size>0x1c</size>
         <input_file_ref idref="fl-da"/>
      </object_component>
      <object_component id="oc-454">
         <name>.text:free_list_remove</name>
         <load_address>0x3b14</load_address>
         <run_address>0x3b14</run_address>
         <size>0x1c</size>
         <input_file_ref idref="fl-e5"/>
      </object_component>
      <object_component id="oc-34d">
         <name>.text:memccpy</name>
         <load_address>0x3b30</load_address>
         <run_address>0x3b30</run_address>
         <size>0x1c</size>
         <input_file_ref idref="fl-e3"/>
      </object_component>
      <object_component id="oc-1a7">
         <name>.text:UARTprintf</name>
         <load_address>0x3b4c</load_address>
         <run_address>0x3b4c</run_address>
         <size>0x1a</size>
         <input_file_ref idref="fl-b"/>
      </object_component>
      <object_component id="oc-49e">
         <name>.text:copysign</name>
         <load_address>0x3b66</load_address>
         <run_address>0x3b66</run_address>
         <size>0x1a</size>
         <input_file_ref idref="fl-107"/>
      </object_component>
      <object_component id="oc-1a1">
         <name>.text:ADCClockConfigSet</name>
         <load_address>0x3b80</load_address>
         <run_address>0x3b80</run_address>
         <size>0x18</size>
         <input_file_ref idref="fl-109"/>
      </object_component>
      <object_component id="oc-1c6">
         <name>.text:ADCProcessorTrigger</name>
         <load_address>0x3b98</load_address>
         <run_address>0x3b98</run_address>
         <size>0x18</size>
         <input_file_ref idref="fl-109"/>
      </object_component>
      <object_component id="oc-170">
         <name>.text:GPIOPinTypeGPIOOutput</name>
         <load_address>0x3bb0</load_address>
         <run_address>0x3bb0</run_address>
         <size>0x18</size>
         <input_file_ref idref="fl-10b"/>
      </object_component>
      <object_component id="oc-4e0">
         <name>.text:strcmp</name>
         <load_address>0x3bc8</load_address>
         <run_address>0x3bc8</run_address>
         <size>0x18</size>
         <input_file_ref idref="fl-e7"/>
      </object_component>
      <object_component id="oc-41c">
         <name>.text:strchr</name>
         <load_address>0x3be0</load_address>
         <run_address>0x3be0</run_address>
         <size>0x16</size>
         <input_file_ref idref="fl-e6"/>
      </object_component>
      <object_component id="oc-54f">
         <name>.text:strcpy</name>
         <load_address>0x3bf6</load_address>
         <run_address>0x3bf6</run_address>
         <size>0x14</size>
         <input_file_ref idref="fl-108"/>
      </object_component>
      <object_component id="oc-324">
         <name>.text:strlen</name>
         <load_address>0x3c0a</load_address>
         <run_address>0x3c0a</run_address>
         <size>0x14</size>
         <input_file_ref idref="fl-e8"/>
      </object_component>
      <object_component id="oc-183">
         <name>.text:GPIOPinTypeADC</name>
         <load_address>0x3c1e</load_address>
         <run_address>0x3c1e</run_address>
         <size>0x12</size>
         <input_file_ref idref="fl-10b"/>
      </object_component>
      <object_component id="oc-164">
         <name>.text:GPIOPinTypeUART</name>
         <load_address>0x3c30</load_address>
         <run_address>0x3c30</run_address>
         <size>0x12</size>
         <input_file_ref idref="fl-10b"/>
      </object_component>
      <object_component id="oc-b7">
         <name>.text:main</name>
         <load_address>0x3c42</load_address>
         <run_address>0x3c42</run_address>
         <size>0x12</size>
         <input_file_ref idref="fl-4"/>
      </object_component>
      <object_component id="oc-353">
         <name>.text:wcslen</name>
         <load_address>0x3c54</load_address>
         <run_address>0x3c54</run_address>
         <size>0x12</size>
         <input_file_ref idref="fl-f1"/>
      </object_component>
      <object_component id="oc-195">
         <name>.text:ADCSequenceEnable</name>
         <load_address>0x3c66</load_address>
         <run_address>0x3c66</run_address>
         <size>0xe</size>
         <input_file_ref idref="fl-109"/>
      </object_component>
      <object_component id="oc-1b">
         <name>.text:decompress:none:__TI_decompress_none</name>
         <load_address>0x3c74</load_address>
         <run_address>0x3c74</run_address>
         <size>0xe</size>
         <input_file_ref idref="fl-db"/>
      </object_component>
      <object_component id="oc-19b">
         <name>.text:ADCIntClear</name>
         <load_address>0x3c82</load_address>
         <run_address>0x3c82</run_address>
         <size>0xa</size>
         <input_file_ref idref="fl-109"/>
      </object_component>
      <object_component id="oc-359">
         <name>.text:__aeabi_errno_addr</name>
         <load_address>0x3c8c</load_address>
         <run_address>0x3c8c</run_address>
         <size>0x8</size>
         <input_file_ref idref="fl-f0"/>
      </object_component>
      <object_component id="oc-52d">
         <name>.text:malloc</name>
         <load_address>0x3c94</load_address>
         <run_address>0x3c94</run_address>
         <size>0x8</size>
         <input_file_ref idref="fl-e5"/>
      </object_component>
      <object_component id="oc-176">
         <name>.text:GPIOPinWrite</name>
         <load_address>0x3c9c</load_address>
         <run_address>0x3c9c</run_address>
         <size>0x6</size>
         <input_file_ref idref="fl-10b"/>
      </object_component>
      <object_component id="oc-2a">
         <name>.text:ResetISR</name>
         <load_address>0x3ca2</load_address>
         <run_address>0x3ca2</run_address>
         <size>0x6</size>
         <input_file_ref idref="fl-8"/>
      </object_component>
      <object_component id="oc-1de">
         <name>.text:SysCtlDelay</name>
         <load_address>0x3ca8</load_address>
         <run_address>0x3ca8</run_address>
         <size>0x6</size>
         <input_file_ref idref="fl-10e"/>
      </object_component>
      <object_component id="oc-15e">
         <name>.text:UARTClockSourceSet</name>
         <load_address>0x3cae</load_address>
         <run_address>0x3cae</run_address>
         <size>0x6</size>
         <input_file_ref idref="fl-10f"/>
      </object_component>
      <object_component id="oc-295">
         <name>.text:_outc</name>
         <load_address>0x3cb4</load_address>
         <run_address>0x3cb4</run_address>
         <size>0x4</size>
         <input_file_ref idref="fl-c7"/>
      </object_component>
      <object_component id="oc-28f">
         <name>.text:_outs</name>
         <load_address>0x3cb8</load_address>
         <run_address>0x3cb8</run_address>
         <size>0x4</size>
         <input_file_ref idref="fl-c7"/>
      </object_component>
      <object_component id="oc-b1">
         <name>.text:_system_pre_init</name>
         <load_address>0x3cbc</load_address>
         <run_address>0x3cbc</run_address>
         <size>0x4</size>
         <input_file_ref idref="fl-f8"/>
      </object_component>
      <object_component id="oc-103">
         <name>.text:abort:abort</name>
         <load_address>0x3cc0</load_address>
         <run_address>0x3cc0</run_address>
         <size>0x4</size>
         <input_file_ref idref="fl-dd"/>
      </object_component>
      <object_component id="oc-2f6">
         <name>.const:.string:_ctypes_</name>
         <load_address>0x3cc4</load_address>
         <run_address>0x3cc4</run_address>
         <size>0x101</size>
         <input_file_ref idref="fl-e1"/>
      </object_component>
      <object_component id="oc-219">
         <name>.const:g_pui32GPIOBaseAddrs</name>
         <load_address>0x3dc8</load_address>
         <run_address>0x3dc8</run_address>
         <size>0x90</size>
         <input_file_ref idref="fl-10b"/>
      </object_component>
      <object_component id="oc-252">
         <name>.const:g_pui32Xtals</name>
         <load_address>0x3e58</load_address>
         <run_address>0x3e58</run_address>
         <size>0x6c</size>
         <input_file_ref idref="fl-10e"/>
      </object_component>
      <object_component id="oc-230">
         <name>.const:g_ui32UARTBase</name>
         <load_address>0x3ec4</load_address>
         <run_address>0x3ec4</run_address>
         <size>0xc</size>
         <input_file_ref idref="fl-b"/>
      </object_component>
      <object_component id="oc-22d">
         <name>.const:g_ui32UARTPeriph</name>
         <load_address>0x3ed0</load_address>
         <run_address>0x3ed0</run_address>
         <size>0xc</size>
         <input_file_ref idref="fl-b"/>
      </object_component>
      <object_component id="oc-5ab">
         <name>.cinit..data.load</name>
         <load_address>0x3ee0</load_address>
         <run_address>0x3ee0</run_address>
         <size>0x69</size>
      </object_component>
      <object_component id="oc-5a9">
         <name>__TI_handler_table</name>
         <load_address>0x3f4c</load_address>
         <run_address>0x3f4c</run_address>
         <size>0xc</size>
      </object_component>
      <object_component id="oc-5ac">
         <name>.cinit..bss.load</name>
         <load_address>0x3f58</load_address>
         <run_address>0x3f58</run_address>
         <size>0x8</size>
      </object_component>
      <object_component id="oc-5aa">
         <name>__TI_cinit_table</name>
         <load_address>0x3f60</load_address>
         <run_address>0x3f60</run_address>
         <size>0x10</size>
      </object_component>
      <object_component id="oc-233">
         <name>.data</name>
         <load_address>0x200001e4</load_address>
         <run_address>0x200001e4</run_address>
         <size>0x5</size>
         <input_file_ref idref="fl-b"/>
      </object_component>
      <object_component id="oc-268">
         <name>.data</name>
         <load_address>0x200001f0</load_address>
         <run_address>0x200001f0</run_address>
         <size>0x4</size>
         <input_file_ref idref="fl-cb"/>
      </object_component>
      <object_component id="oc-1f3">
         <name>.data:$O1$$</name>
         <load_address>0x200001c8</load_address>
         <run_address>0x200001c8</run_address>
         <size>0xc</size>
         <input_file_ref idref="fl-dd"/>
      </object_component>
      <object_component id="oc-1f6">
         <name>.data:$O1$$</name>
         <load_address>0x200001d4</load_address>
         <run_address>0x200001d4</run_address>
         <size>0x8</size>
         <input_file_ref idref="fl-de"/>
      </object_component>
      <object_component id="oc-269">
         <name>.data:_ftable</name>
         <load_address>0x20000000</load_address>
         <run_address>0x20000000</run_address>
         <size>0xf0</size>
         <input_file_ref idref="fl-e2"/>
      </object_component>
      <object_component id="oc-26c">
         <name>.data</name>
         <load_address>0x200001b8</load_address>
         <run_address>0x200001b8</run_address>
         <size>0x10</size>
         <input_file_ref idref="fl-e2"/>
      </object_component>
      <object_component id="oc-4d0">
         <name>.data:$O1$$</name>
         <load_address>0x200001dc</load_address>
         <run_address>0x200001dc</run_address>
         <size>0x8</size>
         <input_file_ref idref="fl-e5"/>
      </object_component>
      <object_component id="oc-474">
         <name>.data:_device</name>
         <load_address>0x200000f0</load_address>
         <run_address>0x200000f0</run_address>
         <size>0x78</size>
         <input_file_ref idref="fl-eb"/>
      </object_component>
      <object_component id="oc-3bc">
         <name>.data:_stream</name>
         <load_address>0x20000168</load_address>
         <run_address>0x20000168</run_address>
         <size>0x50</size>
         <input_file_ref idref="fl-eb"/>
      </object_component>
      <object_component id="oc-3bb">
         <name>.data</name>
         <load_address>0x200001f4</load_address>
         <run_address>0x200001f4</run_address>
         <size>0x4</size>
         <input_file_ref idref="fl-ed"/>
      </object_component>
      <object_component id="oc-42c">
         <name>.data</name>
         <load_address>0x200001ec</load_address>
         <run_address>0x200001ec</run_address>
         <size>0x4</size>
         <input_file_ref idref="fl-f0"/>
      </object_component>
      <object_component id="oc-317">
         <name>.bss:_CIOBUF_</name>
         <uninitialized>true</uninitialized>
         <run_address>0x200001f8</run_address>
         <size>0x120</size>
         <input_file_ref idref="fl-105"/>
      </object_component>
      <object_component id="oc-396">
         <name>.common:__TI_tmpnams</name>
         <uninitialized>true</uninitialized>
         <run_address>0x20000318</run_address>
         <size>0xa0</size>
      </object_component>
      <object_component id="oc-280">
         <name>.common:parmbuf</name>
         <uninitialized>true</uninitialized>
         <run_address>0x200003b8</run_address>
         <size>0x8</size>
      </object_component>
      <object_component id="oc-24">
         <name>.sysmem</name>
         <uninitialized>true</uninitialized>
         <run_address>0x20000550</run_address>
         <size>0x10</size>
         <input_file_ref idref="fl-e5"/>
      </object_component>
      <object_component id="oc-5af">
         <name>.sysmem</name>
         <uninitialized>true</uninitialized>
         <run_address>0x20000550</run_address>
         <size>0x0</size>
      </object_component>
      <object_component id="oc-27">
         <name>.stack</name>
         <uninitialized>true</uninitialized>
         <run_address>0x200003c0</run_address>
         <size>0x4</size>
         <input_file_ref idref="fl-e9"/>
      </object_component>
      <object_component id="oc-5ae">
         <name>.stack</name>
         <uninitialized>true</uninitialized>
         <run_address>0x200003c0</run_address>
         <size>0x0</size>
      </object_component>
      <object_component id="oc-df">
         <name>.debug_info</name>
         <load_address>0x0</load_address>
         <run_address>0x0</run_address>
         <size>0x737</size>
         <input_file_ref idref="fl-1"/>
      </object_component>
      <object_component id="oc-fe">
         <name>.debug_info</name>
         <load_address>0x737</load_address>
         <run_address>0x737</run_address>
         <size>0x2e5</size>
         <input_file_ref idref="fl-1"/>
      </object_component>
      <object_component id="oc-f8">
         <name>.debug_info</name>
         <load_address>0xa1c</load_address>
         <run_address>0xa1c</run_address>
         <size>0x2e7</size>
         <input_file_ref idref="fl-1"/>
      </object_component>
      <object_component id="oc-8c">
         <name>.debug_info</name>
         <load_address>0xd03</load_address>
         <run_address>0xd03</run_address>
         <size>0x26b</size>
         <input_file_ref idref="fl-1"/>
      </object_component>
      <object_component id="oc-14d">
         <name>.debug_info</name>
         <load_address>0xf6e</load_address>
         <run_address>0xf6e</run_address>
         <size>0x17c</size>
         <input_file_ref idref="fl-1"/>
      </object_component>
      <object_component id="oc-da">
         <name>.debug_info</name>
         <load_address>0x10ea</load_address>
         <run_address>0x10ea</run_address>
         <size>0x8b</size>
         <input_file_ref idref="fl-1"/>
      </object_component>
      <object_component id="oc-d5">
         <name>.debug_info</name>
         <load_address>0x1175</load_address>
         <run_address>0x1175</run_address>
         <size>0x2a4</size>
         <input_file_ref idref="fl-1"/>
      </object_component>
      <object_component id="oc-91">
         <name>.debug_info</name>
         <load_address>0x1419</load_address>
         <run_address>0x1419</run_address>
         <size>0xbb</size>
         <input_file_ref idref="fl-1"/>
      </object_component>
      <object_component id="oc-143">
         <name>.debug_info</name>
         <load_address>0x14d4</load_address>
         <run_address>0x14d4</run_address>
         <size>0xcc</size>
         <input_file_ref idref="fl-1"/>
      </object_component>
      <object_component id="oc-24d">
         <name>.debug_info</name>
         <load_address>0x15a0</load_address>
         <run_address>0x15a0</run_address>
         <size>0x2c</size>
         <input_file_ref idref="fl-1"/>
      </object_component>
      <object_component id="oc-148">
         <name>.debug_info</name>
         <load_address>0x15cc</load_address>
         <run_address>0x15cc</run_address>
         <size>0x35</size>
         <input_file_ref idref="fl-1"/>
      </object_component>
      <object_component id="oc-4b">
         <name>.debug_info</name>
         <load_address>0x1601</load_address>
         <run_address>0x1601</run_address>
         <size>0x84</size>
         <input_file_ref idref="fl-2"/>
      </object_component>
      <object_component id="oc-e7">
         <name>.debug_info</name>
         <load_address>0x1685</load_address>
         <run_address>0x1685</run_address>
         <size>0x2c</size>
         <input_file_ref idref="fl-2"/>
      </object_component>
      <object_component id="oc-b8">
         <name>.debug_info</name>
         <load_address>0x16b1</load_address>
         <run_address>0x16b1</run_address>
         <size>0x12b</size>
         <input_file_ref idref="fl-4"/>
      </object_component>
      <object_component id="oc-44">
         <name>.debug_info</name>
         <load_address>0x17dc</load_address>
         <run_address>0x17dc</run_address>
         <size>0x2a3</size>
         <input_file_ref idref="fl-8"/>
      </object_component>
      <object_component id="oc-13">
         <name>.debug_info</name>
         <load_address>0x1a7f</load_address>
         <run_address>0x1a7f</run_address>
         <size>0xe2</size>
         <input_file_ref idref="fl-8"/>
      </object_component>
      <object_component id="oc-2e">
         <name>.debug_info</name>
         <load_address>0x1b61</load_address>
         <run_address>0x1b61</run_address>
         <size>0x113</size>
         <input_file_ref idref="fl-8"/>
      </object_component>
      <object_component id="oc-34">
         <name>.debug_info</name>
         <load_address>0x1c74</load_address>
         <run_address>0x1c74</run_address>
         <size>0x103</size>
         <input_file_ref idref="fl-8"/>
      </object_component>
      <object_component id="oc-40">
         <name>.debug_info</name>
         <load_address>0x1d77</load_address>
         <run_address>0x1d77</run_address>
         <size>0x11b</size>
         <input_file_ref idref="fl-8"/>
      </object_component>
      <object_component id="oc-3a">
         <name>.debug_info</name>
         <load_address>0x1e92</load_address>
         <run_address>0x1e92</run_address>
         <size>0x109</size>
         <input_file_ref idref="fl-8"/>
      </object_component>
      <object_component id="oc-261">
         <name>.debug_info</name>
         <load_address>0x1f9b</load_address>
         <run_address>0x1f9b</run_address>
         <size>0x4cf</size>
         <input_file_ref idref="fl-a"/>
      </object_component>
      <object_component id="oc-f2">
         <name>.debug_info</name>
         <load_address>0x246a</load_address>
         <run_address>0x246a</run_address>
         <size>0x21a</size>
         <input_file_ref idref="fl-a"/>
      </object_component>
      <object_component id="oc-1bc">
         <name>.debug_info</name>
         <load_address>0x2684</load_address>
         <run_address>0x2684</run_address>
         <size>0x16e</size>
         <input_file_ref idref="fl-a"/>
      </object_component>
      <object_component id="oc-23a">
         <name>.debug_info</name>
         <load_address>0x27f2</load_address>
         <run_address>0x27f2</run_address>
         <size>0x29a</size>
         <input_file_ref idref="fl-b"/>
      </object_component>
      <object_component id="oc-234">
         <name>.debug_info</name>
         <load_address>0x2a8c</load_address>
         <run_address>0x2a8c</run_address>
         <size>0xdb</size>
         <input_file_ref idref="fl-b"/>
      </object_component>
      <object_component id="oc-231">
         <name>.debug_info</name>
         <load_address>0x2b67</load_address>
         <run_address>0x2b67</run_address>
         <size>0xe3</size>
         <input_file_ref idref="fl-b"/>
      </object_component>
      <object_component id="oc-22e">
         <name>.debug_info</name>
         <load_address>0x2c4a</load_address>
         <run_address>0x2c4a</run_address>
         <size>0xe7</size>
         <input_file_ref idref="fl-b"/>
      </object_component>
      <object_component id="oc-2e9">
         <name>.debug_info</name>
         <load_address>0x2d31</load_address>
         <run_address>0x2d31</run_address>
         <size>0x188</size>
         <input_file_ref idref="fl-b"/>
      </object_component>
      <object_component id="oc-247">
         <name>.debug_info</name>
         <load_address>0x2eb9</load_address>
         <run_address>0x2eb9</run_address>
         <size>0x2ba</size>
         <input_file_ref idref="fl-b"/>
      </object_component>
      <object_component id="oc-1a8">
         <name>.debug_info</name>
         <load_address>0x3173</load_address>
         <run_address>0x3173</run_address>
         <size>0x155</size>
         <input_file_ref idref="fl-b"/>
      </object_component>
      <object_component id="oc-236">
         <name>.debug_info</name>
         <load_address>0x32c8</load_address>
         <run_address>0x32c8</run_address>
         <size>0x1d3</size>
         <input_file_ref idref="fl-b"/>
      </object_component>
      <object_component id="oc-16b">
         <name>.debug_info</name>
         <load_address>0x349b</load_address>
         <run_address>0x349b</run_address>
         <size>0x1eb</size>
         <input_file_ref idref="fl-b"/>
      </object_component>
      <object_component id="oc-29c">
         <name>.debug_info</name>
         <load_address>0x3686</load_address>
         <run_address>0x3686</run_address>
         <size>0x3c8</size>
         <input_file_ref idref="fl-c7"/>
      </object_component>
      <object_component id="oc-296">
         <name>.debug_info</name>
         <load_address>0x3a4e</load_address>
         <run_address>0x3a4e</run_address>
         <size>0x15a</size>
         <input_file_ref idref="fl-c7"/>
      </object_component>
      <object_component id="oc-290">
         <name>.debug_info</name>
         <load_address>0x3ba8</load_address>
         <run_address>0x3ba8</run_address>
         <size>0x169</size>
         <input_file_ref idref="fl-c7"/>
      </object_component>
      <object_component id="oc-1e0">
         <name>.debug_info</name>
         <load_address>0x3d11</load_address>
         <run_address>0x3d11</run_address>
         <size>0x1cf</size>
         <input_file_ref idref="fl-c7"/>
      </object_component>
      <object_component id="oc-312">
         <name>.debug_info</name>
         <load_address>0x3ee0</load_address>
         <run_address>0x3ee0</run_address>
         <size>0xb2</size>
         <input_file_ref idref="fl-c7"/>
      </object_component>
      <object_component id="oc-360">
         <name>.debug_info</name>
         <load_address>0x3f92</load_address>
         <run_address>0x3f92</run_address>
         <size>0x590</size>
         <input_file_ref idref="fl-c8"/>
      </object_component>
      <object_component id="oc-32c">
         <name>.debug_info</name>
         <load_address>0x4522</load_address>
         <run_address>0x4522</run_address>
         <size>0x21e</size>
         <input_file_ref idref="fl-c8"/>
      </object_component>
      <object_component id="oc-3f7">
         <name>.debug_info</name>
         <load_address>0x4740</load_address>
         <run_address>0x4740</run_address>
         <size>0x1b3</size>
         <input_file_ref idref="fl-c8"/>
      </object_component>
      <object_component id="oc-3fd">
         <name>.debug_info</name>
         <load_address>0x48f3</load_address>
         <run_address>0x48f3</run_address>
         <size>0x21b</size>
         <input_file_ref idref="fl-c8"/>
      </object_component>
      <object_component id="oc-337">
         <name>.debug_info</name>
         <load_address>0x4b0e</load_address>
         <run_address>0x4b0e</run_address>
         <size>0x3c0</size>
         <input_file_ref idref="fl-c8"/>
      </object_component>
      <object_component id="oc-404">
         <name>.debug_info</name>
         <load_address>0x4ece</load_address>
         <run_address>0x4ece</run_address>
         <size>0x30a</size>
         <input_file_ref idref="fl-c8"/>
      </object_component>
      <object_component id="oc-40a">
         <name>.debug_info</name>
         <load_address>0x51d8</load_address>
         <run_address>0x51d8</run_address>
         <size>0x215</size>
         <input_file_ref idref="fl-c8"/>
      </object_component>
      <object_component id="oc-33d">
         <name>.debug_info</name>
         <load_address>0x53ed</load_address>
         <run_address>0x53ed</run_address>
         <size>0x215</size>
         <input_file_ref idref="fl-c8"/>
      </object_component>
      <object_component id="oc-343">
         <name>.debug_info</name>
         <load_address>0x5602</load_address>
         <run_address>0x5602</run_address>
         <size>0x304</size>
         <input_file_ref idref="fl-c8"/>
      </object_component>
      <object_component id="oc-349">
         <name>.debug_info</name>
         <load_address>0x5906</load_address>
         <run_address>0x5906</run_address>
         <size>0x4b5</size>
         <input_file_ref idref="fl-c8"/>
      </object_component>
      <object_component id="oc-28d">
         <name>.debug_info</name>
         <load_address>0x5dbb</load_address>
         <run_address>0x5dbb</run_address>
         <size>0x5f4</size>
         <input_file_ref idref="fl-c8"/>
      </object_component>
      <object_component id="oc-361">
         <name>.debug_info</name>
         <load_address>0x63af</load_address>
         <run_address>0x63af</run_address>
         <size>0x86</size>
         <input_file_ref idref="fl-c8"/>
      </object_component>
      <object_component id="oc-438">
         <name>.debug_info</name>
         <load_address>0x6435</load_address>
         <run_address>0x6435</run_address>
         <size>0x39</size>
         <input_file_ref idref="fl-c8"/>
      </object_component>
      <object_component id="oc-4b5">
         <name>.debug_info</name>
         <load_address>0x646e</load_address>
         <run_address>0x646e</run_address>
         <size>0xb6</size>
         <input_file_ref idref="fl-c8"/>
      </object_component>
      <object_component id="oc-43d">
         <name>.debug_info</name>
         <load_address>0x6524</load_address>
         <run_address>0x6524</run_address>
         <size>0x46</size>
         <input_file_ref idref="fl-c8"/>
      </object_component>
      <object_component id="oc-366">
         <name>.debug_info</name>
         <load_address>0x656a</load_address>
         <run_address>0x656a</run_address>
         <size>0x46</size>
         <input_file_ref idref="fl-c8"/>
      </object_component>
      <object_component id="oc-433">
         <name>.debug_info</name>
         <load_address>0x65b0</load_address>
         <run_address>0x65b0</run_address>
         <size>0x2c</size>
         <input_file_ref idref="fl-c8"/>
      </object_component>
      <object_component id="oc-2ac">
         <name>.debug_info</name>
         <load_address>0x65dc</load_address>
         <run_address>0x65dc</run_address>
         <size>0x3a5</size>
         <input_file_ref idref="fl-c9"/>
      </object_component>
      <object_component id="oc-2a7">
         <name>.debug_info</name>
         <load_address>0x6981</load_address>
         <run_address>0x6981</run_address>
         <size>0x1f3</size>
         <input_file_ref idref="fl-c9"/>
      </object_component>
      <object_component id="oc-1ec">
         <name>.debug_info</name>
         <load_address>0x6b74</load_address>
         <run_address>0x6b74</run_address>
         <size>0x19d</size>
         <input_file_ref idref="fl-c9"/>
      </object_component>
      <object_component id="oc-2a4">
         <name>.debug_info</name>
         <load_address>0x6d11</load_address>
         <run_address>0x6d11</run_address>
         <size>0x347</size>
         <input_file_ref idref="fl-ca"/>
      </object_component>
      <object_component id="oc-2a0">
         <name>.debug_info</name>
         <load_address>0x7058</load_address>
         <run_address>0x7058</run_address>
         <size>0x18a</size>
         <input_file_ref idref="fl-ca"/>
      </object_component>
      <object_component id="oc-1e8">
         <name>.debug_info</name>
         <load_address>0x71e2</load_address>
         <run_address>0x71e2</run_address>
         <size>0x1c8</size>
         <input_file_ref idref="fl-ca"/>
      </object_component>
      <object_component id="oc-270">
         <name>.debug_info</name>
         <load_address>0x73aa</load_address>
         <run_address>0x73aa</run_address>
         <size>0x3f5</size>
         <input_file_ref idref="fl-cb"/>
      </object_component>
      <object_component id="oc-265">
         <name>.debug_info</name>
         <load_address>0x779f</load_address>
         <run_address>0x779f</run_address>
         <size>0x20e</size>
         <input_file_ref idref="fl-cb"/>
      </object_component>
      <object_component id="oc-307">
         <name>.debug_info</name>
         <load_address>0x79ad</load_address>
         <run_address>0x79ad</run_address>
         <size>0x176</size>
         <input_file_ref idref="fl-cb"/>
      </object_component>
      <object_component id="oc-1c4">
         <name>.debug_info</name>
         <load_address>0x7b23</load_address>
         <run_address>0x7b23</run_address>
         <size>0x1cd</size>
         <input_file_ref idref="fl-cb"/>
      </object_component>
      <object_component id="oc-cb">
         <name>.debug_info</name>
         <load_address>0x7cf0</load_address>
         <run_address>0x7cf0</run_address>
         <size>0x2c</size>
         <input_file_ref idref="fl-cb"/>
      </object_component>
      <object_component id="oc-451">
         <name>.debug_info</name>
         <load_address>0x7d1c</load_address>
         <run_address>0x7d1c</run_address>
         <size>0x383</size>
         <input_file_ref idref="fl-cc"/>
      </object_component>
      <object_component id="oc-376">
         <name>.debug_info</name>
         <load_address>0x809f</load_address>
         <run_address>0x809f</run_address>
         <size>0x1ea</size>
         <input_file_ref idref="fl-cc"/>
      </object_component>
      <object_component id="oc-44f">
         <name>.debug_info</name>
         <load_address>0x8289</load_address>
         <run_address>0x8289</run_address>
         <size>0x3fc</size>
         <input_file_ref idref="fl-cd"/>
      </object_component>
      <object_component id="oc-36c">
         <name>.debug_info</name>
         <load_address>0x8685</load_address>
         <run_address>0x8685</run_address>
         <size>0x2e2</size>
         <input_file_ref idref="fl-cd"/>
      </object_component>
      <object_component id="oc-4c7">
         <name>.debug_info</name>
         <load_address>0x8967</load_address>
         <run_address>0x8967</run_address>
         <size>0x300</size>
         <input_file_ref idref="fl-ce"/>
      </object_component>
      <object_component id="oc-443">
         <name>.debug_info</name>
         <load_address>0x8c67</load_address>
         <run_address>0x8c67</run_address>
         <size>0x19c</size>
         <input_file_ref idref="fl-ce"/>
      </object_component>
      <object_component id="oc-535">
         <name>.debug_info</name>
         <load_address>0x8e03</load_address>
         <run_address>0x8e03</run_address>
         <size>0xbf</size>
         <input_file_ref idref="fl-ce"/>
      </object_component>
      <object_component id="oc-534">
         <name>.debug_info</name>
         <load_address>0x8ec2</load_address>
         <run_address>0x8ec2</run_address>
         <size>0x374</size>
         <input_file_ref idref="fl-cf"/>
      </object_component>
      <object_component id="oc-4c4">
         <name>.debug_info</name>
         <load_address>0x9236</load_address>
         <run_address>0x9236</run_address>
         <size>0x20b</size>
         <input_file_ref idref="fl-cf"/>
      </object_component>
      <object_component id="oc-3f3">
         <name>.debug_info</name>
         <load_address>0x9441</load_address>
         <run_address>0x9441</run_address>
         <size>0x14c</size>
         <input_file_ref idref="fl-d0"/>
      </object_component>
      <object_component id="oc-332">
         <name>.debug_info</name>
         <load_address>0x958d</load_address>
         <run_address>0x958d</run_address>
         <size>0x128</size>
         <input_file_ref idref="fl-d1"/>
      </object_component>
      <object_component id="oc-3de">
         <name>.debug_info</name>
         <load_address>0x96b5</load_address>
         <run_address>0x96b5</run_address>
         <size>0x12a</size>
         <input_file_ref idref="fl-d1"/>
      </object_component>
      <object_component id="oc-3d7">
         <name>.debug_info</name>
         <load_address>0x97df</load_address>
         <run_address>0x97df</run_address>
         <size>0x13a</size>
         <input_file_ref idref="fl-d2"/>
      </object_component>
      <object_component id="oc-3d2">
         <name>.debug_info</name>
         <load_address>0x9919</load_address>
         <run_address>0x9919</run_address>
         <size>0x13a</size>
         <input_file_ref idref="fl-d3"/>
      </object_component>
      <object_component id="oc-3e1">
         <name>.debug_info</name>
         <load_address>0x9a53</load_address>
         <run_address>0x9a53</run_address>
         <size>0x12e</size>
         <input_file_ref idref="fl-d4"/>
      </object_component>
      <object_component id="oc-3ec">
         <name>.debug_info</name>
         <load_address>0x9b81</load_address>
         <run_address>0x9b81</run_address>
         <size>0x12c</size>
[...]
         <object_component_ref idref="oc-1e5"/>
      </symbol>
      <symbol id="sm-394">
         <name>__TI_cleanup</name>
         <value>0x3879</value>
         <object_component_ref idref="oc-303"/>
      </symbol>
      <symbol id="sm-395">
         <name>fopen</name>
         <value>0x26f1</value>
         <object_component_ref idref="oc-1c0"/>
      </symbol>
      <symbol id="sm-3aa">
         <name>putc</name>
         <value>0x2959</value>
         <object_component_ref idref="oc-372"/>
      </symbol>
      <symbol id="sm-3ab">
         <name>fputc</name>
         <value>0x2959</value>
         <object_component_ref idref="oc-372"/>
      </symbol>
      <symbol id="sm-3c9">
         <name>fputs</name>
         <value>0x1c8d</value>
         <object_component_ref idref="oc-36b"/>
      </symbol>
      <symbol id="sm-3e1">
         <name>__TI_wrt_ok</name>
         <value>0x308d</value>
         <object_component_ref idref="oc-442"/>
      </symbol>
      <symbol id="sm-3fd">
         <name>setvbuf</name>
         <value>0x24a5</value>
         <object_component_ref idref="oc-4c0"/>
      </symbol>
      <symbol id="sm-414">
         <name>__aeabi_dsub</name>
         <value>0x14b9</value>
         <object_component_ref idref="oc-3f0"/>
      </symbol>
      <symbol id="sm-415">
         <name>__aeabi_dadd</name>
         <value>0x14c3</value>
         <object_component_ref idref="oc-3f0"/>
      </symbol>
      <symbol id="sm-437">
         <name>__aeabi_cdcmpeq</name>
         <value>0x29e5</value>
         <object_component_ref idref="oc-330"/>
      </symbol>
      <symbol id="sm-438">
         <name>__aeabi_cdcmple</name>
         <value>0x29e5</value>
         <object_component_ref idref="oc-330"/>
      </symbol>
      <symbol id="sm-439">
         <name>__aeabi_cdrcmple</name>
         <value>0x2a6b</value>
         <object_component_ref idref="oc-3db"/>
      </symbol>
      <symbol id="sm-44d">
         <name>__aeabi_ddiv</name>
         <value>0x1901</value>
         <object_component_ref idref="oc-3d6"/>
      </symbol>
      <symbol id="sm-458">
         <name>__aeabi_dmul</name>
         <value>0x21d1</value>
         <object_component_ref idref="oc-3d1"/>
      </symbol>
      <symbol id="sm-462">
         <name>__aeabi_d2iz</name>
         <value>0x35c1</value>
         <object_component_ref idref="oc-3e0"/>
      </symbol>
      <symbol id="sm-46c">
         <name>__aeabi_i2d</name>
         <value>0x3973</value>
         <object_component_ref idref="oc-3eb"/>
      </symbol>
      <symbol id="sm-487">
         <name>memcpy</name>
         <value>0x278d</value>
         <object_component_ref idref="oc-50"/>
      </symbol>
      <symbol id="sm-488">
         <name>__aeabi_memcpy</name>
         <value>0x278d</value>
         <object_component_ref idref="oc-50"/>
      </symbol>
      <symbol id="sm-489">
         <name>__aeabi_memcpy8</name>
         <value>0x278d</value>
         <object_component_ref idref="oc-50"/>
      </symbol>
      <symbol id="sm-48a">
         <name>__aeabi_memcpy4</name>
         <value>0x278d</value>
         <object_component_ref idref="oc-50"/>
      </symbol>
      <symbol id="sm-499">
         <name>__aeabi_memset</name>
         <value>0x2be9</value>
         <object_component_ref idref="oc-ab"/>
      </symbol>
      <symbol id="sm-49a">
         <name>memset</name>
         <value>0x2bef</value>
         <object_component_ref idref="oc-ab"/>
      </symbol>
      <symbol id="sm-49b">
         <name>__aeabi_memset8</name>
         <value>0x2be9</value>
         <object_component_ref idref="oc-ab"/>
      </symbol>
      <symbol id="sm-49c">
         <name>__aeabi_memset4</name>
         <value>0x2be9</value>
         <object_component_ref idref="oc-ab"/>
      </symbol>
      <symbol id="sm-49d">
         <name>__aeabi_memclr8</name>
         <value>0x2be7</value>
         <object_component_ref idref="oc-ab"/>
      </symbol>
      <symbol id="sm-49e">
         <name>__aeabi_memclr4</name>
         <value>0x2be7</value>
         <object_component_ref idref="oc-ab"/>
      </symbol>
      <symbol id="sm-49f">
         <name>__aeabi_memclr</name>
         <value>0x2be7</value>
         <object_component_ref idref="oc-ab"/>
      </symbol>
      <symbol id="sm-4ae">
         <name>__aeabi_uidivmod</name>
         <value>0x3719</value>
         <object_component_ref idref="oc-2ee"/>
      </symbol>
      <symbol id="sm-4af">
         <name>__aeabi_uidiv</name>
         <value>0x3719</value>
         <object_component_ref idref="oc-2ee"/>
      </symbol>
      <symbol id="sm-4bc">
         <name>__aeabi_uldivmod</name>
         <value>0x28c1</value>
         <object_component_ref idref="oc-3ca"/>
      </symbol>
      <symbol id="sm-4d0">
         <name>__TI_zero_init_nomemset</name>
         <value>0x3af9</value>
         <object_component_ref idref="oc-5c"/>
      </symbol>
      <symbol id="sm-4e7">
         <name>__TI_decompress_none</name>
         <value>0x3c75</value>
         <object_component_ref idref="oc-1b"/>
      </symbol>
      <symbol id="sm-50a">
         <name>__TI_decompress_lzss</name>
         <value>0x2ef9</value>
         <object_component_ref idref="oc-15"/>
      </symbol>
      <symbol id="sm-530">
         <name>C$$EXIT</name>
         <value>0x3cc1</value>
         <object_component_ref idref="oc-103"/>
      </symbol>
      <symbol id="sm-531">
         <name>abort</name>
         <value>0x3cc1</value>
         <object_component_ref idref="oc-103"/>
      </symbol>
      <symbol id="sm-532">
         <name>__TI_dtors_ptr</name>
         <value>0x200001cc</value>
         <object_component_ref idref="oc-1f3"/>
      </symbol>
      <symbol id="sm-533">
         <name>__TI_cleanup_ptr</name>
         <value>0x200001c8</value>
         <object_component_ref idref="oc-1f3"/>
      </symbol>
      <symbol id="sm-534">
         <name>__TI_enable_exit_profile_output</name>
         <value>0x200001d0</value>
         <object_component_ref idref="oc-1f3"/>
      </symbol>
      <symbol id="sm-535">
         <name>exit</name>
         <value>0x3579</value>
         <object_component_ref idref="oc-109"/>
      </symbol>
      <symbol id="sm-54a">
         <name>_nop</name>
         <value>0x26ef</value>
         <object_component_ref idref="oc-2af"/>
      </symbol>
      <symbol id="sm-54b">
         <name>_lock</name>
         <value>0x200001d4</value>
         <object_component_ref idref="oc-1f6"/>
      </symbol>
      <symbol id="sm-54c">
         <name>_unlock</name>
         <value>0x200001d8</value>
         <object_component_ref idref="oc-1f6"/>
      </symbol>
      <symbol id="sm-55b">
         <name>__TI_ltoa</name>
         <value>0x3313</value>
         <object_component_ref idref="oc-3e5"/>
      </symbol>
      <symbol id="sm-571">
         <name>atoi</name>
         <value>0x3455</value>
         <object_component_ref idref="oc-25a"/>
      </symbol>
      <symbol id="sm-57c">
         <name>_ctypes_</name>
         <value>0x3cc4</value>
         <object_component_ref idref="oc-2f6"/>
      </symbol>
      <symbol id="sm-591">
         <name>__TI_tmpnams</name>
         <value>0x20000318</value>
      </symbol>
      <symbol id="sm-592">
         <name>__aeabi_stdout</name>
         <value>0x200001c0</value>
         <object_component_ref idref="oc-26c"/>
      </symbol>
      <symbol id="sm-593">
         <name>__aeabi_stderr</name>
         <value>0x200001c4</value>
         <object_component_ref idref="oc-26c"/>
      </symbol>
      <symbol id="sm-594">
         <name>__aeabi_stdin</name>
         <value>0x200001bc</value>
         <object_component_ref idref="oc-26c"/>
      </symbol>
      <symbol id="sm-595">
         <name>_ftable</name>
         <value>0x20000000</value>
         <object_component_ref idref="oc-269"/>
      </symbol>
      <symbol id="sm-596">
         <name>__TI_ft_end</name>
         <value>0x200001b8</value>
         <object_component_ref idref="oc-26c"/>
      </symbol>
      <symbol id="sm-5a6">
         <name>memccpy</name>
         <value>0x3b31</value>
         <object_component_ref idref="oc-34d"/>
      </symbol>
      <symbol id="sm-5b6">
         <name>memchr</name>
         <value>0x3a9d</value>
         <object_component_ref idref="oc-448"/>
      </symbol>
      <symbol id="sm-63a">
         <name>_sys_memory</name>
         <value>0x20000550</value>
         <object_component_ref idref="oc-24"/>
      </symbol>
      <symbol id="sm-63b">
         <name>free</name>
         <value>0x23c1</value>
         <object_component_ref idref="oc-384"/>
      </symbol>
      <symbol id="sm-63c">
         <name>memalign</name>
         <value>0x20d1</value>
         <object_component_ref idref="oc-55b"/>
      </symbol>
      <symbol id="sm-63d">
         <name>malloc</name>
         <value>0x3c95</value>
         <object_component_ref idref="oc-52d"/>
      </symbol>
      <symbol id="sm-63e">
         <name>aligned_alloc</name>
         <value>0x20d1</value>
         <object_component_ref idref="oc-55b"/>
      </symbol>
      <symbol id="sm-64e">
         <name>strchr</name>
         <value>0x3be1</value>
         <object_component_ref idref="oc-41c"/>
      </symbol>
      <symbol id="sm-65d">
         <name>strcmp</name>
         <value>0x3bc9</value>
         <object_component_ref idref="oc-4e0"/>
      </symbol>
      <symbol id="sm-66b">
         <name>strlen</name>
         <value>0x3c0b</value>
         <object_component_ref idref="oc-324"/>
      </symbol>
      <symbol id="sm-67e">
         <name>__stack</name>
         <value>0x200003c0</value>
         <object_component_ref idref="oc-27"/>
      </symbol>
      <symbol id="sm-67f">
         <name>_c_int00_noargs</name>
         <value>0x38e1</value>
         <object_component_ref idref="oc-6e"/>
      </symbol>
      <symbol id="sm-699">
         <name>write</name>
         <value>0x3a75</value>
         <object_component_ref idref="oc-37b"/>
      </symbol>
      <symbol id="sm-6aa">
         <name>_stream</name>
         <value>0x20000168</value>
         <object_component_ref idref="oc-3bc"/>
      </symbol>
      <symbol id="sm-6ab">
         <name>_device</name>
         <value>0x200000f0</value>
         <object_component_ref idref="oc-474"/>
      </symbol>
      <symbol id="sm-6c9">
         <name>open</name>
         <value>0x2581</value>
         <object_component_ref idref="oc-2fd"/>
      </symbol>
      <symbol id="sm-6dd">
         <name>close</name>
         <value>0x31b1</value>
         <object_component_ref idref="oc-38a"/>
      </symbol>
      <symbol id="sm-6f9">
         <name>__aeabi_errno_addr</name>
         <value>0x3c8d</value>
         <object_component_ref idref="oc-359"/>
      </symbol>
      <symbol id="sm-6fa">
         <name>errno</name>
         <value>0x200001ec</value>
         <object_component_ref idref="oc-42c"/>
      </symbol>
      <symbol id="sm-713">
         <name>wcslen</name>
         <value>0x3c55</value>
         <object_component_ref idref="oc-353"/>
      </symbol>
      <symbol id="sm-733">
         <name>frexpl</name>
         <value>0x2fc5</value>
         <object_component_ref idref="oc-410"/>
      </symbol>
      <symbol id="sm-734">
         <name>frexp</name>
         <value>0x2fc5</value>
         <object_component_ref idref="oc-410"/>
      </symbol>
      <symbol id="sm-751">
         <name>scalbn</name>
         <value>0x1fc1</value>
         <object_component_ref idref="oc-416"/>
      </symbol>
      <symbol id="sm-752">
         <name>scalbnl</name>
         <value>0x1fc1</value>
         <object_component_ref idref="oc-416"/>
      </symbol>
      <symbol id="sm-753">
         <name>ldexpl</name>
         <value>0x1fc1</value>
         <object_component_ref idref="oc-416"/>
      </symbol>
      <symbol id="sm-754">
         <name>ldexp</name>
         <value>0x1fc1</value>
         <object_component_ref idref="oc-416"/>
      </symbol>
      <symbol id="sm-766">
         <name>fseek</name>
         <value>0x3029</value>
         <object_component_ref idref="oc-4ba"/>
      </symbol>
      <symbol id="sm-789">
         <name>finddevice</name>
         <value>0x3915</value>
         <object_component_ref idref="oc-46e"/>
      </symbol>
      <symbol id="sm-78a">
         <name>getdevice</name>
         <value>0x36d5</value>
         <object_component_ref idref="oc-3b5"/>
      </symbol>
      <symbol id="sm-794">
         <name>__aeabi_idiv0</name>
         <value>0x2957</value>
         <object_component_ref idref="oc-3aa"/>
      </symbol>
      <symbol id="sm-795">
         <name>__aeabi_ldiv0</name>
         <value>0x2957</value>
         <object_component_ref idref="oc-3aa"/>
      </symbol>
      <symbol id="sm-7bd">
         <name>__TI_auto_init_nobinit_nopinit</name>
         <value>0x3691</value>
         <object_component_ref idref="oc-10f"/>
      </symbol>
      <symbol id="sm-7c7">
         <name>_system_pre_init</name>
         <value>0x3cbd</value>
         <object_component_ref idref="oc-b1"/>
      </symbol>
      <symbol id="sm-7d9">
         <name>strncpy</name>
         <value>0x380d</value>
         <object_component_ref idref="oc-468"/>
      </symbol>
      <symbol id="sm-7e9">
         <name>unlink</name>
         <value>0x39cd</value>
         <object_component_ref idref="oc-390"/>
      </symbol>
      <symbol id="sm-7fc">
         <name>HOSTclock</name>
         <value>0x34e9</value>
         <object_component_ref idref="oc-1d8"/>
      </symbol>
      <symbol id="sm-80d">
         <name>HOSTclose</name>
         <value>0x3609</value>
         <object_component_ref idref="oc-4ed"/>
      </symbol>
      <symbol id="sm-81e">
         <name>HOSTlseek</name>
         <value>0x2e91</value>
         <object_component_ref idref="oc-4ff"/>
      </symbol>
      <symbol id="sm-830">
         <name>parmbuf</name>
         <value>0x200003b8</value>
      </symbol>
      <symbol id="sm-831">
         <name>HOSTopen</name>
         <value>0x30f1</value>
         <object_component_ref idref="oc-4e7"/>
      </symbol>
      <symbol id="sm-842">
         <name>HOSTread</name>
         <value>0x320d</value>
         <object_component_ref idref="oc-4f3"/>
      </symbol>
      <symbol id="sm-853">
         <name>HOSTrename</name>
         <value>0x2e25</value>
         <object_component_ref idref="oc-50b"/>
      </symbol>
      <symbol id="sm-864">
         <name>HOSTunlink</name>
         <value>0x364d</value>
         <object_component_ref idref="oc-505"/>
      </symbol>
      <symbol id="sm-875">
         <name>HOSTwrite</name>
         <value>0x3265</value>
         <object_component_ref idref="oc-4f9"/>
      </symbol>
      <symbol id="sm-899">
         <name>__TI_readmsg</name>
         <value>0x38ad</value>
         <object_component_ref idref="oc-27a"/>
      </symbol>
      <symbol id="sm-89a">
         <name>C$$IO$$</name>
         <value>0x3803</value>
         <object_component_ref idref="oc-274"/>
      </symbol>
      <symbol id="sm-89b">
         <name>__CIOBUF_</name>
         <value>0x200001f8</value>
         <object_component_ref idref="oc-317"/>
      </symbol>
      <symbol id="sm-89c">
         <name>__TI_writemsg</name>
         <value>0x37d5</value>
         <object_component_ref idref="oc-274"/>
      </symbol>
      <symbol id="sm-8ac">
         <name>lseek</name>
         <value>0x3a4d</value>
         <object_component_ref idref="oc-525"/>
      </symbol>
      <symbol id="sm-8b6">
         <name>copysign</name>
         <value>0x3b67</value>
         <object_component_ref idref="oc-49e"/>
      </symbol>
      <symbol id="sm-8b7">
         <name>copysignl</name>
         <value>0x3b67</value>
         <object_component_ref idref="oc-49e"/>
      </symbol>
      <symbol id="sm-8c5">
         <name>strcpy</name>
         <value>0x3bf7</value>
         <object_component_ref idref="oc-54f"/>
      </symbol>
      <symbol id="sm-921">
         <name>ADCProcessorTrigger</name>
         <value>0x3b99</value>
         <object_component_ref idref="oc-1c6"/>
      </symbol>
      <symbol id="sm-922">
         <name>ADCSequenceEnable</name>
         <value>0x3c67</value>
         <object_component_ref idref="oc-195"/>
      </symbol>
      <symbol id="sm-923">
         <name>ADCClockConfigGet</name>
         <value>0x3abd</value>
         <object_component_ref idref="oc-1b3"/>
      </symbol>
      <symbol id="sm-924">
         <name>ADCSequenceConfigure</name>
         <value>0x33b9</value>
         <object_component_ref idref="oc-189"/>
      </symbol>
      <symbol id="sm-925">
         <name>ADCSequenceStepConfigure</name>
         <value>0x2b6d</value>
         <object_component_ref idref="oc-18f"/>
      </symbol>
      <symbol id="sm-926">
         <name>ADCIntClear</name>
         <value>0x3c83</value>
         <object_component_ref idref="oc-19b"/>
      </symbol>
      <symbol id="sm-927">
         <name>ADCIntStatus</name>
         <value>0x3945</value>
         <object_component_ref idref="oc-1cc"/>
      </symbol>
      <symbol id="sm-928">
         <name>ADCClockConfigSet</name>
         <value>0x3b81</value>
         <object_component_ref idref="oc-1a1"/>
      </symbol>
      <symbol id="sm-929">
         <name>ADCSequenceDataGet</name>
         <value>0x3adb</value>
         <object_component_ref idref="oc-1d2"/>
      </symbol>
      <symbol id="sm-974">
         <name>GPIOPinConfigure</name>
         <value>0x34a1</value>
         <object_component_ref idref="oc-158"/>
      </symbol>
      <symbol id="sm-975">
         <name>GPIOPinTypeADC</name>
         <value>0x3c1f</value>
         <object_component_ref idref="oc-183"/>
      </symbol>
      <symbol id="sm-976">
         <name>GPIOPinTypeUART</name>
         <value>0x3c31</value>
         <object_component_ref idref="oc-164"/>
      </symbol>
      <symbol id="sm-977">
         <name>GPIOPinTypeGPIOOutput</name>
         <value>0x3bb1</value>
         <object_component_ref idref="oc-170"/>
      </symbol>
      <symbol id="sm-978">
         <name>GPIODirModeSet</name>
         <value>0x39f9</value>
         <object_component_ref idref="oc-220"/>
      </symbol>
      <symbol id="sm-979">
         <name>GPIOPinWrite</name>
         <value>0x3c9d</value>
         <object_component_ref idref="oc-176"/>
      </symbol>
      <symbol id="sm-97a">
         <name>GPIOPadConfigSet</name>
         <value>0x1a37</value>
         <object_component_ref idref="oc-226"/>
      </symbol>
      <symbol id="sm-9ce">
         <name>SysCtlClockSet</name>
         <value>0x22cd</value>
         <object_component_ref idref="oc-17d"/>
      </symbol>
      <symbol id="sm-9cf">
         <name>SysCtlDelay</name>
         <value>0x3ca9</value>
         <object_component_ref idref="oc-1de"/>
      </symbol>
      <symbol id="sm-9d0">
         <name>SysCtlPeripheralEnable</name>
         <value>0x3845</value>
         <object_component_ref idref="oc-152"/>
      </symbol>
      <symbol id="sm-9d1">
         <name>SysCtlClockGet</name>
         <value>0x1da1</value>
         <object_component_ref idref="oc-1ad"/>
      </symbol>
      <symbol id="sm-9de">
         <name>UARTClockSourceSet</name>
         <value>0x3caf</value>
         <object_component_ref idref="oc-15e"/>
      </symbol>
      <symbol id="sm-9e1">
         <name>__TI_static_base__</name>
         <value>0x0</value>
      </symbol>
      <symbol id="sm-9e4">
         <name>__mpu_init</name>
         <value>0x0</value>
      </symbol>
      <symbol id="sm-9e5">
         <name>_system_post_cinit</name>
         <value>0x0</value>
      </symbol>
      <symbol id="sm-9e6">
         <name>remove</name>
         <value>0x39cd</value>
      </symbol>
      <symbol id="sm-9e7">
         <name>clock</name>
         <value>0x34e9</value>
      </symbol>
   </symbol_table>
   <title>Link successful</title>
</link_info>
